
===== 2026-10-03 15:11:34 Fm002_s0 =====
[Fm002_s0] device=mps params=475270 train=17084 val=2146 test=2158 pos_weight=[1.2489999532699585, 2.9010000228881836, 3.0810000896453857, 3.372999906539917, 7.061999797821045] git=dc6a2f781dd7358babecf8e50d60d05ae590ea97-dirty code=dcc1d16ecbee
[Fm002_s0] ep  1 loss 1.0349 val_auroc 0.8748 lr 2.00e-04 20s
[Fm002_s0] ep  2 loss 0.8674 val_auroc 0.8972 lr 4.00e-04 39s
[Fm002_s0] ep  3 loss 0.7898 val_auroc 0.9058 lr 5.00e-04 58s
[Fm002_s0] ep  4 loss 0.7642 val_auroc 0.9100 lr 4.99e-04 78s
[Fm002_s0] ep  5 loss 0.7469 val_auroc 0.9107 lr 4.97e-04 98s
[Fm002_s0] ep  6 loss 0.7394 val_auroc 0.9194 lr 4.93e-04 117s
[Fm002_s0] ep  7 loss 0.7335 val_auroc 0.9235 lr 4.89e-04 138s
[Fm002_s0] ep  8 loss 0.7244 val_auroc 0.9185 lr 4.84e-04 158s
[Fm002_s0] ep  9 loss 0.7198 val_auroc 0.9167 lr 4.77e-04 179s
[Fm002_s0] ep 10 loss 0.7161 val_auroc 0.9195 lr 4.70e-04 200s
[Fm002_s0] ep 11 loss 0.7070 val_auroc 0.9224 lr 4.62e-04 219s
[Fm002_s0] ep 12 loss 0.7066 val_auroc 0.9228 lr 4.52e-04 239s
[Fm002_s0] ep 13 loss 0.7096 val_auroc 0.9178 lr 4.42e-04 259s
[Fm002_s0] ep 14 loss 0.6996 val_auroc 0.9278 lr 4.31e-04 278s
[Fm002_s0] ep 15 loss 0.6967 val_auroc 0.9276 lr 4.19e-04 298s
[Fm002_s0] ep 16 loss 0.7003 val_auroc 0.9263 lr 4.07e-04 318s
[Fm002_s0] ep 17 loss 0.6914 val_auroc 0.9257 lr 3.94e-04 338s
[Fm002_s0] ep 18 loss 0.6941 val_auroc 0.9318 lr 3.80e-04 358s
[Fm002_s0] ep 19 loss 0.6998 val_auroc 0.9266 lr 3.65e-04 379s
[Fm002_s0] ep 20 loss 0.6820 val_auroc 0.9253 lr 3.50e-04 399s
[Fm002_s0] ep 21 loss 0.6836 val_auroc 0.9283 lr 3.35e-04 418s
[Fm002_s0] ep 22 loss 0.6854 val_auroc 0.9296 lr 3.19e-04 437s
[Fm002_s0] ep 23 loss 0.6827 val_auroc 0.9290 lr 3.03e-04 456s
[Fm002_s0] ep 24 loss 0.6720 val_auroc 0.9269 lr 2.87e-04 475s
[Fm002_s0] ep 25 loss 0.6746 val_auroc 0.9310 lr 2.71e-04 496s
[Fm002_s0] ep 26 loss 0.6623 val_auroc 0.9337 lr 2.54e-04 515s
[Fm002_s0] ep 27 loss 0.6620 val_auroc 0.9304 lr 2.38e-04 534s
[Fm002_s0] ep 28 loss 0.6525 val_auroc 0.9362 lr 2.21e-04 554s
[Fm002_s0] ep 29 loss 0.6558 val_auroc 0.9317 lr 2.05e-04 575s
[Fm002_s0] ep 30 loss 0.6651 val_auroc 0.9308 lr 1.89e-04 596s
[Fm002_s0] ep 31 loss 0.6544 val_auroc 0.9276 lr 1.73e-04 615s
[Fm002_s0] ep 32 loss 0.6494 val_auroc 0.9300 lr 1.57e-04 635s
[Fm002_s0] ep 33 loss 0.6442 val_auroc 0.9312 lr 1.42e-04 654s
[Fm002_s0] ep 34 loss 0.6460 val_auroc 0.9333 lr 1.27e-04 675s
[Fm002_s0] ep 35 loss 0.6433 val_auroc 0.9313 lr 1.13e-04 694s
[Fm002_s0] ep 36 loss 0.6402 val_auroc 0.9321 lr 9.97e-05 714s
[Fm002_s0] ep 37 loss 0.6286 val_auroc 0.9321 lr 8.69e-05 735s
[Fm002_s0] ep 38 loss 0.6331 val_auroc 0.9325 lr 7.47e-05 754s
[Fm002_s0] early stop at ep 38
[Fm002_s0] DONE best_ep 28 val 0.9362 test nan params 475270 time 754.0s

===== 2026-10-03 15:24:33 Fm010_s0 =====
[Fm010_s0] device=mps params=475270 train=17084 val=2146 test=2158 pos_weight=[1.2489999532699585, 2.9010000228881836, 3.0810000896453857, 3.372999906539917, 7.061999797821045] git=dc6a2f781dd7358babecf8e50d60d05ae590ea97-dirty code=616e60f13152
[Fm010_s0] ep  1 loss 1.0429 val_auroc 0.8748 lr 2.00e-04 18s
[Fm010_s0] ep  2 loss 0.8751 val_auroc 0.8968 lr 4.00e-04 36s
[Fm010_s0] ep  3 loss 0.7952 val_auroc 0.9071 lr 5.00e-04 53s
[Fm010_s0] ep  4 loss 0.7666 val_auroc 0.9091 lr 4.99e-04 71s
[Fm010_s0] ep  5 loss 0.7489 val_auroc 0.9110 lr 4.97e-04 88s
[Fm010_s0] ep  6 loss 0.7413 val_auroc 0.9167 lr 4.93e-04 105s
[Fm010_s0] ep  7 loss 0.7352 val_auroc 0.9211 lr 4.89e-04 123s
[Fm010_s0] ep  8 loss 0.7263 val_auroc 0.9172 lr 4.84e-04 140s
[Fm010_s0] ep  9 loss 0.7221 val_auroc 0.9192 lr 4.77e-04 158s
[Fm010_s0] ep 10 loss 0.7183 val_auroc 0.9198 lr 4.70e-04 175s
[Fm010_s0] ep 11 loss 0.7096 val_auroc 0.9212 lr 4.62e-04 193s
[Fm010_s0] ep 12 loss 0.7086 val_auroc 0.9228 lr 4.52e-04 210s
[Fm010_s0] ep 13 loss 0.7119 val_auroc 0.9138 lr 4.42e-04 227s
[Fm010_s0] ep 14 loss 0.7010 val_auroc 0.9269 lr 4.31e-04 245s
[Fm010_s0] ep 15 loss 0.6991 val_auroc 0.9262 lr 4.19e-04 262s
[Fm010_s0] ep 16 loss 0.7029 val_auroc 0.9257 lr 4.07e-04 280s
[Fm010_s0] ep 17 loss 0.6932 val_auroc 0.9238 lr 3.94e-04 297s
[Fm010_s0] ep 18 loss 0.6967 val_auroc 0.9317 lr 3.80e-04 315s
[Fm010_s0] ep 19 loss 0.7015 val_auroc 0.9262 lr 3.65e-04 332s
[Fm010_s0] ep 20 loss 0.6853 val_auroc 0.9272 lr 3.50e-04 349s
[Fm010_s0] ep 21 loss 0.6852 val_auroc 0.9288 lr 3.35e-04 367s
[Fm010_s0] ep 22 loss 0.6878 val_auroc 0.9274 lr 3.19e-04 384s
[Fm010_s0] ep 23 loss 0.6848 val_auroc 0.9281 lr 3.03e-04 402s
[Fm010_s0] ep 24 loss 0.6746 val_auroc 0.9258 lr 2.87e-04 419s
[Fm010_s0] ep 25 loss 0.6770 val_auroc 0.9309 lr 2.71e-04 436s
[Fm010_s0] ep 26 loss 0.6646 val_auroc 0.9334 lr 2.54e-04 454s
[Fm010_s0] ep 27 loss 0.6641 val_auroc 0.9315 lr 2.38e-04 471s
[Fm010_s0] ep 28 loss 0.6559 val_auroc 0.9350 lr 2.21e-04 489s
[Fm010_s0] ep 29 loss 0.6586 val_auroc 0.9304 lr 2.05e-04 506s
[Fm010_s0] ep 30 loss 0.6667 val_auroc 0.9306 lr 1.89e-04 525s
[Fm010_s0] ep 31 loss 0.6568 val_auroc 0.9266 lr 1.73e-04 544s
[Fm010_s0] ep 32 loss 0.6526 val_auroc 0.9302 lr 1.57e-04 562s
[Fm010_s0] ep 33 loss 0.6456 val_auroc 0.9329 lr 1.42e-04 581s
[Fm010_s0] ep 34 loss 0.6475 val_auroc 0.9331 lr 1.27e-04 600s
[Fm010_s0] ep 35 loss 0.6457 val_auroc 0.9316 lr 1.13e-04 619s
[Fm010_s0] ep 36 loss 0.6431 val_auroc 0.9334 lr 9.97e-05 638s
[Fm010_s0] ep 37 loss 0.6309 val_auroc 0.9323 lr 8.69e-05 656s
[Fm010_s0] ep 38 loss 0.6361 val_auroc 0.9324 lr 7.47e-05 675s
[Fm010_s0] early stop at ep 38
[Fm010_s0] DONE best_ep 28 val 0.9350 test nan params 475270 time 674.9s

===== 2026-10-03 15:36:11 Fws03_s0 =====
[Fws03_s0] device=mps params=475270 train=17084 val=2146 test=2158 pos_weight=[1.2489999532699585, 2.9010000228881836, 3.0810000896453857, 3.372999906539917, 7.061999797821045] git=dc6a2f781dd7358babecf8e50d60d05ae590ea97-dirty code=616e60f13152
[Fws03_s0] ep  1 loss 1.0460 val_auroc 0.8754 lr 2.00e-04 19s
[Fws03_s0] ep  2 loss 0.8688 val_auroc 0.8941 lr 4.00e-04 38s
[Fws03_s0] ep  3 loss 0.7909 val_auroc 0.9062 lr 5.00e-04 57s
[Fws03_s0] ep  4 loss 0.7659 val_auroc 0.9103 lr 4.99e-04 76s
[Fws03_s0] ep  5 loss 0.7484 val_auroc 0.9097 lr 4.97e-04 95s
[Fws03_s0] ep  6 loss 0.7407 val_auroc 0.9170 lr 4.93e-04 114s
[Fws03_s0] ep  7 loss 0.7350 val_auroc 0.9225 lr 4.89e-04 132s
[Fws03_s0] ep  8 loss 0.7246 val_auroc 0.9168 lr 4.84e-04 151s
[Fws03_s0] ep  9 loss 0.7188 val_auroc 0.9201 lr 4.77e-04 170s
[Fws03_s0] ep 10 loss 0.7171 val_auroc 0.9195 lr 4.70e-04 189s
[Fws03_s0] ep 11 loss 0.7083 val_auroc 0.9198 lr 4.62e-04 207s
[Fws03_s0] ep 12 loss 0.7080 val_auroc 0.9222 lr 4.52e-04 226s
[Fws03_s0] ep 13 loss 0.7114 val_auroc 0.9182 lr 4.42e-04 245s
[Fws03_s0] ep 14 loss 0.6996 val_auroc 0.9274 lr 4.31e-04 263s
[Fws03_s0] ep 15 loss 0.6991 val_auroc 0.9264 lr 4.19e-04 282s
[Fws03_s0] ep 16 loss 0.7028 val_auroc 0.9276 lr 4.07e-04 301s
[Fws03_s0] ep 17 loss 0.6922 val_auroc 0.9247 lr 3.94e-04 320s
[Fws03_s0] ep 18 loss 0.6960 val_auroc 0.9319 lr 3.80e-04 338s
[Fws03_s0] ep 19 loss 0.7012 val_auroc 0.9286 lr 3.65e-04 357s
[Fws03_s0] ep 20 loss 0.6842 val_auroc 0.9271 lr 3.50e-04 376s
[Fws03_s0] ep 21 loss 0.6846 val_auroc 0.9273 lr 3.35e-04 395s
[Fws03_s0] ep 22 loss 0.6879 val_auroc 0.9279 lr 3.19e-04 413s
[Fws03_s0] ep 23 loss 0.6845 val_auroc 0.9288 lr 3.03e-04 432s
[Fws03_s0] ep 24 loss 0.6737 val_auroc 0.9297 lr 2.87e-04 451s
[Fws03_s0] ep 25 loss 0.6760 val_auroc 0.9322 lr 2.71e-04 470s
[Fws03_s0] ep 26 loss 0.6632 val_auroc 0.9327 lr 2.54e-04 489s
[Fws03_s0] ep 27 loss 0.6619 val_auroc 0.9312 lr 2.38e-04 507s
[Fws03_s0] ep 28 loss 0.6564 val_auroc 0.9364 lr 2.21e-04 526s
[Fws03_s0] ep 29 loss 0.6565 val_auroc 0.9312 lr 2.05e-04 545s
[Fws03_s0] ep 30 loss 0.6656 val_auroc 0.9315 lr 1.89e-04 563s
[Fws03_s0] ep 31 loss 0.6573 val_auroc 0.9287 lr 1.73e-04 582s
[Fws03_s0] ep 32 loss 0.6507 val_auroc 0.9307 lr 1.57e-04 601s
[Fws03_s0] ep 33 loss 0.6456 val_auroc 0.9324 lr 1.42e-04 621s
[Fws03_s0] ep 34 loss 0.6481 val_auroc 0.9334 lr 1.27e-04 639s
[Fws03_s0] ep 35 loss 0.6455 val_auroc 0.9313 lr 1.13e-04 657s
[Fws03_s0] ep 36 loss 0.6427 val_auroc 0.9327 lr 9.97e-05 674s
[Fws03_s0] ep 37 loss 0.6306 val_auroc 0.9325 lr 8.69e-05 691s
[Fws03_s0] ep 38 loss 0.6350 val_auroc 0.9322 lr 7.47e-05 708s
[Fws03_s0] early stop at ep 38
[Fws03_s0] DONE best_ep 28 val 0.9364 test nan params 475270 time 708.4s

===== 2026-10-03 15:48:18 Fwc0_s0 =====
[Fwc0_s0] device=mps params=475270 train=17084 val=2146 test=2158 pos_weight=[1.2489999532699585, 2.9010000228881836, 3.0810000896453857, 3.372999906539917, 7.061999797821045] git=dc6a2f781dd7358babecf8e50d60d05ae590ea97-dirty code=616e60f13152
[Fwc0_s0] ep  1 loss 0.9418 val_auroc 0.8850 lr 2.00e-04 18s
[Fwc0_s0] ep  2 loss 0.8106 val_auroc 0.9016 lr 4.00e-04 35s
[Fwc0_s0] ep  3 loss 0.7567 val_auroc 0.9096 lr 5.00e-04 53s
[Fwc0_s0] ep  4 loss 0.7394 val_auroc 0.9137 lr 4.99e-04 70s
[Fwc0_s0] ep  5 loss 0.7192 val_auroc 0.9141 lr 4.97e-04 87s
[Fwc0_s0] ep  6 loss 0.7120 val_auroc 0.9192 lr 4.93e-04 105s
[Fwc0_s0] ep  7 loss 0.7064 val_auroc 0.9216 lr 4.89e-04 122s
[Fwc0_s0] ep  8 loss 0.6963 val_auroc 0.9213 lr 4.84e-04 140s
[Fwc0_s0] ep  9 loss 0.6924 val_auroc 0.9219 lr 4.77e-04 157s
[Fwc0_s0] ep 10 loss 0.6876 val_auroc 0.9216 lr 4.70e-04 174s
[Fwc0_s0] ep 11 loss 0.6788 val_auroc 0.9201 lr 4.62e-04 191s
[Fwc0_s0] ep 12 loss 0.6776 val_auroc 0.9236 lr 4.52e-04 209s
[Fwc0_s0] ep 13 loss 0.6815 val_auroc 0.9177 lr 4.42e-04 226s
[Fwc0_s0] ep 14 loss 0.6703 val_auroc 0.9296 lr 4.31e-04 244s
[Fwc0_s0] ep 15 loss 0.6691 val_auroc 0.9295 lr 4.19e-04 261s
[Fwc0_s0] ep 16 loss 0.6712 val_auroc 0.9270 lr 4.07e-04 278s
[Fwc0_s0] ep 17 loss 0.6605 val_auroc 0.9261 lr 3.94e-04 295s
[Fwc0_s0] ep 18 loss 0.6664 val_auroc 0.9320 lr 3.80e-04 313s
[Fwc0_s0] ep 19 loss 0.6704 val_auroc 0.9298 lr 3.65e-04 330s
[Fwc0_s0] ep 20 loss 0.6516 val_auroc 0.9263 lr 3.50e-04 347s
[Fwc0_s0] ep 21 loss 0.6529 val_auroc 0.9291 lr 3.35e-04 365s
[Fwc0_s0] ep 22 loss 0.6580 val_auroc 0.9296 lr 3.19e-04 382s
[Fwc0_s0] ep 23 loss 0.6528 val_auroc 0.9299 lr 3.03e-04 400s
[Fwc0_s0] ep 24 loss 0.6423 val_auroc 0.9291 lr 2.87e-04 417s
[Fwc0_s0] ep 25 loss 0.6429 val_auroc 0.9314 lr 2.71e-04 434s
[Fwc0_s0] ep 26 loss 0.6282 val_auroc 0.9325 lr 2.54e-04 451s
[Fwc0_s0] ep 27 loss 0.6281 val_auroc 0.9328 lr 2.38e-04 468s
[Fwc0_s0] ep 28 loss 0.6210 val_auroc 0.9360 lr 2.21e-04 486s
[Fwc0_s0] ep 29 loss 0.6212 val_auroc 0.9310 lr 2.05e-04 503s
[Fwc0_s0] ep 30 loss 0.6331 val_auroc 0.9315 lr 1.89e-04 520s
[Fwc0_s0] ep 31 loss 0.6209 val_auroc 0.9286 lr 1.73e-04 538s
[Fwc0_s0] ep 32 loss 0.6156 val_auroc 0.9305 lr 1.57e-04 555s
[Fwc0_s0] ep 33 loss 0.6115 val_auroc 0.9313 lr 1.42e-04 572s
[Fwc0_s0] ep 34 loss 0.6089 val_auroc 0.9328 lr 1.27e-04 590s
[Fwc0_s0] ep 35 loss 0.6083 val_auroc 0.9309 lr 1.13e-04 607s
[Fwc0_s0] ep 36 loss 0.6051 val_auroc 0.9304 lr 9.97e-05 625s
[Fwc0_s0] ep 37 loss 0.5913 val_auroc 0.9302 lr 8.69e-05 642s
[Fwc0_s0] ep 38 loss 0.5983 val_auroc 0.9311 lr 7.47e-05 659s
[Fwc0_s0] early stop at ep 38
[Fwc0_s0] DONE best_ep 28 val 0.9360 test nan params 475270 time 659.0s

===== 2026-10-03 15:59:36 B0augall_s0 =====
[B0augall_s0] device=mps params=473349 train=17084 val=2146 test=2158 pos_weight=[1.2489999532699585, 2.9010000228881836, 3.0810000896453857, 3.372999906539917, 7.061999797821045] git=dc6a2f781dd7358babecf8e50d60d05ae590ea97-dirty code=616e60f13152
[B0augall_s0] ep  1 loss 0.9323 val_auroc 0.8911 lr 2.00e-04 16s
[B0augall_s0] ep  2 loss 0.7950 val_auroc 0.9028 lr 4.00e-04 31s
[B0augall_s0] ep  3 loss 0.7480 val_auroc 0.9102 lr 5.00e-04 46s
[B0augall_s0] ep  4 loss 0.7335 val_auroc 0.9138 lr 4.99e-04 62s
[B0augall_s0] ep  5 loss 0.7146 val_auroc 0.9186 lr 4.97e-04 77s
[B0augall_s0] ep  6 loss 0.7079 val_auroc 0.9228 lr 4.93e-04 92s
[B0augall_s0] ep  7 loss 0.7023 val_auroc 0.9252 lr 4.89e-04 108s
[B0augall_s0] ep  8 loss 0.6939 val_auroc 0.9239 lr 4.84e-04 122s
[B0augall_s0] ep  9 loss 0.6866 val_auroc 0.9261 lr 4.77e-04 138s
[B0augall_s0] ep 10 loss 0.6874 val_auroc 0.9188 lr 4.70e-04 153s
[B0augall_s0] ep 11 loss 0.6764 val_auroc 0.9247 lr 4.62e-04 168s
[B0augall_s0] ep 12 loss 0.6747 val_auroc 0.9255 lr 4.52e-04 184s
[B0augall_s0] ep 13 loss 0.6794 val_auroc 0.9253 lr 4.42e-04 199s
[B0augall_s0] ep 14 loss 0.6677 val_auroc 0.9292 lr 4.31e-04 214s
[B0augall_s0] ep 15 loss 0.6672 val_auroc 0.9296 lr 4.19e-04 229s
[B0augall_s0] ep 16 loss 0.6708 val_auroc 0.9306 lr 4.07e-04 245s
[B0augall_s0] ep 17 loss 0.6636 val_auroc 0.9331 lr 3.94e-04 261s
[B0augall_s0] ep 18 loss 0.6653 val_auroc 0.9338 lr 3.80e-04 278s
[B0augall_s0] ep 19 loss 0.6709 val_auroc 0.9307 lr 3.65e-04 294s
[B0augall_s0] ep 20 loss 0.6536 val_auroc 0.9309 lr 3.50e-04 309s
[B0augall_s0] ep 21 loss 0.6537 val_auroc 0.9312 lr 3.35e-04 325s
[B0augall_s0] ep 22 loss 0.6597 val_auroc 0.9309 lr 3.19e-04 340s
[B0augall_s0] ep 23 loss 0.6530 val_auroc 0.9327 lr 3.03e-04 355s
[B0augall_s0] ep 24 loss 0.6437 val_auroc 0.9309 lr 2.87e-04 371s
[B0augall_s0] ep 25 loss 0.6461 val_auroc 0.9338 lr 2.71e-04 386s
[B0augall_s0] ep 26 loss 0.6292 val_auroc 0.9354 lr 2.54e-04 402s
[B0augall_s0] ep 27 loss 0.6311 val_auroc 0.9346 lr 2.38e-04 417s
[B0augall_s0] ep 28 loss 0.6218 val_auroc 0.9376 lr 2.21e-04 432s
[B0augall_s0] ep 29 loss 0.6268 val_auroc 0.9336 lr 2.05e-04 448s
[B0augall_s0] ep 30 loss 0.6367 val_auroc 0.9348 lr 1.89e-04 463s
[B0augall_s0] ep 31 loss 0.6264 val_auroc 0.9314 lr 1.73e-04 479s
[B0augall_s0] ep 32 loss 0.6221 val_auroc 0.9327 lr 1.57e-04 494s
[B0augall_s0] ep 33 loss 0.6157 val_auroc 0.9356 lr 1.42e-04 510s
[B0augall_s0] ep 34 loss 0.6187 val_auroc 0.9350 lr 1.27e-04 525s
[B0augall_s0] ep 35 loss 0.6182 val_auroc 0.9356 lr 1.13e-04 540s
[B0augall_s0] ep 36 loss 0.6137 val_auroc 0.9350 lr 9.97e-05 555s
[B0augall_s0] ep 37 loss 0.6002 val_auroc 0.9345 lr 8.69e-05 571s
[B0augall_s0] ep 38 loss 0.6074 val_auroc 0.9342 lr 7.47e-05 586s
[B0augall_s0] early stop at ep 38
[B0augall_s0] DONE best_ep 28 val 0.9376 test nan params 473349 time 586.3s

===== 2026-10-03 16:09:40 Fm002_s1 =====
[Fm002_s1] device=mps params=475270 train=17084 val=2146 test=2158 pos_weight=[1.2489999532699585, 2.9010000228881836, 3.0810000896453857, 3.372999906539917, 7.061999797821045] git=dc6a2f781dd7358babecf8e50d60d05ae590ea97-dirty code=616e60f13152
[Fm002_s1] ep  1 loss 1.0346 val_auroc 0.8750 lr 2.00e-04 20s
[Fm002_s1] ep  2 loss 0.8788 val_auroc 0.8917 lr 4.00e-04 39s
[Fm002_s1] ep  3 loss 0.8015 val_auroc 0.9054 lr 5.00e-04 59s
[Fm002_s1] ep  4 loss 0.7677 val_auroc 0.9084 lr 4.99e-04 78s
[Fm002_s1] ep  5 loss 0.7512 val_auroc 0.9131 lr 4.97e-04 97s
[Fm002_s1] ep  6 loss 0.7357 val_auroc 0.9143 lr 4.93e-04 116s
[Fm002_s1] ep  7 loss 0.7288 val_auroc 0.9187 lr 4.89e-04 136s
[Fm002_s1] ep  8 loss 0.7234 val_auroc 0.9112 lr 4.84e-04 155s
[Fm002_s1] ep  9 loss 0.7253 val_auroc 0.9203 lr 4.77e-04 174s
[Fm002_s1] ep 10 loss 0.7175 val_auroc 0.9196 lr 4.70e-04 194s
[Fm002_s1] ep 11 loss 0.7189 val_auroc 0.9218 lr 4.62e-04 213s
[Fm002_s1] ep 12 loss 0.7065 val_auroc 0.9214 lr 4.52e-04 232s
[Fm002_s1] ep 13 loss 0.6950 val_auroc 0.9242 lr 4.42e-04 252s
[Fm002_s1] ep 14 loss 0.7057 val_auroc 0.9246 lr 4.31e-04 270s
[Fm002_s1] ep 15 loss 0.7025 val_auroc 0.9241 lr 4.19e-04 290s
[Fm002_s1] ep 16 loss 0.6957 val_auroc 0.9246 lr 4.07e-04 309s
[Fm002_s1] ep 17 loss 0.6924 val_auroc 0.9243 lr 3.94e-04 329s
[Fm002_s1] ep 18 loss 0.6894 val_auroc 0.9281 lr 3.80e-04 348s
[Fm002_s1] ep 19 loss 0.6961 val_auroc 0.9268 lr 3.65e-04 367s
[Fm002_s1] ep 20 loss 0.6803 val_auroc 0.9269 lr 3.50e-04 387s
[Fm002_s1] ep 21 loss 0.6807 val_auroc 0.9279 lr 3.35e-04 407s
[Fm002_s1] ep 22 loss 0.6794 val_auroc 0.9290 lr 3.19e-04 425s
[Fm002_s1] ep 23 loss 0.6808 val_auroc 0.9290 lr 3.03e-04 442s
[Fm002_s1] ep 24 loss 0.6748 val_auroc 0.9261 lr 2.87e-04 459s
[Fm002_s1] ep 25 loss 0.6654 val_auroc 0.9297 lr 2.71e-04 477s
[Fm002_s1] ep 26 loss 0.6724 val_auroc 0.9288 lr 2.54e-04 494s
[Fm002_s1] ep 27 loss 0.6674 val_auroc 0.9320 lr 2.38e-04 512s
[Fm002_s1] ep 28 loss 0.6563 val_auroc 0.9324 lr 2.21e-04 529s
[Fm002_s1] ep 29 loss 0.6593 val_auroc 0.9345 lr 2.05e-04 546s
[Fm002_s1] ep 30 loss 0.6495 val_auroc 0.9297 lr 1.89e-04 564s
[Fm002_s1] ep 31 loss 0.6506 val_auroc 0.9298 lr 1.73e-04 581s
[Fm002_s1] ep 32 loss 0.6478 val_auroc 0.9295 lr 1.57e-04 598s
[Fm002_s1] ep 33 loss 0.6439 val_auroc 0.9283 lr 1.42e-04 616s
[Fm002_s1] ep 34 loss 0.6443 val_auroc 0.9297 lr 1.27e-04 633s
[Fm002_s1] ep 35 loss 0.6379 val_auroc 0.9318 lr 1.13e-04 650s
[Fm002_s1] ep 36 loss 0.6420 val_auroc 0.9307 lr 9.97e-05 668s
[Fm002_s1] ep 37 loss 0.6380 val_auroc 0.9293 lr 8.69e-05 685s
[Fm002_s1] ep 38 loss 0.6339 val_auroc 0.9312 lr 7.47e-05 702s
[Fm002_s1] ep 39 loss 0.6332 val_auroc 0.9298 lr 6.33e-05 720s
[Fm002_s1] early stop at ep 39
[Fm002_s1] DONE best_ep 29 val 0.9345 test nan params 475270 time 719.6s

===== 2026-10-03 16:21:59 Fm010_s1 =====
[Fm010_s1] device=mps params=475270 train=17084 val=2146 test=2158 pos_weight=[1.2489999532699585, 2.9010000228881836, 3.0810000896453857, 3.372999906539917, 7.061999797821045] git=dc6a2f781dd7358babecf8e50d60d05ae590ea97-dirty code=616e60f13152
[Fm010_s1] ep  1 loss 1.0426 val_auroc 0.8750 lr 2.00e-04 18s
[Fm010_s1] ep  2 loss 0.8867 val_auroc 0.8889 lr 4.00e-04 35s
[Fm010_s1] ep  3 loss 0.8058 val_auroc 0.9049 lr 5.00e-04 53s
[Fm010_s1] ep  4 loss 0.7689 val_auroc 0.9087 lr 4.99e-04 70s
[Fm010_s1] ep  5 loss 0.7533 val_auroc 0.9135 lr 4.97e-04 87s
[Fm010_s1] ep  6 loss 0.7376 val_auroc 0.9143 lr 4.93e-04 105s
[Fm010_s1] ep  7 loss 0.7314 val_auroc 0.9189 lr 4.89e-04 122s
[Fm010_s1] ep  8 loss 0.7261 val_auroc 0.9152 lr 4.84e-04 139s
[Fm010_s1] ep  9 loss 0.7268 val_auroc 0.9217 lr 4.77e-04 157s
[Fm010_s1] ep 10 loss 0.7189 val_auroc 0.9166 lr 4.70e-04 174s
[Fm010_s1] ep 11 loss 0.7207 val_auroc 0.9217 lr 4.62e-04 191s
[Fm010_s1] ep 12 loss 0.7088 val_auroc 0.9231 lr 4.52e-04 210s
[Fm010_s1] ep 13 loss 0.6964 val_auroc 0.9250 lr 4.42e-04 229s
[Fm010_s1] ep 14 loss 0.7083 val_auroc 0.9247 lr 4.31e-04 248s
[Fm010_s1] ep 15 loss 0.7054 val_auroc 0.9238 lr 4.19e-04 267s
[Fm010_s1] ep 16 loss 0.6978 val_auroc 0.9259 lr 4.07e-04 286s
[Fm010_s1] ep 17 loss 0.6952 val_auroc 0.9229 lr 3.94e-04 305s
[Fm010_s1] ep 18 loss 0.6912 val_auroc 0.9249 lr 3.80e-04 324s
[Fm010_s1] ep 19 loss 0.6981 val_auroc 0.9271 lr 3.65e-04 343s
[Fm010_s1] ep 20 loss 0.6830 val_auroc 0.9268 lr 3.50e-04 362s
[Fm010_s1] ep 21 loss 0.6823 val_auroc 0.9283 lr 3.35e-04 380s
[Fm010_s1] ep 22 loss 0.6812 val_auroc 0.9285 lr 3.19e-04 399s
[Fm010_s1] ep 23 loss 0.6831 val_auroc 0.9289 lr 3.03e-04 418s
[Fm010_s1] ep 24 loss 0.6762 val_auroc 0.9278 lr 2.87e-04 437s
[Fm010_s1] ep 25 loss 0.6674 val_auroc 0.9291 lr 2.71e-04 456s
[Fm010_s1] ep 26 loss 0.6732 val_auroc 0.9279 lr 2.54e-04 474s
[Fm010_s1] ep 27 loss 0.6693 val_auroc 0.9324 lr 2.38e-04 493s
[Fm010_s1] ep 28 loss 0.6582 val_auroc 0.9321 lr 2.21e-04 512s
[Fm010_s1] ep 29 loss 0.6619 val_auroc 0.9342 lr 2.05e-04 531s
[Fm010_s1] ep 30 loss 0.6518 val_auroc 0.9287 lr 1.89e-04 550s
[Fm010_s1] ep 31 loss 0.6529 val_auroc 0.9311 lr 1.73e-04 569s
[Fm010_s1] ep 32 loss 0.6493 val_auroc 0.9304 lr 1.57e-04 587s
[Fm010_s1] ep 33 loss 0.6451 val_auroc 0.9282 lr 1.42e-04 606s
[Fm010_s1] ep 34 loss 0.6466 val_auroc 0.9297 lr 1.27e-04 625s
[Fm010_s1] ep 35 loss 0.6406 val_auroc 0.9328 lr 1.13e-04 644s
[Fm010_s1] ep 36 loss 0.6438 val_auroc 0.9315 lr 9.97e-05 663s
[Fm010_s1] ep 37 loss 0.6416 val_auroc 0.9309 lr 8.69e-05 681s
[Fm010_s1] ep 38 loss 0.6343 val_auroc 0.9321 lr 7.47e-05 700s
[Fm010_s1] ep 39 loss 0.6343 val_auroc 0.9312 lr 6.33e-05 719s
[Fm010_s1] early stop at ep 39
[Fm010_s1] DONE best_ep 29 val 0.9342 test nan params 475270 time 719.3s

===== 2026-10-03 16:34:16 Fws03_s1 =====
[Fws03_s1] device=mps params=475270 train=17084 val=2146 test=2158 pos_weight=[1.2489999532699585, 2.9010000228881836, 3.0810000896453857, 3.372999906539917, 7.061999797821045] git=dc6a2f781dd7358babecf8e50d60d05ae590ea97-dirty code=616e60f13152
[Fws03_s1] ep  1 loss 1.0436 val_auroc 0.8732 lr 2.00e-04 20s
[Fws03_s1] ep  2 loss 0.8829 val_auroc 0.8900 lr 4.00e-04 39s
[Fws03_s1] ep  3 loss 0.8016 val_auroc 0.9075 lr 5.00e-04 58s
[Fws03_s1] ep  4 loss 0.7664 val_auroc 0.9091 lr 4.99e-04 77s
[Fws03_s1] ep  5 loss 0.7506 val_auroc 0.9123 lr 4.97e-04 97s
[Fws03_s1] ep  6 loss 0.7355 val_auroc 0.9160 lr 4.93e-04 116s
[Fws03_s1] ep  7 loss 0.7292 val_auroc 0.9167 lr 4.89e-04 135s
[Fws03_s1] ep  8 loss 0.7238 val_auroc 0.9174 lr 4.84e-04 154s
[Fws03_s1] ep  9 loss 0.7243 val_auroc 0.9181 lr 4.77e-04 173s
[Fws03_s1] ep 10 loss 0.7180 val_auroc 0.9171 lr 4.70e-04 192s
[Fws03_s1] ep 11 loss 0.7192 val_auroc 0.9217 lr 4.62e-04 211s
[Fws03_s1] ep 12 loss 0.7058 val_auroc 0.9206 lr 4.52e-04 230s
[Fws03_s1] ep 13 loss 0.6952 val_auroc 0.9257 lr 4.42e-04 249s
[Fws03_s1] ep 14 loss 0.7066 val_auroc 0.9256 lr 4.31e-04 269s
[Fws03_s1] ep 15 loss 0.7032 val_auroc 0.9257 lr 4.19e-04 289s
[Fws03_s1] ep 16 loss 0.6954 val_auroc 0.9246 lr 4.07e-04 307s
[Fws03_s1] ep 17 loss 0.6931 val_auroc 0.9234 lr 3.94e-04 324s
[Fws03_s1] ep 18 loss 0.6909 val_auroc 0.9278 lr 3.80e-04 342s
[Fws03_s1] ep 19 loss 0.6968 val_auroc 0.9287 lr 3.65e-04 359s
[Fws03_s1] ep 20 loss 0.6813 val_auroc 0.9294 lr 3.50e-04 377s
[Fws03_s1] ep 21 loss 0.6815 val_auroc 0.9268 lr 3.35e-04 395s
[Fws03_s1] ep 22 loss 0.6796 val_auroc 0.9285 lr 3.19e-04 412s
[Fws03_s1] ep 23 loss 0.6821 val_auroc 0.9284 lr 3.03e-04 430s
[Fws03_s1] ep 24 loss 0.6759 val_auroc 0.9275 lr 2.87e-04 447s
[Fws03_s1] ep 25 loss 0.6656 val_auroc 0.9292 lr 2.71e-04 465s
[Fws03_s1] ep 26 loss 0.6731 val_auroc 0.9292 lr 2.54e-04 482s
[Fws03_s1] ep 27 loss 0.6682 val_auroc 0.9316 lr 2.38e-04 499s
[Fws03_s1] ep 28 loss 0.6578 val_auroc 0.9320 lr 2.21e-04 517s
[Fws03_s1] ep 29 loss 0.6593 val_auroc 0.9334 lr 2.05e-04 534s
[Fws03_s1] ep 30 loss 0.6507 val_auroc 0.9301 lr 1.89e-04 552s
[Fws03_s1] ep 31 loss 0.6527 val_auroc 0.9293 lr 1.73e-04 569s
[Fws03_s1] ep 32 loss 0.6496 val_auroc 0.9302 lr 1.57e-04 587s
[Fws03_s1] ep 33 loss 0.6451 val_auroc 0.9288 lr 1.42e-04 604s
[Fws03_s1] ep 34 loss 0.6452 val_auroc 0.9283 lr 1.27e-04 622s
[Fws03_s1] ep 35 loss 0.6396 val_auroc 0.9326 lr 1.13e-04 639s
[Fws03_s1] ep 36 loss 0.6424 val_auroc 0.9317 lr 9.97e-05 657s
[Fws03_s1] ep 37 loss 0.6396 val_auroc 0.9306 lr 8.69e-05 674s
[Fws03_s1] ep 38 loss 0.6336 val_auroc 0.9322 lr 7.47e-05 691s
[Fws03_s1] ep 39 loss 0.6321 val_auroc 0.9309 lr 6.33e-05 709s
[Fws03_s1] early stop at ep 39
[Fws03_s1] DONE best_ep 29 val 0.9334 test nan params 475270 time 709.2s

===== 2026-10-03 16:46:25 Fwc0_s1 =====
[Fwc0_s1] device=mps params=475270 train=17084 val=2146 test=2158 pos_weight=[1.2489999532699585, 2.9010000228881836, 3.0810000896453857, 3.372999906539917, 7.061999797821045] git=dc6a2f781dd7358babecf8e50d60d05ae590ea97-dirty code=616e60f13152
[Fwc0_s1] ep  1 loss 0.9349 val_auroc 0.8843 lr 2.00e-04 18s
[Fwc0_s1] ep  2 loss 0.8192 val_auroc 0.8982 lr 4.00e-04 35s
[Fwc0_s1] ep  3 loss 0.7654 val_auroc 0.9110 lr 5.00e-04 53s
[Fwc0_s1] ep  4 loss 0.7391 val_auroc 0.9117 lr 4.99e-04 70s
[Fwc0_s1] ep  5 loss 0.7232 val_auroc 0.9144 lr 4.97e-04 88s
[Fwc0_s1] ep  6 loss 0.7068 val_auroc 0.9219 lr 4.93e-04 105s
[Fwc0_s1] ep  7 loss 0.7017 val_auroc 0.9192 lr 4.89e-04 122s
[Fwc0_s1] ep  8 loss 0.6951 val_auroc 0.9168 lr 4.84e-04 140s
[Fwc0_s1] ep  9 loss 0.6965 val_auroc 0.9203 lr 4.77e-04 157s
[Fwc0_s1] ep 10 loss 0.6887 val_auroc 0.9212 lr 4.70e-04 174s
[Fwc0_s1] ep 11 loss 0.6922 val_auroc 0.9247 lr 4.62e-04 192s
[Fwc0_s1] ep 12 loss 0.6777 val_auroc 0.9248 lr 4.52e-04 209s
[Fwc0_s1] ep 13 loss 0.6651 val_auroc 0.9279 lr 4.42e-04 227s
[Fwc0_s1] ep 14 loss 0.6786 val_auroc 0.9262 lr 4.31e-04 244s
[Fwc0_s1] ep 15 loss 0.6754 val_auroc 0.9253 lr 4.19e-04 261s
[Fwc0_s1] ep 16 loss 0.6673 val_auroc 0.9271 lr 4.07e-04 279s
[Fwc0_s1] ep 17 loss 0.6647 val_auroc 0.9246 lr 3.94e-04 296s
[Fwc0_s1] ep 18 loss 0.6603 val_auroc 0.9285 lr 3.80e-04 313s
[Fwc0_s1] ep 19 loss 0.6673 val_auroc 0.9295 lr 3.65e-04 331s
[Fwc0_s1] ep 20 loss 0.6522 val_auroc 0.9283 lr 3.50e-04 348s
[Fwc0_s1] ep 21 loss 0.6508 val_auroc 0.9308 lr 3.35e-04 365s
[Fwc0_s1] ep 22 loss 0.6487 val_auroc 0.9311 lr 3.19e-04 383s
[Fwc0_s1] ep 23 loss 0.6506 val_auroc 0.9325 lr 3.03e-04 400s
[Fwc0_s1] ep 24 loss 0.6426 val_auroc 0.9289 lr 2.87e-04 417s
[Fwc0_s1] ep 25 loss 0.6341 val_auroc 0.9294 lr 2.71e-04 435s
[Fwc0_s1] ep 26 loss 0.6404 val_auroc 0.9314 lr 2.54e-04 452s
[Fwc0_s1] ep 27 loss 0.6374 val_auroc 0.9325 lr 2.38e-04 470s
[Fwc0_s1] ep 28 loss 0.6229 val_auroc 0.9333 lr 2.21e-04 487s
[Fwc0_s1] ep 29 loss 0.6263 val_auroc 0.9342 lr 2.05e-04 504s
[Fwc0_s1] ep 30 loss 0.6155 val_auroc 0.9310 lr 1.89e-04 522s
[Fwc0_s1] ep 31 loss 0.6167 val_auroc 0.9300 lr 1.73e-04 539s
[Fwc0_s1] ep 32 loss 0.6151 val_auroc 0.9318 lr 1.57e-04 556s
[Fwc0_s1] ep 33 loss 0.6081 val_auroc 0.9311 lr 1.42e-04 574s
[Fwc0_s1] ep 34 loss 0.6114 val_auroc 0.9307 lr 1.27e-04 591s
[Fwc0_s1] ep 35 loss 0.6037 val_auroc 0.9337 lr 1.13e-04 608s
[Fwc0_s1] ep 36 loss 0.6075 val_auroc 0.9328 lr 9.97e-05 627s
[Fwc0_s1] ep 37 loss 0.6051 val_auroc 0.9309 lr 8.69e-05 646s
[Fwc0_s1] ep 38 loss 0.5955 val_auroc 0.9338 lr 7.47e-05 666s
[Fwc0_s1] ep 39 loss 0.5947 val_auroc 0.9320 lr 6.33e-05 685s
[Fwc0_s1] early stop at ep 39
[Fwc0_s1] DONE best_ep 29 val 0.9342 test nan params 475270 time 684.7s

===== 2026-10-03 16:58:08 B0augall_s1 =====
[B0augall_s1] device=mps params=473349 train=17084 val=2146 test=2158 pos_weight=[1.2489999532699585, 2.9010000228881836, 3.0810000896453857, 3.372999906539917, 7.061999797821045] git=dc6a2f781dd7358babecf8e50d60d05ae590ea97-dirty code=616e60f13152
[B0augall_s1] ep  1 loss 0.9238 val_auroc 0.8910 lr 2.00e-04 16s
[B0augall_s1] ep  2 loss 0.8031 val_auroc 0.9046 lr 4.00e-04 31s
[B0augall_s1] ep  3 loss 0.7551 val_auroc 0.9104 lr 5.00e-04 47s
[B0augall_s1] ep  4 loss 0.7343 val_auroc 0.9155 lr 4.99e-04 62s
[B0augall_s1] ep  5 loss 0.7212 val_auroc 0.9198 lr 4.97e-04 77s
[B0augall_s1] ep  6 loss 0.7041 val_auroc 0.9210 lr 4.93e-04 93s
[B0augall_s1] ep  7 loss 0.7021 val_auroc 0.9199 lr 4.89e-04 108s
[B0augall_s1] ep  8 loss 0.6944 val_auroc 0.9192 lr 4.84e-04 124s
[B0augall_s1] ep  9 loss 0.6944 val_auroc 0.9218 lr 4.77e-04 139s
[B0augall_s1] ep 10 loss 0.6869 val_auroc 0.9221 lr 4.70e-04 155s
[B0augall_s1] ep 11 loss 0.6898 val_auroc 0.9250 lr 4.62e-04 170s
[B0augall_s1] ep 12 loss 0.6740 val_auroc 0.9288 lr 4.52e-04 185s
[B0augall_s1] ep 13 loss 0.6626 val_auroc 0.9273 lr 4.42e-04 201s
[B0augall_s1] ep 14 loss 0.6743 val_auroc 0.9307 lr 4.31e-04 216s
[B0augall_s1] ep 15 loss 0.6728 val_auroc 0.9286 lr 4.19e-04 231s
[B0augall_s1] ep 16 loss 0.6661 val_auroc 0.9274 lr 4.07e-04 247s
[B0augall_s1] ep 17 loss 0.6637 val_auroc 0.9272 lr 3.94e-04 262s
[B0augall_s1] ep 18 loss 0.6588 val_auroc 0.9307 lr 3.80e-04 278s
[B0augall_s1] ep 19 loss 0.6650 val_auroc 0.9297 lr 3.65e-04 293s
[B0augall_s1] ep 20 loss 0.6496 val_auroc 0.9328 lr 3.50e-04 308s
[B0augall_s1] ep 21 loss 0.6508 val_auroc 0.9308 lr 3.35e-04 324s
[B0augall_s1] ep 22 loss 0.6495 val_auroc 0.9309 lr 3.19e-04 339s
[B0augall_s1] ep 23 loss 0.6504 val_auroc 0.9315 lr 3.03e-04 355s
[B0augall_s1] ep 24 loss 0.6451 val_auroc 0.9301 lr 2.87e-04 370s
[B0augall_s1] ep 25 loss 0.6357 val_auroc 0.9333 lr 2.71e-04 386s
[B0augall_s1] ep 26 loss 0.6413 val_auroc 0.9324 lr 2.54e-04 401s
[B0augall_s1] ep 27 loss 0.6402 val_auroc 0.9338 lr 2.38e-04 417s
[B0augall_s1] ep 28 loss 0.6232 val_auroc 0.9358 lr 2.21e-04 432s
[B0augall_s1] ep 29 loss 0.6287 val_auroc 0.9349 lr 2.05e-04 447s
[B0augall_s1] ep 30 loss 0.6173 val_auroc 0.9322 lr 1.89e-04 462s
[B0augall_s1] ep 31 loss 0.6213 val_auroc 0.9330 lr 1.73e-04 478s
[B0augall_s1] ep 32 loss 0.6189 val_auroc 0.9320 lr 1.57e-04 493s
[B0augall_s1] ep 33 loss 0.6139 val_auroc 0.9317 lr 1.42e-04 509s
[B0augall_s1] ep 34 loss 0.6112 val_auroc 0.9299 lr 1.27e-04 524s
[B0augall_s1] ep 35 loss 0.6104 val_auroc 0.9346 lr 1.13e-04 539s
[B0augall_s1] ep 36 loss 0.6102 val_auroc 0.9352 lr 9.97e-05 555s
[B0augall_s1] ep 37 loss 0.6074 val_auroc 0.9339 lr 8.69e-05 570s
[B0augall_s1] ep 38 loss 0.6047 val_auroc 0.9340 lr 7.47e-05 586s
[B0augall_s1] early stop at ep 38
[B0augall_s1] DONE best_ep 28 val 0.9358 test nan params 473349 time 585.8s

===== 2026-10-03 17:08:12 Fm002_s2 =====
[Fm002_s2] device=mps params=475270 train=17084 val=2146 test=2158 pos_weight=[1.2489999532699585, 2.9010000228881836, 3.0810000896453857, 3.372999906539917, 7.061999797821045] git=dc6a2f781dd7358babecf8e50d60d05ae590ea97-dirty code=616e60f13152
[Fm002_s2] ep  1 loss 1.0249 val_auroc 0.8767 lr 2.00e-04 20s
[Fm002_s2] ep  2 loss 0.8717 val_auroc 0.8987 lr 4.00e-04 39s
[Fm002_s2] ep  3 loss 0.8024 val_auroc 0.9033 lr 5.00e-04 56s
[Fm002_s2] ep  4 loss 0.7681 val_auroc 0.9078 lr 4.99e-04 73s
[Fm002_s2] ep  5 loss 0.7448 val_auroc 0.9165 lr 4.97e-04 91s
[Fm002_s2] ep  6 loss 0.7366 val_auroc 0.9177 lr 4.93e-04 108s
[Fm002_s2] ep  7 loss 0.7298 val_auroc 0.9209 lr 4.89e-04 125s
[Fm002_s2] ep  8 loss 0.7246 val_auroc 0.9109 lr 4.84e-04 143s
[Fm002_s2] ep  9 loss 0.7205 val_auroc 0.9239 lr 4.77e-04 160s
[Fm002_s2] ep 10 loss 0.7263 val_auroc 0.9217 lr 4.70e-04 177s
[Fm002_s2] ep 11 loss 0.7079 val_auroc 0.9261 lr 4.62e-04 194s
[Fm002_s2] ep 12 loss 0.7179 val_auroc 0.9163 lr 4.52e-04 212s
[Fm002_s2] ep 13 loss 0.7048 val_auroc 0.9278 lr 4.42e-04 229s
[Fm002_s2] ep 14 loss 0.6970 val_auroc 0.9271 lr 4.31e-04 246s
[Fm002_s2] ep 15 loss 0.7006 val_auroc 0.9232 lr 4.19e-04 263s
[Fm002_s2] ep 16 loss 0.7013 val_auroc 0.9232 lr 4.07e-04 281s
[Fm002_s2] ep 17 loss 0.6924 val_auroc 0.9259 lr 3.94e-04 298s
[Fm002_s2] ep 18 loss 0.6959 val_auroc 0.9285 lr 3.80e-04 315s
[Fm002_s2] ep 19 loss 0.6839 val_auroc 0.9247 lr 3.65e-04 333s
[Fm002_s2] ep 20 loss 0.6789 val_auroc 0.9289 lr 3.50e-04 350s
[Fm002_s2] ep 21 loss 0.6743 val_auroc 0.9289 lr 3.35e-04 367s
[Fm002_s2] ep 22 loss 0.6798 val_auroc 0.9287 lr 3.19e-04 384s
[Fm002_s2] ep 23 loss 0.6775 val_auroc 0.9270 lr 3.03e-04 402s
[Fm002_s2] ep 24 loss 0.6714 val_auroc 0.9279 lr 2.87e-04 419s
[Fm002_s2] ep 25 loss 0.6777 val_auroc 0.9298 lr 2.71e-04 436s
[Fm002_s2] ep 26 loss 0.6680 val_auroc 0.9289 lr 2.54e-04 454s
[Fm002_s2] ep 27 loss 0.6658 val_auroc 0.9332 lr 2.38e-04 471s
[Fm002_s2] ep 28 loss 0.6702 val_auroc 0.9290 lr 2.21e-04 488s
[Fm002_s2] ep 29 loss 0.6577 val_auroc 0.9328 lr 2.05e-04 505s
[Fm002_s2] ep 30 loss 0.6577 val_auroc 0.9322 lr 1.89e-04 523s
[Fm002_s2] ep 31 loss 0.6570 val_auroc 0.9297 lr 1.73e-04 540s
[Fm002_s2] ep 32 loss 0.6456 val_auroc 0.9297 lr 1.57e-04 557s
[Fm002_s2] ep 33 loss 0.6499 val_auroc 0.9305 lr 1.42e-04 575s
[Fm002_s2] ep 34 loss 0.6416 val_auroc 0.9319 lr 1.27e-04 592s
[Fm002_s2] ep 35 loss 0.6443 val_auroc 0.9313 lr 1.13e-04 609s
[Fm002_s2] ep 36 loss 0.6416 val_auroc 0.9309 lr 9.97e-05 627s
[Fm002_s2] ep 37 loss 0.6477 val_auroc 0.9277 lr 8.69e-05 644s
[Fm002_s2] early stop at ep 37
[Fm002_s2] DONE best_ep 27 val 0.9332 test nan params 475270 time 643.9s

===== 2026-10-03 17:19:15 Fm010_s2 =====
[Fm010_s2] device=mps params=475270 train=17084 val=2146 test=2158 pos_weight=[1.2489999532699585, 2.9010000228881836, 3.0810000896453857, 3.372999906539917, 7.061999797821045] git=dc6a2f781dd7358babecf8e50d60d05ae590ea97-dirty code=616e60f13152
[Fm010_s2] ep  1 loss 1.0329 val_auroc 0.8767 lr 2.00e-04 19s
[Fm010_s2] ep  2 loss 0.8794 val_auroc 0.8996 lr 4.00e-04 38s
[Fm010_s2] ep  3 loss 0.8056 val_auroc 0.9032 lr 5.00e-04 57s
[Fm010_s2] ep  4 loss 0.7695 val_auroc 0.9081 lr 4.99e-04 75s
[Fm010_s2] ep  5 loss 0.7465 val_auroc 0.9145 lr 4.97e-04 94s
[Fm010_s2] ep  6 loss 0.7400 val_auroc 0.9183 lr 4.93e-04 113s
[Fm010_s2] ep  7 loss 0.7312 val_auroc 0.9210 lr 4.89e-04 131s
[Fm010_s2] ep  8 loss 0.7262 val_auroc 0.9143 lr 4.84e-04 150s
[Fm010_s2] ep  9 loss 0.7227 val_auroc 0.9237 lr 4.77e-04 168s
[Fm010_s2] ep 10 loss 0.7281 val_auroc 0.9227 lr 4.70e-04 187s
[Fm010_s2] ep 11 loss 0.7095 val_auroc 0.9269 lr 4.62e-04 206s
[Fm010_s2] ep 12 loss 0.7191 val_auroc 0.9185 lr 4.52e-04 225s
[Fm010_s2] ep 13 loss 0.7055 val_auroc 0.9281 lr 4.42e-04 243s
[Fm010_s2] ep 14 loss 0.6990 val_auroc 0.9262 lr 4.31e-04 262s
[Fm010_s2] ep 15 loss 0.7021 val_auroc 0.9239 lr 4.19e-04 281s
[Fm010_s2] ep 16 loss 0.7028 val_auroc 0.9247 lr 4.07e-04 300s
[Fm010_s2] ep 17 loss 0.6933 val_auroc 0.9238 lr 3.94e-04 319s
[Fm010_s2] ep 18 loss 0.6979 val_auroc 0.9302 lr 3.80e-04 337s
[Fm010_s2] ep 19 loss 0.6860 val_auroc 0.9259 lr 3.65e-04 356s
[Fm010_s2] ep 20 loss 0.6806 val_auroc 0.9282 lr 3.50e-04 375s
[Fm010_s2] ep 21 loss 0.6758 val_auroc 0.9291 lr 3.35e-04 393s
[Fm010_s2] ep 22 loss 0.6819 val_auroc 0.9294 lr 3.19e-04 412s
[Fm010_s2] ep 23 loss 0.6785 val_auroc 0.9272 lr 3.03e-04 431s
[Fm010_s2] ep 24 loss 0.6722 val_auroc 0.9276 lr 2.87e-04 449s
[Fm010_s2] ep 25 loss 0.6787 val_auroc 0.9292 lr 2.71e-04 468s
[Fm010_s2] ep 26 loss 0.6704 val_auroc 0.9285 lr 2.54e-04 487s
[Fm010_s2] ep 27 loss 0.6667 val_auroc 0.9326 lr 2.38e-04 506s
[Fm010_s2] ep 28 loss 0.6718 val_auroc 0.9296 lr 2.21e-04 524s
[Fm010_s2] ep 29 loss 0.6596 val_auroc 0.9314 lr 2.05e-04 543s
[Fm010_s2] ep 30 loss 0.6601 val_auroc 0.9328 lr 1.89e-04 562s
[Fm010_s2] ep 31 loss 0.6588 val_auroc 0.9302 lr 1.73e-04 581s
[Fm010_s2] ep 32 loss 0.6471 val_auroc 0.9299 lr 1.57e-04 600s
[Fm010_s2] ep 33 loss 0.6523 val_auroc 0.9294 lr 1.42e-04 618s
[Fm010_s2] ep 34 loss 0.6431 val_auroc 0.9309 lr 1.27e-04 637s
[Fm010_s2] ep 35 loss 0.6458 val_auroc 0.9300 lr 1.13e-04 656s
[Fm010_s2] ep 36 loss 0.6421 val_auroc 0.9316 lr 9.97e-05 675s
[Fm010_s2] ep 37 loss 0.6492 val_auroc 0.9282 lr 8.69e-05 693s
[Fm010_s2] ep 38 loss 0.6282 val_auroc 0.9323 lr 7.47e-05 712s
[Fm010_s2] ep 39 loss 0.6259 val_auroc 0.9287 lr 6.33e-05 731s
[Fm010_s2] ep 40 loss 0.6242 val_auroc 0.9299 lr 5.27e-05 750s
[Fm010_s2] early stop at ep 40
[Fm010_s2] DONE best_ep 30 val 0.9328 test nan params 475270 time 749.7s

===== 2026-10-03 17:32:03 Fws03_s2 =====
[Fws03_s2] device=mps params=475270 train=17084 val=2146 test=2158 pos_weight=[1.2489999532699585, 2.9010000228881836, 3.0810000896453857, 3.372999906539917, 7.061999797821045] git=dc6a2f781dd7358babecf8e50d60d05ae590ea97-dirty code=616e60f13152
[Fws03_s2] ep  1 loss 1.0339 val_auroc 0.8758 lr 2.00e-04 20s
[Fws03_s2] ep  2 loss 0.8718 val_auroc 0.8976 lr 4.00e-04 39s
[Fws03_s2] ep  3 loss 0.8009 val_auroc 0.9044 lr 5.00e-04 58s
[Fws03_s2] ep  4 loss 0.7687 val_auroc 0.9072 lr 4.99e-04 76s
[Fws03_s2] ep  5 loss 0.7441 val_auroc 0.9119 lr 4.97e-04 94s
[Fws03_s2] ep  6 loss 0.7380 val_auroc 0.9176 lr 4.93e-04 111s
[Fws03_s2] ep  7 loss 0.7298 val_auroc 0.9163 lr 4.89e-04 129s
[Fws03_s2] ep  8 loss 0.7234 val_auroc 0.9125 lr 4.84e-04 146s
[Fws03_s2] ep  9 loss 0.7216 val_auroc 0.9251 lr 4.77e-04 163s
[Fws03_s2] ep 10 loss 0.7266 val_auroc 0.9220 lr 4.70e-04 180s
[Fws03_s2] ep 11 loss 0.7085 val_auroc 0.9261 lr 4.62e-04 198s
[Fws03_s2] ep 12 loss 0.7177 val_auroc 0.9169 lr 4.52e-04 215s
[Fws03_s2] ep 13 loss 0.7039 val_auroc 0.9288 lr 4.42e-04 232s
[Fws03_s2] ep 14 loss 0.6971 val_auroc 0.9251 lr 4.31e-04 250s
[Fws03_s2] ep 15 loss 0.7000 val_auroc 0.9236 lr 4.19e-04 267s
[Fws03_s2] ep 16 loss 0.7010 val_auroc 0.9257 lr 4.07e-04 285s
[Fws03_s2] ep 17 loss 0.6929 val_auroc 0.9232 lr 3.94e-04 302s
[Fws03_s2] ep 18 loss 0.6961 val_auroc 0.9291 lr 3.80e-04 320s
[Fws03_s2] ep 19 loss 0.6847 val_auroc 0.9235 lr 3.65e-04 337s
[Fws03_s2] ep 20 loss 0.6789 val_auroc 0.9297 lr 3.50e-04 354s
[Fws03_s2] ep 21 loss 0.6735 val_auroc 0.9275 lr 3.35e-04 372s
[Fws03_s2] ep 22 loss 0.6789 val_auroc 0.9288 lr 3.19e-04 389s
[Fws03_s2] ep 23 loss 0.6778 val_auroc 0.9268 lr 3.03e-04 406s
[Fws03_s2] ep 24 loss 0.6700 val_auroc 0.9267 lr 2.87e-04 423s
[Fws03_s2] ep 25 loss 0.6780 val_auroc 0.9284 lr 2.71e-04 441s
[Fws03_s2] ep 26 loss 0.6686 val_auroc 0.9286 lr 2.54e-04 458s
[Fws03_s2] ep 27 loss 0.6649 val_auroc 0.9319 lr 2.38e-04 475s
[Fws03_s2] ep 28 loss 0.6702 val_auroc 0.9284 lr 2.21e-04 493s
[Fws03_s2] ep 29 loss 0.6569 val_auroc 0.9331 lr 2.05e-04 510s
[Fws03_s2] ep 30 loss 0.6566 val_auroc 0.9319 lr 1.89e-04 528s
[Fws03_s2] ep 31 loss 0.6574 val_auroc 0.9298 lr 1.73e-04 545s
[Fws03_s2] ep 32 loss 0.6451 val_auroc 0.9300 lr 1.57e-04 562s
[Fws03_s2] ep 33 loss 0.6497 val_auroc 0.9289 lr 1.42e-04 579s
[Fws03_s2] ep 34 loss 0.6414 val_auroc 0.9306 lr 1.27e-04 597s
[Fws03_s2] ep 35 loss 0.6432 val_auroc 0.9295 lr 1.13e-04 614s
[Fws03_s2] ep 36 loss 0.6397 val_auroc 0.9302 lr 9.97e-05 632s
[Fws03_s2] ep 37 loss 0.6470 val_auroc 0.9280 lr 8.69e-05 649s
[Fws03_s2] ep 38 loss 0.6264 val_auroc 0.9300 lr 7.47e-05 666s
[Fws03_s2] ep 39 loss 0.6235 val_auroc 0.9279 lr 6.33e-05 683s
[Fws03_s2] early stop at ep 39
[Fws03_s2] DONE best_ep 29 val 0.9331 test nan params 475270 time 683.4s

===== 2026-10-03 17:43:46 Fwc0_s2 =====
[Fwc0_s2] device=mps params=475270 train=17084 val=2146 test=2158 pos_weight=[1.2489999532699585, 2.9010000228881836, 3.0810000896453857, 3.372999906539917, 7.061999797821045] git=dc6a2f781dd7358babecf8e50d60d05ae590ea97-dirty code=616e60f13152
[Fwc0_s2] ep  1 loss 0.9311 val_auroc 0.8852 lr 2.00e-04 18s
[Fwc0_s2] ep  2 loss 0.8163 val_auroc 0.8974 lr 4.00e-04 36s
[Fwc0_s2] ep  3 loss 0.7684 val_auroc 0.9062 lr 5.00e-04 53s
[Fwc0_s2] ep  4 loss 0.7414 val_auroc 0.9112 lr 4.99e-04 70s
[Fwc0_s2] ep  5 loss 0.7173 val_auroc 0.9164 lr 4.97e-04 88s
[Fwc0_s2] ep  6 loss 0.7092 val_auroc 0.9197 lr 4.93e-04 105s
[Fwc0_s2] ep  7 loss 0.7018 val_auroc 0.9250 lr 4.89e-04 122s
[Fwc0_s2] ep  8 loss 0.6939 val_auroc 0.9149 lr 4.84e-04 139s
[Fwc0_s2] ep  9 loss 0.6930 val_auroc 0.9260 lr 4.77e-04 157s
[Fwc0_s2] ep 10 loss 0.6986 val_auroc 0.9249 lr 4.70e-04 174s
[Fwc0_s2] ep 11 loss 0.6794 val_auroc 0.9281 lr 4.62e-04 191s
[Fwc0_s2] ep 12 loss 0.6889 val_auroc 0.9225 lr 4.52e-04 209s
[Fwc0_s2] ep 13 loss 0.6757 val_auroc 0.9317 lr 4.42e-04 226s
[Fwc0_s2] ep 14 loss 0.6691 val_auroc 0.9286 lr 4.31e-04 244s
[Fwc0_s2] ep 15 loss 0.6723 val_auroc 0.9259 lr 4.19e-04 261s
[Fwc0_s2] ep 16 loss 0.6724 val_auroc 0.9273 lr 4.07e-04 278s
[Fwc0_s2] ep 17 loss 0.6643 val_auroc 0.9260 lr 3.94e-04 296s
[Fwc0_s2] ep 18 loss 0.6668 val_auroc 0.9320 lr 3.80e-04 313s
[Fwc0_s2] ep 19 loss 0.6535 val_auroc 0.9260 lr 3.65e-04 330s
[Fwc0_s2] ep 20 loss 0.6474 val_auroc 0.9298 lr 3.50e-04 347s
[Fwc0_s2] ep 21 loss 0.6427 val_auroc 0.9267 lr 3.35e-04 365s
[Fwc0_s2] ep 22 loss 0.6476 val_auroc 0.9302 lr 3.19e-04 382s
[Fwc0_s2] ep 23 loss 0.6467 val_auroc 0.9291 lr 3.03e-04 400s
[Fwc0_s2] ep 24 loss 0.6393 val_auroc 0.9285 lr 2.87e-04 417s
[Fwc0_s2] ep 25 loss 0.6489 val_auroc 0.9306 lr 2.71e-04 435s
[Fwc0_s2] ep 26 loss 0.6366 val_auroc 0.9293 lr 2.54e-04 451s
[Fwc0_s2] ep 27 loss 0.6340 val_auroc 0.9327 lr 2.38e-04 466s
[Fwc0_s2] ep 28 loss 0.6376 val_auroc 0.9315 lr 2.21e-04 482s
[Fwc0_s2] ep 29 loss 0.6235 val_auroc 0.9326 lr 2.05e-04 497s
[Fwc0_s2] ep 30 loss 0.6236 val_auroc 0.9333 lr 1.89e-04 512s
[Fwc0_s2] ep 31 loss 0.6261 val_auroc 0.9311 lr 1.73e-04 528s
[Fwc0_s2] ep 32 loss 0.6102 val_auroc 0.9315 lr 1.57e-04 543s
[Fwc0_s2] ep 33 loss 0.6145 val_auroc 0.9310 lr 1.42e-04 559s
[Fwc0_s2] ep 34 loss 0.6076 val_auroc 0.9331 lr 1.27e-04 574s
[Fwc0_s2] ep 35 loss 0.6081 val_auroc 0.9316 lr 1.13e-04 589s
[Fwc0_s2] ep 36 loss 0.6038 val_auroc 0.9331 lr 9.97e-05 605s
[Fwc0_s2] ep 37 loss 0.6125 val_auroc 0.9307 lr 8.69e-05 620s
[Fwc0_s2] ep 38 loss 0.5876 val_auroc 0.9332 lr 7.47e-05 636s
[Fwc0_s2] ep 39 loss 0.5860 val_auroc 0.9286 lr 6.33e-05 651s
[Fwc0_s2] ep 40 loss 0.5831 val_auroc 0.9307 lr 5.27e-05 666s
[Fwc0_s2] early stop at ep 40
[Fwc0_s2] DONE best_ep 30 val 0.9333 test nan params 475270 time 666.4s

===== 2026-10-03 17:55:11 B0augall_s2 =====
[B0augall_s2] device=mps params=473349 train=17084 val=2146 test=2158 pos_weight=[1.2489999532699585, 2.9010000228881836, 3.0810000896453857, 3.372999906539917, 7.061999797821045] git=dc6a2f781dd7358babecf8e50d60d05ae590ea97-dirty code=616e60f13152
[B0augall_s2] ep  1 loss 0.9220 val_auroc 0.8851 lr 2.00e-04 15s
[B0augall_s2] ep  2 loss 0.8047 val_auroc 0.9035 lr 4.00e-04 29s
[B0augall_s2] ep  3 loss 0.7615 val_auroc 0.9107 lr 5.00e-04 43s
[B0augall_s2] ep  4 loss 0.7349 val_auroc 0.9162 lr 4.99e-04 58s
[B0augall_s2] ep  5 loss 0.7129 val_auroc 0.9192 lr 4.97e-04 72s
[B0augall_s2] ep  6 loss 0.7059 val_auroc 0.9191 lr 4.93e-04 86s
[B0augall_s2] ep  7 loss 0.6999 val_auroc 0.9235 lr 4.89e-04 100s
[B0augall_s2] ep  8 loss 0.6922 val_auroc 0.9212 lr 4.84e-04 115s
[B0augall_s2] ep  9 loss 0.6888 val_auroc 0.9277 lr 4.77e-04 129s
[B0augall_s2] ep 10 loss 0.6997 val_auroc 0.9246 lr 4.70e-04 143s
[B0augall_s2] ep 11 loss 0.6812 val_auroc 0.9285 lr 4.62e-04 158s
[B0augall_s2] ep 12 loss 0.6888 val_auroc 0.9254 lr 4.52e-04 172s
[B0augall_s2] ep 13 loss 0.6762 val_auroc 0.9296 lr 4.42e-04 186s
[B0augall_s2] ep 14 loss 0.6673 val_auroc 0.9248 lr 4.31e-04 201s
[B0augall_s2] ep 15 loss 0.6727 val_auroc 0.9268 lr 4.19e-04 215s
[B0augall_s2] ep 16 loss 0.6727 val_auroc 0.9260 lr 4.07e-04 230s
[B0augall_s2] ep 17 loss 0.6665 val_auroc 0.9275 lr 3.94e-04 244s
[B0augall_s2] ep 18 loss 0.6696 val_auroc 0.9312 lr 3.80e-04 259s
[B0augall_s2] ep 19 loss 0.6544 val_auroc 0.9289 lr 3.65e-04 273s
[B0augall_s2] ep 20 loss 0.6481 val_auroc 0.9311 lr 3.50e-04 288s
[B0augall_s2] ep 21 loss 0.6456 val_auroc 0.9296 lr 3.35e-04 302s
[B0augall_s2] ep 22 loss 0.6486 val_auroc 0.9314 lr 3.19e-04 317s
[B0augall_s2] ep 23 loss 0.6485 val_auroc 0.9314 lr 3.03e-04 331s
[B0augall_s2] ep 24 loss 0.6392 val_auroc 0.9314 lr 2.87e-04 345s
[B0augall_s2] ep 25 loss 0.6502 val_auroc 0.9330 lr 2.71e-04 360s
[B0augall_s2] ep 26 loss 0.6382 val_auroc 0.9322 lr 2.54e-04 374s
[B0augall_s2] ep 27 loss 0.6393 val_auroc 0.9349 lr 2.38e-04 389s
[B0augall_s2] ep 28 loss 0.6404 val_auroc 0.9322 lr 2.21e-04 403s
[B0augall_s2] ep 29 loss 0.6286 val_auroc 0.9346 lr 2.05e-04 417s
[B0augall_s2] ep 30 loss 0.6289 val_auroc 0.9355 lr 1.89e-04 431s
[B0augall_s2] ep 31 loss 0.6270 val_auroc 0.9326 lr 1.73e-04 446s
[B0augall_s2] ep 32 loss 0.6159 val_auroc 0.9328 lr 1.57e-04 460s
[B0augall_s2] ep 33 loss 0.6204 val_auroc 0.9320 lr 1.42e-04 475s
[B0augall_s2] ep 34 loss 0.6120 val_auroc 0.9325 lr 1.27e-04 489s
[B0augall_s2] ep 35 loss 0.6188 val_auroc 0.9310 lr 1.13e-04 503s
[B0augall_s2] ep 36 loss 0.6129 val_auroc 0.9341 lr 9.97e-05 518s
[B0augall_s2] ep 37 loss 0.6179 val_auroc 0.9324 lr 8.69e-05 532s
[B0augall_s2] ep 38 loss 0.5984 val_auroc 0.9351 lr 7.47e-05 547s
[B0augall_s2] ep 39 loss 0.5956 val_auroc 0.9327 lr 6.33e-05 562s
[B0augall_s2] ep 40 loss 0.5962 val_auroc 0.9326 lr 5.27e-05 576s
[B0augall_s2] early stop at ep 40
[B0augall_s2] DONE best_ep 30 val 0.9355 test nan params 473349 time 576.0s
QUEUE_DONE a
