
===== 2026-10-04 13:23:00 IB0aug_s0 =====
[IB0aug_s0] device=mps params=507653 train=17084 val=2146 test=2158 pos_weight=[1.2489999532699585, 2.9010000228881836, 3.0810000896453857, 3.372999906539917, 7.061999797821045] git=70efa5305933fc36284c815db4cac718c9eb380e-dirty code=c25cd8410ab6
[IB0aug_s0] ep  1 loss 0.9284 val_auroc 0.8966 lr 2.00e-04 29s
[IB0aug_s0] ep  2 loss 0.7747 val_auroc 0.9062 lr 4.00e-04 59s
[IB0aug_s0] ep  3 loss 0.7306 val_auroc 0.9122 lr 5.00e-04 87s
[IB0aug_s0] ep  4 loss 0.7196 val_auroc 0.9197 lr 4.99e-04 114s
[IB0aug_s0] ep  5 loss 0.7006 val_auroc 0.9194 lr 4.97e-04 141s
[IB0aug_s0] ep  6 loss 0.6979 val_auroc 0.9222 lr 4.93e-04 169s
[IB0aug_s0] ep  7 loss 0.6886 val_auroc 0.9243 lr 4.89e-04 215s
[IB0aug_s0] ep  8 loss 0.6789 val_auroc 0.9274 lr 4.84e-04 260s
[IB0aug_s0] ep  9 loss 0.6718 val_auroc 0.9247 lr 4.77e-04 305s
[IB0aug_s0] ep 10 loss 0.6714 val_auroc 0.9278 lr 4.70e-04 347s
[IB0aug_s0] ep 11 loss 0.6602 val_auroc 0.9275 lr 4.62e-04 376s
[IB0aug_s0] ep 12 loss 0.6569 val_auroc 0.9289 lr 4.52e-04 405s
[IB0aug_s0] ep 13 loss 0.6599 val_auroc 0.9234 lr 4.42e-04 434s
[IB0aug_s0] ep 14 loss 0.6509 val_auroc 0.9319 lr 4.31e-04 462s
[IB0aug_s0] ep 15 loss 0.6482 val_auroc 0.9307 lr 4.19e-04 490s
[IB0aug_s0] ep 16 loss 0.6506 val_auroc 0.9304 lr 4.07e-04 518s
[IB0aug_s0] ep 17 loss 0.6417 val_auroc 0.9316 lr 3.94e-04 546s
[IB0aug_s0] ep 18 loss 0.6457 val_auroc 0.9328 lr 3.80e-04 573s
[IB0aug_s0] ep 19 loss 0.6516 val_auroc 0.9300 lr 3.65e-04 601s
[IB0aug_s0] ep 20 loss 0.6299 val_auroc 0.9301 lr 3.50e-04 628s
[IB0aug_s0] ep 21 loss 0.6316 val_auroc 0.9329 lr 3.35e-04 655s
[IB0aug_s0] ep 22 loss 0.6339 val_auroc 0.9307 lr 3.19e-04 682s
[IB0aug_s0] ep 23 loss 0.6325 val_auroc 0.9321 lr 3.03e-04 709s
[IB0aug_s0] ep 24 loss 0.6193 val_auroc 0.9308 lr 2.87e-04 736s
[IB0aug_s0] ep 25 loss 0.6197 val_auroc 0.9340 lr 2.71e-04 763s
[IB0aug_s0] ep 26 loss 0.6047 val_auroc 0.9363 lr 2.54e-04 790s
[IB0aug_s0] ep 27 loss 0.6055 val_auroc 0.9320 lr 2.38e-04 817s
[IB0aug_s0] ep 28 loss 0.5928 val_auroc 0.9361 lr 2.21e-04 845s
[IB0aug_s0] ep 29 loss 0.5939 val_auroc 0.9321 lr 2.05e-04 872s
[IB0aug_s0] ep 30 loss 0.6068 val_auroc 0.9321 lr 1.89e-04 899s
[IB0aug_s0] ep 31 loss 0.5964 val_auroc 0.9309 lr 1.73e-04 927s
[IB0aug_s0] ep 32 loss 0.5872 val_auroc 0.9312 lr 1.57e-04 954s
[IB0aug_s0] ep 33 loss 0.5805 val_auroc 0.9331 lr 1.42e-04 981s
[IB0aug_s0] ep 34 loss 0.5813 val_auroc 0.9325 lr 1.27e-04 1008s
[IB0aug_s0] ep 35 loss 0.5818 val_auroc 0.9332 lr 1.13e-04 1035s
[IB0aug_s0] ep 36 loss 0.5732 val_auroc 0.9315 lr 9.97e-05 1062s
[IB0aug_s0] early stop at ep 36
[IB0aug_s0] DONE best_ep 26 val 0.9363 test nan params 507653 time 1062.4s

===== 2026-10-04 13:41:42 IE_s0 =====
[IE_s0] device=mps params=509574 train=17084 val=2146 test=2158 pos_weight=[1.2489999532699585, 2.9010000228881836, 3.0810000896453857, 3.372999906539917, 7.061999797821045] git=70efa5305933fc36284c815db4cac718c9eb380e-dirty code=593436ab5f4a
[IE_s0] ep  1 loss 0.9274 val_auroc 0.8904 lr 2.00e-04 29s
[IE_s0] ep  2 loss 0.7870 val_auroc 0.9038 lr 4.00e-04 57s
[IE_s0] ep  3 loss 0.7415 val_auroc 0.9038 lr 5.00e-04 84s
[IE_s0] ep  4 loss 0.7285 val_auroc 0.9127 lr 4.99e-04 112s
[IE_s0] ep  5 loss 0.7074 val_auroc 0.9119 lr 4.97e-04 139s
[IE_s0] ep  6 loss 0.7020 val_auroc 0.9208 lr 4.93e-04 166s
[IE_s0] ep  7 loss 0.6961 val_auroc 0.9226 lr 4.89e-04 194s
[IE_s0] ep  8 loss 0.6844 val_auroc 0.9248 lr 4.84e-04 222s
[IE_s0] ep  9 loss 0.6786 val_auroc 0.9215 lr 4.77e-04 250s
[IE_s0] ep 10 loss 0.6792 val_auroc 0.9248 lr 4.70e-04 278s
[IE_s0] ep 11 loss 0.6647 val_auroc 0.9251 lr 4.62e-04 306s
[IE_s0] ep 12 loss 0.6617 val_auroc 0.9266 lr 4.52e-04 334s
[IE_s0] ep 13 loss 0.6674 val_auroc 0.9209 lr 4.42e-04 361s
[IE_s0] ep 14 loss 0.6574 val_auroc 0.9275 lr 4.31e-04 389s
[IE_s0] ep 15 loss 0.6551 val_auroc 0.9298 lr 4.19e-04 416s
[IE_s0] ep 16 loss 0.6560 val_auroc 0.9295 lr 4.07e-04 443s
[IE_s0] ep 17 loss 0.6454 val_auroc 0.9292 lr 3.94e-04 471s
[IE_s0] ep 18 loss 0.6502 val_auroc 0.9311 lr 3.80e-04 499s
[IE_s0] ep 19 loss 0.6546 val_auroc 0.9254 lr 3.65e-04 528s
[IE_s0] ep 20 loss 0.6351 val_auroc 0.9289 lr 3.50e-04 556s
[IE_s0] ep 21 loss 0.6369 val_auroc 0.9307 lr 3.35e-04 585s
[IE_s0] ep 22 loss 0.6398 val_auroc 0.9314 lr 3.19e-04 614s
[IE_s0] ep 23 loss 0.6365 val_auroc 0.9303 lr 3.03e-04 642s
[IE_s0] ep 24 loss 0.6196 val_auroc 0.9278 lr 2.87e-04 671s
[IE_s0] ep 25 loss 0.6218 val_auroc 0.9321 lr 2.71e-04 700s
[IE_s0] ep 26 loss 0.6078 val_auroc 0.9329 lr 2.54e-04 729s
[IE_s0] ep 27 loss 0.6071 val_auroc 0.9314 lr 2.38e-04 758s
[IE_s0] ep 28 loss 0.5952 val_auroc 0.9343 lr 2.21e-04 787s
[IE_s0] ep 29 loss 0.5998 val_auroc 0.9293 lr 2.05e-04 816s
[IE_s0] ep 30 loss 0.6054 val_auroc 0.9298 lr 1.89e-04 844s
[IE_s0] ep 31 loss 0.5937 val_auroc 0.9297 lr 1.73e-04 873s
[IE_s0] ep 32 loss 0.5885 val_auroc 0.9302 lr 1.57e-04 903s
[IE_s0] ep 33 loss 0.5819 val_auroc 0.9312 lr 1.42e-04 933s
[IE_s0] ep 34 loss 0.5775 val_auroc 0.9300 lr 1.27e-04 962s
[IE_s0] ep 35 loss 0.5766 val_auroc 0.9292 lr 1.13e-04 991s
[IE_s0] ep 36 loss 0.5703 val_auroc 0.9274 lr 9.97e-05 1020s
[IE_s0] ep 37 loss 0.5563 val_auroc 0.9286 lr 8.69e-05 1049s
[IE_s0] ep 38 loss 0.5619 val_auroc 0.9276 lr 7.47e-05 1079s
[IE_s0] early stop at ep 38
[IE_s0] DONE best_ep 28 val 0.9343 test nan params 509574 time 1078.8s

===== 2026-10-04 14:00:04 IF_s0 =====
[IF_s0] device=mps params=509574 train=17084 val=2146 test=2158 pos_weight=[1.2489999532699585, 2.9010000228881836, 3.0810000896453857, 3.372999906539917, 7.061999797821045] git=70efa5305933fc36284c815db4cac718c9eb380e-dirty code=593436ab5f4a
[IF_s0] ep  1 loss 1.0259 val_auroc 0.8860 lr 2.00e-04 52s
[IF_s0] ep  2 loss 0.8511 val_auroc 0.8985 lr 4.00e-04 103s
[IF_s0] ep  3 loss 0.7777 val_auroc 0.9083 lr 5.00e-04 154s
[IF_s0] ep  4 loss 0.7562 val_auroc 0.9131 lr 4.99e-04 204s
[IF_s0] ep  5 loss 0.7375 val_auroc 0.9118 lr 4.97e-04 254s
[IF_s0] ep  6 loss 0.7319 val_auroc 0.9183 lr 4.93e-04 304s
[IF_s0] ep  7 loss 0.7228 val_auroc 0.9190 lr 4.89e-04 356s
[IF_s0] ep  8 loss 0.7146 val_auroc 0.9242 lr 4.84e-04 407s
[IF_s0] ep  9 loss 0.7084 val_auroc 0.9191 lr 4.77e-04 458s
[IF_s0] ep 10 loss 0.7082 val_auroc 0.9215 lr 4.70e-04 509s
[IF_s0] ep 11 loss 0.6956 val_auroc 0.9228 lr 4.62e-04 560s
[IF_s0] ep 12 loss 0.6975 val_auroc 0.9247 lr 4.52e-04 611s
[IF_s0] ep 13 loss 0.6994 val_auroc 0.9184 lr 4.42e-04 661s
[IF_s0] ep 14 loss 0.6898 val_auroc 0.9301 lr 4.31e-04 712s
[IF_s0] ep 15 loss 0.6880 val_auroc 0.9292 lr 4.19e-04 763s
[IF_s0] ep 16 loss 0.6887 val_auroc 0.9268 lr 4.07e-04 814s
[IF_s0] ep 17 loss 0.6808 val_auroc 0.9282 lr 3.94e-04 865s
[IF_s0] ep 18 loss 0.6837 val_auroc 0.9322 lr 3.80e-04 915s
[IF_s0] ep 19 loss 0.6885 val_auroc 0.9235 lr 3.65e-04 966s
[IF_s0] ep 20 loss 0.6701 val_auroc 0.9305 lr 3.50e-04 1017s
[IF_s0] ep 21 loss 0.6720 val_auroc 0.9308 lr 3.35e-04 1069s
[IF_s0] ep 22 loss 0.6735 val_auroc 0.9308 lr 3.19e-04 1120s
[IF_s0] ep 23 loss 0.6705 val_auroc 0.9313 lr 3.03e-04 1171s
[IF_s0] ep 24 loss 0.6595 val_auroc 0.9295 lr 2.87e-04 1222s
[IF_s0] ep 25 loss 0.6579 val_auroc 0.9328 lr 2.71e-04 1273s
[IF_s0] ep 26 loss 0.6447 val_auroc 0.9337 lr 2.54e-04 1323s
[IF_s0] ep 27 loss 0.6452 val_auroc 0.9311 lr 2.38e-04 1374s
[IF_s0] ep 28 loss 0.6348 val_auroc 0.9340 lr 2.21e-04 1425s
[IF_s0] ep 29 loss 0.6369 val_auroc 0.9302 lr 2.05e-04 1476s
[IF_s0] ep 30 loss 0.6471 val_auroc 0.9291 lr 1.89e-04 1526s
[IF_s0] ep 31 loss 0.6353 val_auroc 0.9285 lr 1.73e-04 1577s
[IF_s0] ep 32 loss 0.6299 val_auroc 0.9305 lr 1.57e-04 1628s
[IF_s0] ep 33 loss 0.6219 val_auroc 0.9310 lr 1.42e-04 1678s
[IF_s0] ep 34 loss 0.6214 val_auroc 0.9313 lr 1.27e-04 1729s
[IF_s0] ep 35 loss 0.6209 val_auroc 0.9308 lr 1.13e-04 1779s
[IF_s0] ep 36 loss 0.6151 val_auroc 0.9305 lr 9.97e-05 1830s
[IF_s0] ep 37 loss 0.6022 val_auroc 0.9301 lr 8.69e-05 1881s
[IF_s0] ep 38 loss 0.6061 val_auroc 0.9302 lr 7.47e-05 1933s
[IF_s0] early stop at ep 38
[IF_s0] DONE best_ep 28 val 0.9340 test nan params 509574 time 1933.1s

===== 2026-10-04 14:32:46 IEclean_s0 =====
[IEclean_s0] device=mps params=509574 train=17084 val=2146 test=2158 pos_weight=[1.2489999532699585, 2.9010000228881836, 3.0810000896453857, 3.372999906539917, 7.061999797821045] git=70efa5305933fc36284c815db4cac718c9eb380e-dirty code=593436ab5f4a
[IEclean_s0] ep  1 loss 0.9100 val_auroc 0.8946 lr 2.00e-04 27s
[IEclean_s0] ep  2 loss 0.7788 val_auroc 0.9065 lr 4.00e-04 54s
[IEclean_s0] ep  3 loss 0.7333 val_auroc 0.8957 lr 5.00e-04 80s
[IEclean_s0] ep  4 loss 0.7218 val_auroc 0.9137 lr 4.99e-04 106s
[IEclean_s0] ep  5 loss 0.7022 val_auroc 0.9161 lr 4.97e-04 133s
[IEclean_s0] ep  6 loss 0.6957 val_auroc 0.9234 lr 4.93e-04 160s
[IEclean_s0] ep  7 loss 0.6901 val_auroc 0.9232 lr 4.89e-04 186s
[IEclean_s0] ep  8 loss 0.6788 val_auroc 0.9258 lr 4.84e-04 213s
[IEclean_s0] ep  9 loss 0.6728 val_auroc 0.9224 lr 4.77e-04 239s
[IEclean_s0] ep 10 loss 0.6722 val_auroc 0.9227 lr 4.70e-04 266s
[IEclean_s0] ep 11 loss 0.6587 val_auroc 0.9267 lr 4.62e-04 292s
[IEclean_s0] ep 12 loss 0.6559 val_auroc 0.9290 lr 4.52e-04 319s
[IEclean_s0] ep 13 loss 0.6618 val_auroc 0.9204 lr 4.42e-04 346s
[IEclean_s0] ep 14 loss 0.6485 val_auroc 0.9309 lr 4.31e-04 372s
[IEclean_s0] ep 15 loss 0.6479 val_auroc 0.9306 lr 4.19e-04 399s
[IEclean_s0] ep 16 loss 0.6474 val_auroc 0.9307 lr 4.07e-04 426s
[IEclean_s0] ep 17 loss 0.6384 val_auroc 0.9311 lr 3.94e-04 453s
[IEclean_s0] ep 18 loss 0.6426 val_auroc 0.9327 lr 3.80e-04 479s
[IEclean_s0] ep 19 loss 0.6458 val_auroc 0.9281 lr 3.65e-04 506s
[IEclean_s0] ep 20 loss 0.6245 val_auroc 0.9308 lr 3.50e-04 532s
[IEclean_s0] ep 21 loss 0.6255 val_auroc 0.9309 lr 3.35e-04 559s
[IEclean_s0] ep 22 loss 0.6287 val_auroc 0.9307 lr 3.19e-04 586s
[IEclean_s0] ep 23 loss 0.6236 val_auroc 0.9313 lr 3.03e-04 612s
[IEclean_s0] ep 24 loss 0.6087 val_auroc 0.9293 lr 2.87e-04 639s
[IEclean_s0] ep 25 loss 0.6091 val_auroc 0.9350 lr 2.71e-04 665s
[IEclean_s0] ep 26 loss 0.5930 val_auroc 0.9342 lr 2.54e-04 692s
[IEclean_s0] ep 27 loss 0.5921 val_auroc 0.9310 lr 2.38e-04 719s
[IEclean_s0] ep 28 loss 0.5793 val_auroc 0.9316 lr 2.21e-04 745s
[IEclean_s0] ep 29 loss 0.5796 val_auroc 0.9281 lr 2.05e-04 772s
[IEclean_s0] ep 30 loss 0.5884 val_auroc 0.9285 lr 1.89e-04 796s
[IEclean_s0] ep 31 loss 0.5739 val_auroc 0.9282 lr 1.73e-04 819s
[IEclean_s0] ep 32 loss 0.5704 val_auroc 0.9291 lr 1.57e-04 842s
[IEclean_s0] ep 33 loss 0.5606 val_auroc 0.9280 lr 1.42e-04 865s
[IEclean_s0] ep 34 loss 0.5580 val_auroc 0.9282 lr 1.27e-04 888s
[IEclean_s0] ep 35 loss 0.5551 val_auroc 0.9251 lr 1.13e-04 911s
[IEclean_s0] early stop at ep 35
[IEclean_s0] DONE best_ep 25 val 0.9350 test nan params 509574 time 911.5s

===== 2026-10-04 14:48:15 IB0augreal_s0 =====
[IB0augreal_s0] device=mps params=507653 train=17084 val=2146 test=2158 pos_weight=[1.2489999532699585, 2.9010000228881836, 3.0810000896453857, 3.372999906539917, 7.061999797821045] git=70efa5305933fc36284c815db4cac718c9eb380e-dirty code=593436ab5f4a
[IB0augreal_s0] ep  1 loss 0.9254 val_auroc 0.8975 lr 2.00e-04 25s
[IB0augreal_s0] ep  2 loss 0.7776 val_auroc 0.9069 lr 4.00e-04 49s
[IB0augreal_s0] ep  3 loss 0.7341 val_auroc 0.9130 lr 5.00e-04 73s
[IB0augreal_s0] ep  4 loss 0.7223 val_auroc 0.9158 lr 4.99e-04 98s
[IB0augreal_s0] ep  5 loss 0.7034 val_auroc 0.9175 lr 4.97e-04 122s
[IB0augreal_s0] ep  6 loss 0.6996 val_auroc 0.9227 lr 4.93e-04 146s
[IB0augreal_s0] ep  7 loss 0.6901 val_auroc 0.9251 lr 4.89e-04 170s
[IB0augreal_s0] ep  8 loss 0.6802 val_auroc 0.9246 lr 4.84e-04 194s
[IB0augreal_s0] ep  9 loss 0.6727 val_auroc 0.9228 lr 4.77e-04 218s
[IB0augreal_s0] ep 10 loss 0.6729 val_auroc 0.9268 lr 4.70e-04 242s
[IB0augreal_s0] ep 11 loss 0.6622 val_auroc 0.9271 lr 4.62e-04 266s
[IB0augreal_s0] ep 12 loss 0.6591 val_auroc 0.9272 lr 4.52e-04 290s
[IB0augreal_s0] ep 13 loss 0.6617 val_auroc 0.9216 lr 4.42e-04 315s
[IB0augreal_s0] ep 14 loss 0.6536 val_auroc 0.9308 lr 4.31e-04 340s
[IB0augreal_s0] ep 15 loss 0.6492 val_auroc 0.9306 lr 4.19e-04 364s
[IB0augreal_s0] ep 16 loss 0.6511 val_auroc 0.9305 lr 4.07e-04 388s
[IB0augreal_s0] ep 17 loss 0.6424 val_auroc 0.9315 lr 3.94e-04 413s
[IB0augreal_s0] ep 18 loss 0.6456 val_auroc 0.9327 lr 3.80e-04 437s
[IB0augreal_s0] ep 19 loss 0.6516 val_auroc 0.9303 lr 3.65e-04 461s
[IB0augreal_s0] ep 20 loss 0.6313 val_auroc 0.9318 lr 3.50e-04 485s
[IB0augreal_s0] ep 21 loss 0.6327 val_auroc 0.9318 lr 3.35e-04 509s
[IB0augreal_s0] ep 22 loss 0.6328 val_auroc 0.9326 lr 3.19e-04 533s
[IB0augreal_s0] ep 23 loss 0.6317 val_auroc 0.9318 lr 3.03e-04 557s
[IB0augreal_s0] ep 24 loss 0.6204 val_auroc 0.9313 lr 2.87e-04 581s
[IB0augreal_s0] ep 25 loss 0.6190 val_auroc 0.9346 lr 2.71e-04 605s
[IB0augreal_s0] ep 26 loss 0.6041 val_auroc 0.9337 lr 2.54e-04 629s
[IB0augreal_s0] ep 27 loss 0.6032 val_auroc 0.9300 lr 2.38e-04 653s
[IB0augreal_s0] ep 28 loss 0.5940 val_auroc 0.9366 lr 2.21e-04 677s
[IB0augreal_s0] ep 29 loss 0.5959 val_auroc 0.9306 lr 2.05e-04 701s
[IB0augreal_s0] ep 30 loss 0.6070 val_auroc 0.9321 lr 1.89e-04 725s
[IB0augreal_s0] ep 31 loss 0.5954 val_auroc 0.9312 lr 1.73e-04 749s
[IB0augreal_s0] ep 32 loss 0.5862 val_auroc 0.9307 lr 1.57e-04 773s
[IB0augreal_s0] ep 33 loss 0.5825 val_auroc 0.9307 lr 1.42e-04 797s
[IB0augreal_s0] ep 34 loss 0.5824 val_auroc 0.9308 lr 1.27e-04 821s
[IB0augreal_s0] ep 35 loss 0.5820 val_auroc 0.9317 lr 1.13e-04 846s
[IB0augreal_s0] ep 36 loss 0.5752 val_auroc 0.9308 lr 9.97e-05 871s
[IB0augreal_s0] ep 37 loss 0.5601 val_auroc 0.9314 lr 8.69e-05 895s
[IB0augreal_s0] ep 38 loss 0.5652 val_auroc 0.9298 lr 7.47e-05 919s
[IB0augreal_s0] early stop at ep 38
[IB0augreal_s0] DONE best_ep 28 val 0.9366 test nan params 507653 time 918.9s

===== 2026-10-04 15:04:00 IFreal_s0 =====
[IFreal_s0] device=mps params=509574 train=17084 val=2146 test=2158 pos_weight=[1.2489999532699585, 2.9010000228881836, 3.0810000896453857, 3.372999906539917, 7.061999797821045] git=70efa5305933fc36284c815db4cac718c9eb380e-dirty code=593436ab5f4a
[IFreal_s0] ep  1 loss 1.0299 val_auroc 0.8807 lr 2.00e-04 43s
[IFreal_s0] ep  2 loss 0.8537 val_auroc 0.9001 lr 4.00e-04 85s
[IFreal_s0] ep  3 loss 0.7794 val_auroc 0.9079 lr 5.00e-04 127s
[IFreal_s0] ep  4 loss 0.7565 val_auroc 0.9133 lr 4.99e-04 169s
[IFreal_s0] ep  5 loss 0.7376 val_auroc 0.9121 lr 4.97e-04 210s
[IFreal_s0] ep  6 loss 0.7335 val_auroc 0.9139 lr 4.93e-04 251s
[IFreal_s0] ep  7 loss 0.7281 val_auroc 0.9198 lr 4.89e-04 293s
[IFreal_s0] ep  8 loss 0.7191 val_auroc 0.9229 lr 4.84e-04 343s
[IFreal_s0] ep  9 loss 0.7130 val_auroc 0.9193 lr 4.77e-04 393s
[IFreal_s0] ep 10 loss 0.7114 val_auroc 0.9218 lr 4.70e-04 443s
[IFreal_s0] ep 11 loss 0.6998 val_auroc 0.9249 lr 4.62e-04 494s
[IFreal_s0] ep 12 loss 0.6995 val_auroc 0.9252 lr 4.52e-04 536s
[IFreal_s0] ep 13 loss 0.7009 val_auroc 0.9174 lr 4.42e-04 577s
[IFreal_s0] ep 14 loss 0.6912 val_auroc 0.9276 lr 4.31e-04 619s
[IFreal_s0] ep 15 loss 0.6897 val_auroc 0.9285 lr 4.19e-04 660s
[IFreal_s0] ep 16 loss 0.6891 val_auroc 0.9281 lr 4.07e-04 710s
[IFreal_s0] ep 17 loss 0.6819 val_auroc 0.9292 lr 3.94e-04 761s
[IFreal_s0] ep 18 loss 0.6875 val_auroc 0.9292 lr 3.80e-04 812s
[IFreal_s0] ep 19 loss 0.6893 val_auroc 0.9258 lr 3.65e-04 863s
[IFreal_s0] ep 20 loss 0.6743 val_auroc 0.9297 lr 3.50e-04 911s
[IFreal_s0] ep 21 loss 0.6752 val_auroc 0.9292 lr 3.35e-04 960s
[IFreal_s0] ep 22 loss 0.6786 val_auroc 0.9289 lr 3.19e-04 1010s
[IFreal_s0] ep 23 loss 0.6731 val_auroc 0.9293 lr 3.03e-04 1058s
[IFreal_s0] ep 24 loss 0.6604 val_auroc 0.9293 lr 2.87e-04 1107s
[IFreal_s0] ep 25 loss 0.6609 val_auroc 0.9321 lr 2.71e-04 1156s
[IFreal_s0] ep 26 loss 0.6481 val_auroc 0.9331 lr 2.54e-04 1203s
[IFreal_s0] ep 27 loss 0.6481 val_auroc 0.9301 lr 2.38e-04 1250s
[IFreal_s0] ep 28 loss 0.6389 val_auroc 0.9336 lr 2.21e-04 1297s
[IFreal_s0] ep 29 loss 0.6386 val_auroc 0.9291 lr 2.05e-04 1344s
[IFreal_s0] ep 30 loss 0.6474 val_auroc 0.9267 lr 1.89e-04 1392s
[IFreal_s0] ep 31 loss 0.6380 val_auroc 0.9283 lr 1.73e-04 1439s
[IFreal_s0] ep 32 loss 0.6324 val_auroc 0.9286 lr 1.57e-04 1488s
[IFreal_s0] ep 33 loss 0.6288 val_auroc 0.9297 lr 1.42e-04 1537s
[IFreal_s0] ep 34 loss 0.6276 val_auroc 0.9281 lr 1.27e-04 1586s
[IFreal_s0] ep 35 loss 0.6267 val_auroc 0.9291 lr 1.13e-04 1635s
[IFreal_s0] ep 36 loss 0.6184 val_auroc 0.9280 lr 9.97e-05 1684s
[IFreal_s0] ep 37 loss 0.6073 val_auroc 0.9291 lr 8.69e-05 1732s
[IFreal_s0] ep 38 loss 0.6111 val_auroc 0.9286 lr 7.47e-05 1782s
[IFreal_s0] early stop at ep 38
[IFreal_s0] DONE best_ep 28 val 0.9336 test nan params 509574 time 1781.6s

===== 2026-10-04 15:34:04 IB0aug_s1 =====
[IB0aug_s1] device=mps params=507653 train=17084 val=2146 test=2158 pos_weight=[1.2489999532699585, 2.9010000228881836, 3.0810000896453857, 3.372999906539917, 7.061999797821045] git=70efa5305933fc36284c815db4cac718c9eb380e-dirty code=19a501c3ebbd
[IB0aug_s1] ep  1 loss 0.9081 val_auroc 0.8976 lr 2.00e-04 29s
[IB0aug_s1] ep  2 loss 0.7865 val_auroc 0.9076 lr 4.00e-04 57s
[IB0aug_s1] ep  3 loss 0.7375 val_auroc 0.9154 lr 5.00e-04 84s
[IB0aug_s1] ep  4 loss 0.7174 val_auroc 0.9147 lr 4.99e-04 112s
[IB0aug_s1] ep  5 loss 0.7045 val_auroc 0.9197 lr 4.97e-04 140s
[IB0aug_s1] ep  6 loss 0.6881 val_auroc 0.9178 lr 4.93e-04 168s
[IB0aug_s1] ep  7 loss 0.6838 val_auroc 0.9217 lr 4.89e-04 195s
[IB0aug_s1] ep  8 loss 0.6777 val_auroc 0.9225 lr 4.84e-04 223s
[IB0aug_s1] ep  9 loss 0.6768 val_auroc 0.9250 lr 4.77e-04 251s
[IB0aug_s1] ep 10 loss 0.6698 val_auroc 0.9254 lr 4.70e-04 277s
[IB0aug_s1] ep 11 loss 0.6716 val_auroc 0.9267 lr 4.62e-04 304s
[IB0aug_s1] ep 12 loss 0.6574 val_auroc 0.9268 lr 4.52e-04 331s
[IB0aug_s1] ep 13 loss 0.6460 val_auroc 0.9308 lr 4.42e-04 359s
[IB0aug_s1] ep 14 loss 0.6581 val_auroc 0.9274 lr 4.31e-04 386s
[IB0aug_s1] ep 15 loss 0.6550 val_auroc 0.9299 lr 4.19e-04 413s
[IB0aug_s1] ep 16 loss 0.6465 val_auroc 0.9306 lr 4.07e-04 441s
[IB0aug_s1] ep 17 loss 0.6419 val_auroc 0.9280 lr 3.94e-04 469s
[IB0aug_s1] ep 18 loss 0.6364 val_auroc 0.9297 lr 3.80e-04 498s
[IB0aug_s1] ep 19 loss 0.6415 val_auroc 0.9317 lr 3.65e-04 526s
[IB0aug_s1] ep 20 loss 0.6272 val_auroc 0.9326 lr 3.50e-04 554s
[IB0aug_s1] ep 21 loss 0.6256 val_auroc 0.9315 lr 3.35e-04 582s
[IB0aug_s1] ep 22 loss 0.6252 val_auroc 0.9322 lr 3.19e-04 610s
[IB0aug_s1] ep 23 loss 0.6262 val_auroc 0.9317 lr 3.03e-04 638s
[IB0aug_s1] ep 24 loss 0.6204 val_auroc 0.9316 lr 2.87e-04 666s
[IB0aug_s1] ep 25 loss 0.6058 val_auroc 0.9323 lr 2.71e-04 694s
[IB0aug_s1] ep 26 loss 0.6155 val_auroc 0.9319 lr 2.54e-04 722s
[IB0aug_s1] ep 27 loss 0.6089 val_auroc 0.9307 lr 2.38e-04 750s
[IB0aug_s1] ep 28 loss 0.5963 val_auroc 0.9327 lr 2.21e-04 778s
[IB0aug_s1] ep 29 loss 0.5958 val_auroc 0.9344 lr 2.05e-04 806s
[IB0aug_s1] ep 30 loss 0.5879 val_auroc 0.9313 lr 1.89e-04 834s
[IB0aug_s1] ep 31 loss 0.5875 val_auroc 0.9316 lr 1.73e-04 862s
[IB0aug_s1] ep 32 loss 0.5863 val_auroc 0.9326 lr 1.57e-04 890s
[IB0aug_s1] ep 33 loss 0.5802 val_auroc 0.9278 lr 1.42e-04 918s
[IB0aug_s1] ep 34 loss 0.5757 val_auroc 0.9303 lr 1.27e-04 944s
[IB0aug_s1] ep 35 loss 0.5694 val_auroc 0.9319 lr 1.13e-04 970s
[IB0aug_s1] ep 36 loss 0.5689 val_auroc 0.9329 lr 9.97e-05 997s
[IB0aug_s1] ep 37 loss 0.5693 val_auroc 0.9314 lr 8.69e-05 1024s
[IB0aug_s1] ep 38 loss 0.5604 val_auroc 0.9305 lr 7.47e-05 1050s
[IB0aug_s1] ep 39 loss 0.5603 val_auroc 0.9315 lr 6.33e-05 1077s
[IB0aug_s1] early stop at ep 39
[IB0aug_s1] DONE best_ep 29 val 0.9344 test nan params 507653 time 1077.2s

===== 2026-10-04 15:52:29 IE_s1 =====
[IE_s1] device=mps params=509574 train=17084 val=2146 test=2158 pos_weight=[1.2489999532699585, 2.9010000228881836, 3.0810000896453857, 3.372999906539917, 7.061999797821045] git=70efa5305933fc36284c815db4cac718c9eb380e-dirty code=19a501c3ebbd
[IE_s1] ep  1 loss 0.9340 val_auroc 0.8942 lr 2.00e-04 28s
[IE_s1] ep  2 loss 0.7985 val_auroc 0.9049 lr 4.00e-04 56s
[IE_s1] ep  3 loss 0.7511 val_auroc 0.9114 lr 5.00e-04 83s
[IE_s1] ep  4 loss 0.7299 val_auroc 0.9122 lr 4.99e-04 110s
[IE_s1] ep  5 loss 0.7154 val_auroc 0.9128 lr 4.97e-04 138s
[IE_s1] ep  6 loss 0.6995 val_auroc 0.9195 lr 4.93e-04 165s
[IE_s1] ep  7 loss 0.6924 val_auroc 0.9195 lr 4.89e-04 192s
[IE_s1] ep  8 loss 0.6889 val_auroc 0.9197 lr 4.84e-04 220s
[IE_s1] ep  9 loss 0.6862 val_auroc 0.9209 lr 4.77e-04 247s
[IE_s1] ep 10 loss 0.6788 val_auroc 0.9207 lr 4.70e-04 275s
[IE_s1] ep 11 loss 0.6806 val_auroc 0.9229 lr 4.62e-04 302s
[IE_s1] ep 12 loss 0.6671 val_auroc 0.9260 lr 4.52e-04 330s
[IE_s1] ep 13 loss 0.6537 val_auroc 0.9292 lr 4.42e-04 358s
[IE_s1] ep 14 loss 0.6648 val_auroc 0.9262 lr 4.31e-04 387s
[IE_s1] ep 15 loss 0.6637 val_auroc 0.9270 lr 4.19e-04 416s
[IE_s1] ep 16 loss 0.6542 val_auroc 0.9294 lr 4.07e-04 445s
[IE_s1] ep 17 loss 0.6492 val_auroc 0.9258 lr 3.94e-04 474s
[IE_s1] ep 18 loss 0.6443 val_auroc 0.9277 lr 3.80e-04 504s
[IE_s1] ep 19 loss 0.6513 val_auroc 0.9297 lr 3.65e-04 533s
[IE_s1] ep 20 loss 0.6318 val_auroc 0.9283 lr 3.50e-04 563s
[IE_s1] ep 21 loss 0.6340 val_auroc 0.9268 lr 3.35e-04 592s
[IE_s1] ep 22 loss 0.6334 val_auroc 0.9303 lr 3.19e-04 621s
[IE_s1] ep 23 loss 0.6310 val_auroc 0.9313 lr 3.03e-04 651s
[IE_s1] ep 24 loss 0.6261 val_auroc 0.9280 lr 2.87e-04 681s
[IE_s1] ep 25 loss 0.6143 val_auroc 0.9284 lr 2.71e-04 710s
[IE_s1] ep 26 loss 0.6210 val_auroc 0.9294 lr 2.54e-04 741s
[IE_s1] ep 27 loss 0.6142 val_auroc 0.9293 lr 2.38e-04 770s
[IE_s1] ep 28 loss 0.5994 val_auroc 0.9295 lr 2.21e-04 800s
[IE_s1] ep 29 loss 0.6008 val_auroc 0.9337 lr 2.05e-04 830s
[IE_s1] ep 30 loss 0.5890 val_auroc 0.9258 lr 1.89e-04 859s
[IE_s1] ep 31 loss 0.5877 val_auroc 0.9271 lr 1.73e-04 889s
[IE_s1] ep 32 loss 0.5849 val_auroc 0.9291 lr 1.57e-04 919s
[IE_s1] ep 33 loss 0.5792 val_auroc 0.9255 lr 1.42e-04 947s
[IE_s1] ep 34 loss 0.5765 val_auroc 0.9249 lr 1.27e-04 976s
[IE_s1] ep 35 loss 0.5693 val_auroc 0.9275 lr 1.13e-04 1006s
[IE_s1] ep 36 loss 0.5679 val_auroc 0.9288 lr 9.97e-05 1035s
[IE_s1] ep 37 loss 0.5676 val_auroc 0.9254 lr 8.69e-05 1064s
[IE_s1] ep 38 loss 0.5572 val_auroc 0.9260 lr 7.47e-05 1093s
[IE_s1] ep 39 loss 0.5582 val_auroc 0.9265 lr 6.33e-05 1123s
[IE_s1] early stop at ep 39
[IE_s1] DONE best_ep 29 val 0.9337 test nan params 509574 time 1122.7s

===== 2026-10-04 16:11:36 IF_s1 =====
[IF_s1] device=mps params=509574 train=17084 val=2146 test=2158 pos_weight=[1.2489999532699585, 2.9010000228881836, 3.0810000896453857, 3.372999906539917, 7.061999797821045] git=70efa5305933fc36284c815db4cac718c9eb380e-dirty code=19a501c3ebbd
[IF_s1] ep  1 loss 1.0452 val_auroc 0.8865 lr 2.00e-04 51s
[IF_s1] ep  2 loss 0.8638 val_auroc 0.8979 lr 4.00e-04 102s
[IF_s1] ep  3 loss 0.7849 val_auroc 0.9096 lr 5.00e-04 154s
[IF_s1] ep  4 loss 0.7559 val_auroc 0.9102 lr 4.99e-04 206s
[IF_s1] ep  5 loss 0.7418 val_auroc 0.9129 lr 4.97e-04 257s
[IF_s1] ep  6 loss 0.7272 val_auroc 0.9134 lr 4.93e-04 308s
[IF_s1] ep  7 loss 0.7204 val_auroc 0.9180 lr 4.89e-04 360s
[IF_s1] ep  8 loss 0.7172 val_auroc 0.9157 lr 4.84e-04 412s
[IF_s1] ep  9 loss 0.7162 val_auroc 0.9183 lr 4.77e-04 465s
[IF_s1] ep 10 loss 0.7087 val_auroc 0.9209 lr 4.70e-04 515s
[IF_s1] ep 11 loss 0.7105 val_auroc 0.9196 lr 4.62e-04 565s
[IF_s1] ep 12 loss 0.6982 val_auroc 0.9228 lr 4.52e-04 615s
[IF_s1] ep 13 loss 0.6865 val_auroc 0.9258 lr 4.42e-04 665s
[IF_s1] ep 14 loss 0.6967 val_auroc 0.9228 lr 4.31e-04 715s
[IF_s1] ep 15 loss 0.6939 val_auroc 0.9241 lr 4.19e-04 765s
[IF_s1] ep 16 loss 0.6856 val_auroc 0.9264 lr 4.07e-04 814s
[IF_s1] ep 17 loss 0.6823 val_auroc 0.9243 lr 3.94e-04 864s
[IF_s1] ep 18 loss 0.6780 val_auroc 0.9283 lr 3.80e-04 914s
[IF_s1] ep 19 loss 0.6846 val_auroc 0.9286 lr 3.65e-04 963s
[IF_s1] ep 20 loss 0.6696 val_auroc 0.9297 lr 3.50e-04 1014s
[IF_s1] ep 21 loss 0.6668 val_auroc 0.9266 lr 3.35e-04 1064s
[IF_s1] ep 22 loss 0.6661 val_auroc 0.9271 lr 3.19e-04 1114s
[IF_s1] ep 23 loss 0.6670 val_auroc 0.9293 lr 3.03e-04 1164s
[IF_s1] ep 24 loss 0.6616 val_auroc 0.9245 lr 2.87e-04 1215s
[IF_s1] ep 25 loss 0.6526 val_auroc 0.9267 lr 2.71e-04 1267s
[IF_s1] ep 26 loss 0.6559 val_auroc 0.9265 lr 2.54e-04 1317s
[IF_s1] ep 27 loss 0.6499 val_auroc 0.9304 lr 2.38e-04 1367s
[IF_s1] ep 28 loss 0.6381 val_auroc 0.9286 lr 2.21e-04 1417s
[IF_s1] ep 29 loss 0.6383 val_auroc 0.9328 lr 2.05e-04 1466s
[IF_s1] ep 30 loss 0.6310 val_auroc 0.9279 lr 1.89e-04 1516s
[IF_s1] ep 31 loss 0.6291 val_auroc 0.9276 lr 1.73e-04 1566s
[IF_s1] ep 32 loss 0.6257 val_auroc 0.9289 lr 1.57e-04 1616s
[IF_s1] ep 33 loss 0.6180 val_auroc 0.9263 lr 1.42e-04 1666s
[IF_s1] ep 34 loss 0.6180 val_auroc 0.9271 lr 1.27e-04 1716s
[IF_s1] ep 35 loss 0.6145 val_auroc 0.9297 lr 1.13e-04 1766s
[IF_s1] ep 36 loss 0.6116 val_auroc 0.9297 lr 9.97e-05 1816s
[IF_s1] ep 37 loss 0.6119 val_auroc 0.9273 lr 8.69e-05 1867s
[IF_s1] ep 38 loss 0.6025 val_auroc 0.9283 lr 7.47e-05 1917s
[IF_s1] ep 39 loss 0.6020 val_auroc 0.9279 lr 6.33e-05 1968s
[IF_s1] early stop at ep 39
[IF_s1] DONE best_ep 29 val 0.9328 test nan params 509574 time 1967.6s

===== 2026-10-04 16:44:51 IEclean_s1 =====
[IEclean_s1] device=mps params=509574 train=17084 val=2146 test=2158 pos_weight=[1.2489999532699585, 2.9010000228881836, 3.0810000896453857, 3.372999906539917, 7.061999797821045] git=70efa5305933fc36284c815db4cac718c9eb380e-dirty code=19a501c3ebbd
[IEclean_s1] ep  1 loss 0.9186 val_auroc 0.8961 lr 2.00e-04 26s
[IEclean_s1] ep  2 loss 0.7889 val_auroc 0.9060 lr 4.00e-04 52s
[IEclean_s1] ep  3 loss 0.7450 val_auroc 0.9125 lr 5.00e-04 78s
[IEclean_s1] ep  4 loss 0.7224 val_auroc 0.9140 lr 4.99e-04 104s
[IEclean_s1] ep  5 loss 0.7083 val_auroc 0.9156 lr 4.97e-04 130s
[IEclean_s1] ep  6 loss 0.6932 val_auroc 0.9205 lr 4.93e-04 157s
[IEclean_s1] ep  7 loss 0.6863 val_auroc 0.9195 lr 4.89e-04 183s
[IEclean_s1] ep  8 loss 0.6818 val_auroc 0.9165 lr 4.84e-04 208s
[IEclean_s1] ep  9 loss 0.6784 val_auroc 0.9219 lr 4.77e-04 235s
[IEclean_s1] ep 10 loss 0.6715 val_auroc 0.9242 lr 4.70e-04 261s
[IEclean_s1] ep 11 loss 0.6720 val_auroc 0.9236 lr 4.62e-04 288s
[IEclean_s1] ep 12 loss 0.6597 val_auroc 0.9252 lr 4.52e-04 313s
[IEclean_s1] ep 13 loss 0.6470 val_auroc 0.9293 lr 4.42e-04 335s
[IEclean_s1] ep 14 loss 0.6582 val_auroc 0.9251 lr 4.31e-04 357s
[IEclean_s1] ep 15 loss 0.6549 val_auroc 0.9295 lr 4.19e-04 379s
[IEclean_s1] ep 16 loss 0.6460 val_auroc 0.9284 lr 4.07e-04 401s
[IEclean_s1] ep 17 loss 0.6400 val_auroc 0.9274 lr 3.94e-04 423s
[IEclean_s1] ep 18 loss 0.6364 val_auroc 0.9297 lr 3.80e-04 446s
[IEclean_s1] ep 19 loss 0.6424 val_auroc 0.9268 lr 3.65e-04 468s
[IEclean_s1] ep 20 loss 0.6226 val_auroc 0.9282 lr 3.50e-04 491s
[IEclean_s1] ep 21 loss 0.6258 val_auroc 0.9287 lr 3.35e-04 513s
[IEclean_s1] ep 22 loss 0.6210 val_auroc 0.9296 lr 3.19e-04 535s
[IEclean_s1] ep 23 loss 0.6208 val_auroc 0.9315 lr 3.03e-04 558s
[IEclean_s1] ep 24 loss 0.6163 val_auroc 0.9286 lr 2.87e-04 580s
[IEclean_s1] ep 25 loss 0.6023 val_auroc 0.9286 lr 2.71e-04 602s
[IEclean_s1] ep 26 loss 0.6080 val_auroc 0.9275 lr 2.54e-04 624s
[IEclean_s1] ep 27 loss 0.6014 val_auroc 0.9309 lr 2.38e-04 646s
[IEclean_s1] ep 28 loss 0.5854 val_auroc 0.9308 lr 2.21e-04 668s
[IEclean_s1] ep 29 loss 0.5875 val_auroc 0.9344 lr 2.05e-04 690s
[IEclean_s1] ep 30 loss 0.5730 val_auroc 0.9271 lr 1.89e-04 712s
[IEclean_s1] ep 31 loss 0.5724 val_auroc 0.9280 lr 1.73e-04 734s
[IEclean_s1] ep 32 loss 0.5666 val_auroc 0.9296 lr 1.57e-04 755s
[IEclean_s1] ep 33 loss 0.5604 val_auroc 0.9260 lr 1.42e-04 777s
[IEclean_s1] ep 34 loss 0.5577 val_auroc 0.9244 lr 1.27e-04 799s
[IEclean_s1] ep 35 loss 0.5491 val_auroc 0.9286 lr 1.13e-04 821s
[IEclean_s1] ep 36 loss 0.5491 val_auroc 0.9291 lr 9.97e-05 843s
[IEclean_s1] ep 37 loss 0.5484 val_auroc 0.9256 lr 8.69e-05 865s
[IEclean_s1] ep 38 loss 0.5341 val_auroc 0.9280 lr 7.47e-05 887s
[IEclean_s1] ep 39 loss 0.5331 val_auroc 0.9281 lr 6.33e-05 910s
[IEclean_s1] early stop at ep 39
[IEclean_s1] DONE best_ep 29 val 0.9344 test nan params 509574 time 909.7s

===== 2026-10-04 17:00:18 IB0augreal_s1 =====
[IB0augreal_s1] device=mps params=507653 train=17084 val=2146 test=2158 pos_weight=[1.2489999532699585, 2.9010000228881836, 3.0810000896453857, 3.372999906539917, 7.061999797821045] git=70efa5305933fc36284c815db4cac718c9eb380e-dirty code=19a501c3ebbd
[IB0augreal_s1] ep  1 loss 0.9049 val_auroc 0.9005 lr 2.00e-04 24s
[IB0augreal_s1] ep  2 loss 0.7866 val_auroc 0.9069 lr 4.00e-04 47s
[IB0augreal_s1] ep  3 loss 0.7386 val_auroc 0.9154 lr 5.00e-04 71s
[IB0augreal_s1] ep  4 loss 0.7185 val_auroc 0.9160 lr 4.99e-04 95s
[IB0augreal_s1] ep  5 loss 0.7054 val_auroc 0.9177 lr 4.97e-04 119s
[IB0augreal_s1] ep  6 loss 0.6886 val_auroc 0.9223 lr 4.93e-04 142s
[IB0augreal_s1] ep  7 loss 0.6855 val_auroc 0.9235 lr 4.89e-04 166s
[IB0augreal_s1] ep  8 loss 0.6809 val_auroc 0.9214 lr 4.84e-04 190s
[IB0augreal_s1] ep  9 loss 0.6782 val_auroc 0.9276 lr 4.77e-04 213s
[IB0augreal_s1] ep 10 loss 0.6722 val_auroc 0.9278 lr 4.70e-04 237s
[IB0augreal_s1] ep 11 loss 0.6737 val_auroc 0.9265 lr 4.62e-04 261s
[IB0augreal_s1] ep 12 loss 0.6600 val_auroc 0.9299 lr 4.52e-04 284s
[IB0augreal_s1] ep 13 loss 0.6470 val_auroc 0.9330 lr 4.42e-04 308s
[IB0augreal_s1] ep 14 loss 0.6592 val_auroc 0.9274 lr 4.31e-04 332s
[IB0augreal_s1] ep 15 loss 0.6561 val_auroc 0.9316 lr 4.19e-04 356s
[IB0augreal_s1] ep 16 loss 0.6491 val_auroc 0.9307 lr 4.07e-04 380s
[IB0augreal_s1] ep 17 loss 0.6438 val_auroc 0.9297 lr 3.94e-04 403s
[IB0augreal_s1] ep 18 loss 0.6384 val_auroc 0.9301 lr 3.80e-04 427s
[IB0augreal_s1] ep 19 loss 0.6466 val_auroc 0.9308 lr 3.65e-04 451s
[IB0augreal_s1] ep 20 loss 0.6275 val_auroc 0.9329 lr 3.50e-04 475s
[IB0augreal_s1] ep 21 loss 0.6289 val_auroc 0.9321 lr 3.35e-04 498s
[IB0augreal_s1] ep 22 loss 0.6273 val_auroc 0.9323 lr 3.19e-04 521s
[IB0augreal_s1] ep 23 loss 0.6268 val_auroc 0.9342 lr 3.03e-04 545s
[IB0augreal_s1] ep 24 loss 0.6230 val_auroc 0.9313 lr 2.87e-04 569s
[IB0augreal_s1] ep 25 loss 0.6096 val_auroc 0.9303 lr 2.71e-04 593s
[IB0augreal_s1] ep 26 loss 0.6168 val_auroc 0.9321 lr 2.54e-04 617s
[IB0augreal_s1] ep 27 loss 0.6097 val_auroc 0.9333 lr 2.38e-04 640s
[IB0augreal_s1] ep 28 loss 0.5979 val_auroc 0.9338 lr 2.21e-04 664s
[IB0augreal_s1] ep 29 loss 0.5996 val_auroc 0.9363 lr 2.05e-04 688s
[IB0augreal_s1] ep 30 loss 0.5868 val_auroc 0.9316 lr 1.89e-04 712s
[IB0augreal_s1] ep 31 loss 0.5873 val_auroc 0.9330 lr 1.73e-04 735s
[IB0augreal_s1] ep 32 loss 0.5876 val_auroc 0.9331 lr 1.57e-04 759s
[IB0augreal_s1] ep 33 loss 0.5799 val_auroc 0.9293 lr 1.42e-04 783s
[IB0augreal_s1] ep 34 loss 0.5778 val_auroc 0.9293 lr 1.27e-04 807s
[IB0augreal_s1] ep 35 loss 0.5729 val_auroc 0.9336 lr 1.13e-04 830s
[IB0augreal_s1] ep 36 loss 0.5707 val_auroc 0.9321 lr 9.97e-05 854s
[IB0augreal_s1] ep 37 loss 0.5710 val_auroc 0.9304 lr 8.69e-05 877s
[IB0augreal_s1] ep 38 loss 0.5603 val_auroc 0.9302 lr 7.47e-05 901s
[IB0augreal_s1] ep 39 loss 0.5608 val_auroc 0.9295 lr 6.33e-05 925s
[IB0augreal_s1] early stop at ep 39
[IB0augreal_s1] DONE best_ep 29 val 0.9363 test nan params 507653 time 924.7s

===== 2026-10-04 17:16:07 IFreal_s1 =====
[IFreal_s1] device=mps params=509574 train=17084 val=2146 test=2158 pos_weight=[1.2489999532699585, 2.9010000228881836, 3.0810000896453857, 3.372999906539917, 7.061999797821045] git=70efa5305933fc36284c815db4cac718c9eb380e-dirty code=19a501c3ebbd
[IFreal_s1] ep  1 loss 1.0443 val_auroc 0.8841 lr 2.00e-04 43s
[IFreal_s1] ep  2 loss 0.8635 val_auroc 0.8967 lr 4.00e-04 85s
[IFreal_s1] ep  3 loss 0.7872 val_auroc 0.9090 lr 5.00e-04 127s
[IFreal_s1] ep  4 loss 0.7588 val_auroc 0.9098 lr 4.99e-04 169s
[IFreal_s1] ep  5 loss 0.7434 val_auroc 0.9057 lr 4.97e-04 212s
[IFreal_s1] ep  6 loss 0.7306 val_auroc 0.9158 lr 4.93e-04 254s
[IFreal_s1] ep  7 loss 0.7240 val_auroc 0.9154 lr 4.89e-04 296s
[IFreal_s1] ep  8 loss 0.7190 val_auroc 0.9155 lr 4.84e-04 337s
[IFreal_s1] ep  9 loss 0.7198 val_auroc 0.9180 lr 4.77e-04 379s
[IFreal_s1] ep 10 loss 0.7124 val_auroc 0.9189 lr 4.70e-04 421s
[IFreal_s1] ep 11 loss 0.7123 val_auroc 0.9209 lr 4.62e-04 463s
[IFreal_s1] ep 12 loss 0.7011 val_auroc 0.9207 lr 4.52e-04 505s
[IFreal_s1] ep 13 loss 0.6888 val_auroc 0.9271 lr 4.42e-04 547s
[IFreal_s1] ep 14 loss 0.6991 val_auroc 0.9267 lr 4.31e-04 590s
[IFreal_s1] ep 15 loss 0.6938 val_auroc 0.9241 lr 4.19e-04 632s
[IFreal_s1] ep 16 loss 0.6859 val_auroc 0.9278 lr 4.07e-04 674s
[IFreal_s1] ep 17 loss 0.6842 val_auroc 0.9233 lr 3.94e-04 717s
[IFreal_s1] ep 18 loss 0.6803 val_auroc 0.9269 lr 3.80e-04 759s
[IFreal_s1] ep 19 loss 0.6864 val_auroc 0.9255 lr 3.65e-04 801s
[IFreal_s1] ep 20 loss 0.6724 val_auroc 0.9279 lr 3.50e-04 844s
[IFreal_s1] ep 21 loss 0.6719 val_auroc 0.9275 lr 3.35e-04 886s
[IFreal_s1] ep 22 loss 0.6698 val_auroc 0.9298 lr 3.19e-04 928s
[IFreal_s1] ep 23 loss 0.6678 val_auroc 0.9286 lr 3.03e-04 971s
[IFreal_s1] ep 24 loss 0.6653 val_auroc 0.9231 lr 2.87e-04 1012s
[IFreal_s1] ep 25 loss 0.6535 val_auroc 0.9264 lr 2.71e-04 1055s
[IFreal_s1] ep 26 loss 0.6599 val_auroc 0.9283 lr 2.54e-04 1097s
[IFreal_s1] ep 27 loss 0.6531 val_auroc 0.9292 lr 2.38e-04 1140s
[IFreal_s1] ep 28 loss 0.6401 val_auroc 0.9292 lr 2.21e-04 1182s
[IFreal_s1] ep 29 loss 0.6428 val_auroc 0.9328 lr 2.05e-04 1224s
[IFreal_s1] ep 30 loss 0.6337 val_auroc 0.9274 lr 1.89e-04 1265s
[IFreal_s1] ep 31 loss 0.6340 val_auroc 0.9293 lr 1.73e-04 1307s
[IFreal_s1] ep 32 loss 0.6291 val_auroc 0.9289 lr 1.57e-04 1348s
[IFreal_s1] ep 33 loss 0.6251 val_auroc 0.9240 lr 1.42e-04 1390s
[IFreal_s1] ep 34 loss 0.6235 val_auroc 0.9248 lr 1.27e-04 1431s
[IFreal_s1] ep 35 loss 0.6171 val_auroc 0.9285 lr 1.13e-04 1472s
[IFreal_s1] ep 36 loss 0.6176 val_auroc 0.9286 lr 9.97e-05 1514s
[IFreal_s1] ep 37 loss 0.6170 val_auroc 0.9268 lr 8.69e-05 1555s
[IFreal_s1] ep 38 loss 0.6077 val_auroc 0.9281 lr 7.47e-05 1597s
[IFreal_s1] ep 39 loss 0.6080 val_auroc 0.9254 lr 6.33e-05 1638s
[IFreal_s1] early stop at ep 39
[IFreal_s1] DONE best_ep 29 val 0.9328 test nan params 509574 time 1638.1s

===== 2026-10-04 17:43:48 IB0aug_s2 =====
[IB0aug_s2] device=mps params=507653 train=17084 val=2146 test=2158 pos_weight=[1.2489999532699585, 2.9010000228881836, 3.0810000896453857, 3.372999906539917, 7.061999797821045] git=70efa5305933fc36284c815db4cac718c9eb380e-dirty code=19a501c3ebbd
[IB0aug_s2] ep  1 loss 0.9173 val_auroc 0.8933 lr 2.00e-04 26s
[IB0aug_s2] ep  2 loss 0.7827 val_auroc 0.9067 lr 4.00e-04 51s
[IB0aug_s2] ep  3 loss 0.7484 val_auroc 0.9153 lr 5.00e-04 75s
[IB0aug_s2] ep  4 loss 0.7226 val_auroc 0.9161 lr 4.99e-04 100s
[IB0aug_s2] ep  5 loss 0.6999 val_auroc 0.9207 lr 4.97e-04 126s
[IB0aug_s2] ep  6 loss 0.6931 val_auroc 0.9259 lr 4.93e-04 151s
[IB0aug_s2] ep  7 loss 0.6835 val_auroc 0.9264 lr 4.89e-04 175s
[IB0aug_s2] ep  8 loss 0.6766 val_auroc 0.9227 lr 4.84e-04 200s
[IB0aug_s2] ep  9 loss 0.6742 val_auroc 0.9284 lr 4.77e-04 224s
[IB0aug_s2] ep 10 loss 0.6813 val_auroc 0.9283 lr 4.70e-04 249s
[IB0aug_s2] ep 11 loss 0.6633 val_auroc 0.9273 lr 4.62e-04 272s
[IB0aug_s2] ep 12 loss 0.6702 val_auroc 0.9264 lr 4.52e-04 296s
[IB0aug_s2] ep 13 loss 0.6572 val_auroc 0.9325 lr 4.42e-04 321s
[IB0aug_s2] ep 14 loss 0.6494 val_auroc 0.9292 lr 4.31e-04 346s
[IB0aug_s2] ep 15 loss 0.6514 val_auroc 0.9269 lr 4.19e-04 370s
[IB0aug_s2] ep 16 loss 0.6511 val_auroc 0.9316 lr 4.07e-04 395s
[IB0aug_s2] ep 17 loss 0.6458 val_auroc 0.9280 lr 3.94e-04 419s
[IB0aug_s2] ep 18 loss 0.6473 val_auroc 0.9330 lr 3.80e-04 443s
[IB0aug_s2] ep 19 loss 0.6310 val_auroc 0.9309 lr 3.65e-04 467s
[IB0aug_s2] ep 20 loss 0.6265 val_auroc 0.9332 lr 3.50e-04 491s
[IB0aug_s2] ep 21 loss 0.6197 val_auroc 0.9311 lr 3.35e-04 515s
[IB0aug_s2] ep 22 loss 0.6239 val_auroc 0.9320 lr 3.19e-04 539s
[IB0aug_s2] ep 23 loss 0.6175 val_auroc 0.9291 lr 3.03e-04 563s
[IB0aug_s2] ep 24 loss 0.6149 val_auroc 0.9320 lr 2.87e-04 587s
[IB0aug_s2] ep 25 loss 0.6219 val_auroc 0.9339 lr 2.71e-04 611s
[IB0aug_s2] ep 26 loss 0.6083 val_auroc 0.9312 lr 2.54e-04 635s
[IB0aug_s2] ep 27 loss 0.6070 val_auroc 0.9310 lr 2.38e-04 659s
[IB0aug_s2] ep 28 loss 0.6095 val_auroc 0.9294 lr 2.21e-04 683s
[IB0aug_s2] ep 29 loss 0.5930 val_auroc 0.9300 lr 2.05e-04 707s
[IB0aug_s2] ep 30 loss 0.5958 val_auroc 0.9310 lr 1.89e-04 732s
[IB0aug_s2] ep 31 loss 0.5888 val_auroc 0.9310 lr 1.73e-04 756s
[IB0aug_s2] ep 32 loss 0.5750 val_auroc 0.9304 lr 1.57e-04 780s
[IB0aug_s2] ep 33 loss 0.5843 val_auroc 0.9292 lr 1.42e-04 804s
[IB0aug_s2] ep 34 loss 0.5689 val_auroc 0.9297 lr 1.27e-04 828s
[IB0aug_s2] ep 35 loss 0.5731 val_auroc 0.9274 lr 1.13e-04 852s
[IB0aug_s2] early stop at ep 35
[IB0aug_s2] DONE best_ep 25 val 0.9339 test nan params 507653 time 852.1s

===== 2026-10-04 17:58:25 IE_s2 =====
[IE_s2] device=mps params=509574 train=17084 val=2146 test=2158 pos_weight=[1.2489999532699585, 2.9010000228881836, 3.0810000896453857, 3.372999906539917, 7.061999797821045] git=70efa5305933fc36284c815db4cac718c9eb380e-dirty code=19a501c3ebbd
[IE_s2] ep  1 loss 0.9186 val_auroc 0.8915 lr 2.00e-04 25s
[IE_s2] ep  2 loss 0.7987 val_auroc 0.9061 lr 4.00e-04 50s
[IE_s2] ep  3 loss 0.7573 val_auroc 0.9093 lr 5.00e-04 75s
[IE_s2] ep  4 loss 0.7327 val_auroc 0.9150 lr 4.99e-04 100s
[IE_s2] ep  5 loss 0.7086 val_auroc 0.9195 lr 4.97e-04 125s
[IE_s2] ep  6 loss 0.7044 val_auroc 0.9206 lr 4.93e-04 150s
[IE_s2] ep  7 loss 0.6952 val_auroc 0.9219 lr 4.89e-04 176s
[IE_s2] ep  8 loss 0.6862 val_auroc 0.9169 lr 4.84e-04 201s
[IE_s2] ep  9 loss 0.6843 val_auroc 0.9276 lr 4.77e-04 227s
[IE_s2] ep 10 loss 0.6884 val_auroc 0.9245 lr 4.70e-04 252s
[IE_s2] ep 11 loss 0.6697 val_auroc 0.9255 lr 4.62e-04 277s
[IE_s2] ep 12 loss 0.6791 val_auroc 0.9211 lr 4.52e-04 302s
[IE_s2] ep 13 loss 0.6659 val_auroc 0.9297 lr 4.42e-04 328s
[IE_s2] ep 14 loss 0.6584 val_auroc 0.9240 lr 4.31e-04 354s
[IE_s2] ep 15 loss 0.6605 val_auroc 0.9221 lr 4.19e-04 380s
[IE_s2] ep 16 loss 0.6588 val_auroc 0.9275 lr 4.07e-04 406s
[IE_s2] ep 17 loss 0.6517 val_auroc 0.9258 lr 3.94e-04 431s
[IE_s2] ep 18 loss 0.6542 val_auroc 0.9288 lr 3.80e-04 456s
[IE_s2] ep 19 loss 0.6407 val_auroc 0.9299 lr 3.65e-04 482s
[IE_s2] ep 20 loss 0.6339 val_auroc 0.9288 lr 3.50e-04 507s
[IE_s2] ep 21 loss 0.6284 val_auroc 0.9298 lr 3.35e-04 532s
[IE_s2] ep 22 loss 0.6310 val_auroc 0.9323 lr 3.19e-04 557s
[IE_s2] ep 23 loss 0.6282 val_auroc 0.9304 lr 3.03e-04 582s
[IE_s2] ep 24 loss 0.6214 val_auroc 0.9310 lr 2.87e-04 607s
[IE_s2] ep 25 loss 0.6273 val_auroc 0.9328 lr 2.71e-04 632s
[IE_s2] ep 26 loss 0.6169 val_auroc 0.9292 lr 2.54e-04 658s
[IE_s2] ep 27 loss 0.6114 val_auroc 0.9300 lr 2.38e-04 683s
[IE_s2] ep 28 loss 0.6109 val_auroc 0.9300 lr 2.21e-04 708s
[IE_s2] ep 29 loss 0.5975 val_auroc 0.9282 lr 2.05e-04 733s
[IE_s2] ep 30 loss 0.5999 val_auroc 0.9303 lr 1.89e-04 758s
[IE_s2] ep 31 loss 0.5949 val_auroc 0.9289 lr 1.73e-04 784s
[IE_s2] ep 32 loss 0.5794 val_auroc 0.9293 lr 1.57e-04 809s
[IE_s2] ep 33 loss 0.5842 val_auroc 0.9289 lr 1.42e-04 834s
[IE_s2] ep 34 loss 0.5710 val_auroc 0.9275 lr 1.27e-04 859s
[IE_s2] ep 35 loss 0.5732 val_auroc 0.9275 lr 1.13e-04 884s
[IE_s2] early stop at ep 35
[IE_s2] DONE best_ep 25 val 0.9328 test nan params 509574 time 884.2s

===== 2026-10-04 18:13:33 IF_s2 =====
[IF_s2] device=mps params=509574 train=17084 val=2146 test=2158 pos_weight=[1.2489999532699585, 2.9010000228881836, 3.0810000896453857, 3.372999906539917, 7.061999797821045] git=70efa5305933fc36284c815db4cac718c9eb380e-dirty code=19a501c3ebbd
[IF_s2] ep  1 loss 1.0277 val_auroc 0.8840 lr 2.00e-04 44s
[IF_s2] ep  2 loss 0.8580 val_auroc 0.9009 lr 4.00e-04 87s
[IF_s2] ep  3 loss 0.7899 val_auroc 0.9049 lr 5.00e-04 130s
[IF_s2] ep  4 loss 0.7592 val_auroc 0.9098 lr 4.99e-04 174s
[IF_s2] ep  5 loss 0.7360 val_auroc 0.9184 lr 4.97e-04 217s
[IF_s2] ep  6 loss 0.7306 val_auroc 0.9183 lr 4.93e-04 260s
[IF_s2] ep  7 loss 0.7229 val_auroc 0.9208 lr 4.89e-04 303s
[IF_s2] ep  8 loss 0.7168 val_auroc 0.9188 lr 4.84e-04 346s
[IF_s2] ep  9 loss 0.7129 val_auroc 0.9269 lr 4.77e-04 389s
[IF_s2] ep 10 loss 0.7174 val_auroc 0.9236 lr 4.70e-04 432s
[IF_s2] ep 11 loss 0.7017 val_auroc 0.9250 lr 4.62e-04 475s
[IF_s2] ep 12 loss 0.7081 val_auroc 0.9215 lr 4.52e-04 518s
[IF_s2] ep 13 loss 0.6964 val_auroc 0.9281 lr 4.42e-04 562s
[IF_s2] ep 14 loss 0.6869 val_auroc 0.9246 lr 4.31e-04 605s
[IF_s2] ep 15 loss 0.6903 val_auroc 0.9216 lr 4.19e-04 649s
[IF_s2] ep 16 loss 0.6910 val_auroc 0.9265 lr 4.07e-04 692s
[IF_s2] ep 17 loss 0.6824 val_auroc 0.9254 lr 3.94e-04 735s
[IF_s2] ep 18 loss 0.6851 val_auroc 0.9294 lr 3.80e-04 778s
[IF_s2] ep 19 loss 0.6728 val_auroc 0.9280 lr 3.65e-04 821s
[IF_s2] ep 20 loss 0.6674 val_auroc 0.9303 lr 3.50e-04 864s
[IF_s2] ep 21 loss 0.6602 val_auroc 0.9272 lr 3.35e-04 907s
[IF_s2] ep 22 loss 0.6654 val_auroc 0.9291 lr 3.19e-04 950s
[IF_s2] ep 23 loss 0.6623 val_auroc 0.9279 lr 3.03e-04 993s
[IF_s2] ep 24 loss 0.6555 val_auroc 0.9301 lr 2.87e-04 1036s
[IF_s2] ep 25 loss 0.6633 val_auroc 0.9288 lr 2.71e-04 1078s
[IF_s2] ep 26 loss 0.6527 val_auroc 0.9280 lr 2.54e-04 1121s
[IF_s2] ep 27 loss 0.6494 val_auroc 0.9298 lr 2.38e-04 1163s
[IF_s2] ep 28 loss 0.6518 val_auroc 0.9299 lr 2.21e-04 1206s
[IF_s2] ep 29 loss 0.6392 val_auroc 0.9287 lr 2.05e-04 1248s
[IF_s2] ep 30 loss 0.6381 val_auroc 0.9319 lr 1.89e-04 1291s
[IF_s2] ep 31 loss 0.6362 val_auroc 0.9299 lr 1.73e-04 1333s
[IF_s2] ep 32 loss 0.6233 val_auroc 0.9294 lr 1.57e-04 1376s
[IF_s2] ep 33 loss 0.6278 val_auroc 0.9279 lr 1.42e-04 1419s
[IF_s2] ep 34 loss 0.6177 val_auroc 0.9276 lr 1.27e-04 1462s
[IF_s2] ep 35 loss 0.6178 val_auroc 0.9265 lr 1.13e-04 1504s
[IF_s2] ep 36 loss 0.6136 val_auroc 0.9271 lr 9.97e-05 1547s
[IF_s2] ep 37 loss 0.6197 val_auroc 0.9252 lr 8.69e-05 1590s
[IF_s2] ep 38 loss 0.5974 val_auroc 0.9273 lr 7.47e-05 1633s
[IF_s2] ep 39 loss 0.5920 val_auroc 0.9238 lr 6.33e-05 1675s
[IF_s2] ep 40 loss 0.5919 val_auroc 0.9241 lr 5.27e-05 1718s
[IF_s2] early stop at ep 40
[IF_s2] DONE best_ep 30 val 0.9319 test nan params 509574 time 1717.7s

===== 2026-10-04 18:42:35 IEclean_s2 =====
[IEclean_s2] device=mps params=509574 train=17084 val=2146 test=2158 pos_weight=[1.2489999532699585, 2.9010000228881836, 3.0810000896453857, 3.372999906539917, 7.061999797821045] git=70efa5305933fc36284c815db4cac718c9eb380e-dirty code=19a501c3ebbd
[IEclean_s2] ep  1 loss 0.9014 val_auroc 0.8917 lr 2.00e-04 24s
[IEclean_s2] ep  2 loss 0.7898 val_auroc 0.9043 lr 4.00e-04 46s
[IEclean_s2] ep  3 loss 0.7509 val_auroc 0.9100 lr 5.00e-04 67s
[IEclean_s2] ep  4 loss 0.7268 val_auroc 0.9140 lr 4.99e-04 89s
[IEclean_s2] ep  5 loss 0.7031 val_auroc 0.9197 lr 4.97e-04 111s
[IEclean_s2] ep  6 loss 0.6982 val_auroc 0.9216 lr 4.93e-04 133s
[IEclean_s2] ep  7 loss 0.6877 val_auroc 0.9214 lr 4.89e-04 154s
[IEclean_s2] ep  8 loss 0.6797 val_auroc 0.9166 lr 4.84e-04 176s
[IEclean_s2] ep  9 loss 0.6770 val_auroc 0.9278 lr 4.77e-04 198s
[IEclean_s2] ep 10 loss 0.6809 val_auroc 0.9274 lr 4.70e-04 220s
[IEclean_s2] ep 11 loss 0.6618 val_auroc 0.9251 lr 4.62e-04 241s
[IEclean_s2] ep 12 loss 0.6708 val_auroc 0.9234 lr 4.52e-04 263s
[IEclean_s2] ep 13 loss 0.6587 val_auroc 0.9304 lr 4.42e-04 285s
[IEclean_s2] ep 14 loss 0.6482 val_auroc 0.9272 lr 4.31e-04 307s
[IEclean_s2] ep 15 loss 0.6522 val_auroc 0.9211 lr 4.19e-04 328s
[IEclean_s2] ep 16 loss 0.6505 val_auroc 0.9261 lr 4.07e-04 350s
[IEclean_s2] ep 17 loss 0.6416 val_auroc 0.9271 lr 3.94e-04 372s
[IEclean_s2] ep 18 loss 0.6433 val_auroc 0.9304 lr 3.80e-04 394s
[IEclean_s2] ep 19 loss 0.6313 val_auroc 0.9292 lr 3.65e-04 416s
[IEclean_s2] ep 20 loss 0.6234 val_auroc 0.9311 lr 3.50e-04 437s
[IEclean_s2] ep 21 loss 0.6171 val_auroc 0.9291 lr 3.35e-04 459s
[IEclean_s2] ep 22 loss 0.6207 val_auroc 0.9323 lr 3.19e-04 481s
[IEclean_s2] ep 23 loss 0.6145 val_auroc 0.9258 lr 3.03e-04 502s
[IEclean_s2] ep 24 loss 0.6097 val_auroc 0.9298 lr 2.87e-04 524s
[IEclean_s2] ep 25 loss 0.6166 val_auroc 0.9307 lr 2.71e-04 546s
[IEclean_s2] ep 26 loss 0.6017 val_auroc 0.9252 lr 2.54e-04 568s
[IEclean_s2] ep 27 loss 0.5986 val_auroc 0.9283 lr 2.38e-04 590s
[IEclean_s2] ep 28 loss 0.5966 val_auroc 0.9280 lr 2.21e-04 612s
[IEclean_s2] ep 29 loss 0.5821 val_auroc 0.9259 lr 2.05e-04 634s
[IEclean_s2] ep 30 loss 0.5846 val_auroc 0.9281 lr 1.89e-04 655s
[IEclean_s2] ep 31 loss 0.5776 val_auroc 0.9266 lr 1.73e-04 678s
[IEclean_s2] ep 32 loss 0.5600 val_auroc 0.9252 lr 1.57e-04 700s
[IEclean_s2] early stop at ep 32
[IEclean_s2] DONE best_ep 22 val 0.9323 test nan params 509574 time 699.9s

===== 2026-10-04 18:54:30 IB0augreal_s2 =====
[IB0augreal_s2] device=mps params=507653 train=17084 val=2146 test=2158 pos_weight=[1.2489999532699585, 2.9010000228881836, 3.0810000896453857, 3.372999906539917, 7.061999797821045] git=70efa5305933fc36284c815db4cac718c9eb380e-dirty code=19a501c3ebbd
[IB0augreal_s2] ep  1 loss 0.9184 val_auroc 0.8862 lr 2.00e-04 24s
[IB0augreal_s2] ep  2 loss 0.7834 val_auroc 0.9068 lr 4.00e-04 47s
[IB0augreal_s2] ep  3 loss 0.7480 val_auroc 0.9124 lr 5.00e-04 70s
[IB0augreal_s2] ep  4 loss 0.7235 val_auroc 0.9141 lr 4.99e-04 93s
[IB0augreal_s2] ep  5 loss 0.6996 val_auroc 0.9170 lr 4.97e-04 116s
[IB0augreal_s2] ep  6 loss 0.6956 val_auroc 0.9236 lr 4.93e-04 139s
[IB0augreal_s2] ep  7 loss 0.6857 val_auroc 0.9232 lr 4.89e-04 162s
[IB0augreal_s2] ep  8 loss 0.6790 val_auroc 0.9231 lr 4.84e-04 185s
[IB0augreal_s2] ep  9 loss 0.6765 val_auroc 0.9249 lr 4.77e-04 208s
[IB0augreal_s2] ep 10 loss 0.6829 val_auroc 0.9278 lr 4.70e-04 232s
[IB0augreal_s2] ep 11 loss 0.6666 val_auroc 0.9259 lr 4.62e-04 255s
[IB0augreal_s2] ep 12 loss 0.6718 val_auroc 0.9263 lr 4.52e-04 278s
[IB0augreal_s2] ep 13 loss 0.6599 val_auroc 0.9285 lr 4.42e-04 301s
[IB0augreal_s2] ep 14 loss 0.6525 val_auroc 0.9282 lr 4.31e-04 325s
[IB0augreal_s2] ep 15 loss 0.6546 val_auroc 0.9264 lr 4.19e-04 348s
[IB0augreal_s2] ep 16 loss 0.6545 val_auroc 0.9297 lr 4.07e-04 371s
[IB0augreal_s2] ep 17 loss 0.6480 val_auroc 0.9267 lr 3.94e-04 395s
[IB0augreal_s2] ep 18 loss 0.6501 val_auroc 0.9334 lr 3.80e-04 420s
[IB0augreal_s2] ep 19 loss 0.6336 val_auroc 0.9268 lr 3.65e-04 443s
[IB0augreal_s2] ep 20 loss 0.6305 val_auroc 0.9311 lr 3.50e-04 467s
[IB0augreal_s2] ep 21 loss 0.6242 val_auroc 0.9305 lr 3.35e-04 491s
[IB0augreal_s2] ep 22 loss 0.6296 val_auroc 0.9309 lr 3.19e-04 514s
[IB0augreal_s2] ep 23 loss 0.6234 val_auroc 0.9306 lr 3.03e-04 537s
[IB0augreal_s2] ep 24 loss 0.6185 val_auroc 0.9313 lr 2.87e-04 561s
[IB0augreal_s2] ep 25 loss 0.6266 val_auroc 0.9310 lr 2.71e-04 584s
[IB0augreal_s2] ep 26 loss 0.6128 val_auroc 0.9293 lr 2.54e-04 608s
[IB0augreal_s2] ep 27 loss 0.6131 val_auroc 0.9319 lr 2.38e-04 631s
[IB0augreal_s2] ep 28 loss 0.6131 val_auroc 0.9302 lr 2.21e-04 654s
[IB0augreal_s2] early stop at ep 28
[IB0augreal_s2] DONE best_ep 18 val 0.9334 test nan params 507653 time 654.0s

===== 2026-10-04 19:05:46 IFreal_s2 =====
[IFreal_s2] device=mps params=509574 train=17084 val=2146 test=2158 pos_weight=[1.2489999532699585, 2.9010000228881836, 3.0810000896453857, 3.372999906539917, 7.061999797821045] git=70efa5305933fc36284c815db4cac718c9eb380e-dirty code=19a501c3ebbd
[IFreal_s2] ep  1 loss 1.0212 val_auroc 0.8847 lr 2.00e-04 42s
[IFreal_s2] ep  2 loss 0.8605 val_auroc 0.8937 lr 4.00e-04 84s
[IFreal_s2] ep  3 loss 0.7925 val_auroc 0.9069 lr 5.00e-04 125s
[IFreal_s2] ep  4 loss 0.7618 val_auroc 0.9100 lr 4.99e-04 168s
[IFreal_s2] ep  5 loss 0.7401 val_auroc 0.9176 lr 4.97e-04 211s
[IFreal_s2] ep  6 loss 0.7309 val_auroc 0.9188 lr 4.93e-04 254s
[IFreal_s2] ep  7 loss 0.7255 val_auroc 0.9214 lr 4.89e-04 296s
[IFreal_s2] ep  8 loss 0.7186 val_auroc 0.9158 lr 4.84e-04 338s
[IFreal_s2] ep  9 loss 0.7154 val_auroc 0.9233 lr 4.77e-04 380s
[IFreal_s2] ep 10 loss 0.7200 val_auroc 0.9245 lr 4.70e-04 421s
[IFreal_s2] ep 11 loss 0.7029 val_auroc 0.9249 lr 4.62e-04 464s
[IFreal_s2] ep 12 loss 0.7102 val_auroc 0.9198 lr 4.52e-04 505s
[IFreal_s2] ep 13 loss 0.7001 val_auroc 0.9296 lr 4.42e-04 547s
[IFreal_s2] ep 14 loss 0.6884 val_auroc 0.9232 lr 4.31e-04 588s
[IFreal_s2] ep 15 loss 0.6939 val_auroc 0.9206 lr 4.19e-04 631s
[IFreal_s2] ep 16 loss 0.6927 val_auroc 0.9273 lr 4.07e-04 673s
[IFreal_s2] ep 17 loss 0.6833 val_auroc 0.9231 lr 3.94e-04 715s
[IFreal_s2] ep 18 loss 0.6889 val_auroc 0.9297 lr 3.80e-04 756s
[IFreal_s2] ep 19 loss 0.6763 val_auroc 0.9254 lr 3.65e-04 799s
[IFreal_s2] ep 20 loss 0.6715 val_auroc 0.9304 lr 3.50e-04 841s
[IFreal_s2] ep 21 loss 0.6659 val_auroc 0.9308 lr 3.35e-04 883s
[IFreal_s2] ep 22 loss 0.6685 val_auroc 0.9282 lr 3.19e-04 924s
[IFreal_s2] ep 23 loss 0.6639 val_auroc 0.9277 lr 3.03e-04 966s
[IFreal_s2] ep 24 loss 0.6586 val_auroc 0.9301 lr 2.87e-04 1008s
[IFreal_s2] ep 25 loss 0.6651 val_auroc 0.9284 lr 2.71e-04 1050s
[IFreal_s2] ep 26 loss 0.6540 val_auroc 0.9279 lr 2.54e-04 1092s
[IFreal_s2] ep 27 loss 0.6537 val_auroc 0.9294 lr 2.38e-04 1132s
[IFreal_s2] ep 28 loss 0.6544 val_auroc 0.9295 lr 2.21e-04 1172s
[IFreal_s2] ep 29 loss 0.6413 val_auroc 0.9280 lr 2.05e-04 1211s
[IFreal_s2] ep 30 loss 0.6418 val_auroc 0.9293 lr 1.89e-04 1250s
[IFreal_s2] ep 31 loss 0.6377 val_auroc 0.9272 lr 1.73e-04 1290s
[IFreal_s2] early stop at ep 31
[IFreal_s2] DONE best_ep 21 val 0.9308 test nan params 509574 time 1289.6s
QUEUE_DONE b
