[difficulty] 1/49 clean 2s
[difficulty] 2/49 baseline_wander|+15|whole 4s
[difficulty] 3/49 baseline_wander|+15|burst 7s
[difficulty] 4/49 baseline_wander|+6|whole 9s
[difficulty] 5/49 baseline_wander|+6|burst 11s
[difficulty] 6/49 baseline_wander|+0|whole 14s
[difficulty] 7/49 baseline_wander|+0|burst 16s
[difficulty] 8/49 baseline_wander|-6|whole 19s
[difficulty] 9/49 baseline_wander|-6|burst 21s
[difficulty] 10/49 emg|+15|whole 24s
[difficulty] 11/49 emg|+15|burst 26s
[difficulty] 12/49 emg|+6|whole 29s
[difficulty] 13/49 emg|+6|burst 32s
[difficulty] 14/49 emg|+0|whole 35s
[difficulty] 15/49 emg|+0|burst 38s
[difficulty] 16/49 emg|-6|whole 41s
[difficulty] 17/49 emg|-6|burst 44s
[difficulty] 18/49 motion_burst|+15|whole 48s
[difficulty] 19/49 motion_burst|+15|burst 51s
[difficulty] 20/49 motion_burst|+6|whole 55s
[difficulty] 21/49 motion_burst|+6|burst 58s
[difficulty] 22/49 motion_burst|+0|whole 62s
[difficulty] 23/49 motion_burst|+0|burst 66s
[difficulty] 24/49 motion_burst|-6|whole 70s
[difficulty] 25/49 motion_burst|-6|burst 73s
[difficulty] 26/49 dropout|+15|whole 82s
[difficulty] 27/49 dropout|+15|burst 90s
[difficulty] 28/49 dropout|+6|whole 100s
[difficulty] 29/49 dropout|+6|burst 105s
[difficulty] 30/49 dropout|+0|whole 111s
[difficulty] 31/49 dropout|+0|burst 115s
[difficulty] 32/49 dropout|-6|whole 120s
[difficulty] 33/49 dropout|-6|burst 124s
[difficulty] 34/49 powerline|+15|whole 126s
[difficulty] 35/49 powerline|+15|burst 128s
[difficulty] 36/49 powerline|+6|whole 131s
[difficulty] 37/49 powerline|+6|burst 133s
[difficulty] 38/49 powerline|+0|whole 136s
[difficulty] 39/49 powerline|+0|burst 138s
[difficulty] 40/49 powerline|-6|whole 142s
[difficulty] 41/49 powerline|-6|burst 144s
[difficulty] 42/49 mixed|+15|whole 151s
[difficulty] 43/49 mixed|+15|burst 157s
[difficulty] 44/49 mixed|+6|whole 165s
[difficulty] 45/49 mixed|+6|burst 169s
[difficulty] 46/49 mixed|+0|whole 175s
[difficulty] 47/49 mixed|+0|burst 179s
[difficulty] 48/49 mixed|-6|whole 185s
[difficulty] 49/49 mixed|-6|burst 189s
[difficulty] wrote 3 files to /Volumes/Projects/medico/track1/results/track2/grid/difficulty
