
===== 2026-10-01 00:55:45 B0aug_s1 =====
[B0aug_s1] device=mps params=473349 train=17084 val=2146 test=2158 pos_weight=[1.2489999532699585, 2.9010000228881836, 3.0810000896453857, 3.372999906539917, 7.061999797821045] git=100e55535dd3f61fc004bd75c652653c86419944-dirty code=ae8548d139ad
[B0aug_s1] ep  1 loss 0.9222 val_auroc 0.8928 lr 2.00e-04 15s
[B0aug_s1] ep  2 loss 0.8045 val_auroc 0.9039 lr 4.00e-04 27s
[B0aug_s1] ep  3 loss 0.7524 val_auroc 0.9098 lr 5.00e-04 40s
[B0aug_s1] ep  4 loss 0.7318 val_auroc 0.9143 lr 4.99e-04 52s
[B0aug_s1] ep  5 loss 0.7191 val_auroc 0.9173 lr 4.97e-04 65s
[B0aug_s1] ep  6 loss 0.6997 val_auroc 0.9218 lr 4.93e-04 77s
[B0aug_s1] ep  7 loss 0.6984 val_auroc 0.9208 lr 4.89e-04 90s
[B0aug_s1] ep  8 loss 0.6898 val_auroc 0.9170 lr 4.84e-04 103s
[B0aug_s1] ep  9 loss 0.6894 val_auroc 0.9238 lr 4.77e-04 115s
[B0aug_s1] ep 10 loss 0.6841 val_auroc 0.9232 lr 4.70e-04 128s
[B0aug_s1] ep 11 loss 0.6853 val_auroc 0.9267 lr 4.62e-04 140s
[B0aug_s1] ep 12 loss 0.6716 val_auroc 0.9264 lr 4.52e-04 153s
[B0aug_s1] ep 13 loss 0.6595 val_auroc 0.9286 lr 4.42e-04 165s
[B0aug_s1] ep 14 loss 0.6724 val_auroc 0.9309 lr 4.31e-04 178s
[B0aug_s1] ep 15 loss 0.6684 val_auroc 0.9316 lr 4.19e-04 190s
[B0aug_s1] ep 16 loss 0.6611 val_auroc 0.9292 lr 4.07e-04 202s
[B0aug_s1] ep 17 loss 0.6598 val_auroc 0.9291 lr 3.94e-04 215s
[B0aug_s1] ep 18 loss 0.6563 val_auroc 0.9304 lr 3.80e-04 227s
[B0aug_s1] ep 19 loss 0.6620 val_auroc 0.9303 lr 3.65e-04 239s
[B0aug_s1] ep 20 loss 0.6466 val_auroc 0.9329 lr 3.50e-04 252s
[B0aug_s1] ep 21 loss 0.6473 val_auroc 0.9292 lr 3.35e-04 265s
[B0aug_s1] ep 22 loss 0.6448 val_auroc 0.9341 lr 3.19e-04 278s
[B0aug_s1] ep 23 loss 0.6455 val_auroc 0.9309 lr 3.03e-04 290s
[B0aug_s1] ep 24 loss 0.6403 val_auroc 0.9300 lr 2.87e-04 303s
[B0aug_s1] ep 25 loss 0.6306 val_auroc 0.9322 lr 2.71e-04 315s
[B0aug_s1] ep 26 loss 0.6386 val_auroc 0.9325 lr 2.54e-04 328s
[B0aug_s1] ep 27 loss 0.6343 val_auroc 0.9336 lr 2.38e-04 340s
[B0aug_s1] ep 28 loss 0.6203 val_auroc 0.9334 lr 2.21e-04 353s
[B0aug_s1] ep 29 loss 0.6226 val_auroc 0.9356 lr 2.05e-04 365s
[B0aug_s1] ep 30 loss 0.6130 val_auroc 0.9333 lr 1.89e-04 378s
[B0aug_s1] ep 31 loss 0.6170 val_auroc 0.9331 lr 1.73e-04 391s
[B0aug_s1] ep 32 loss 0.6135 val_auroc 0.9321 lr 1.57e-04 403s
[B0aug_s1] ep 33 loss 0.6101 val_auroc 0.9293 lr 1.42e-04 416s
[B0aug_s1] ep 34 loss 0.6097 val_auroc 0.9311 lr 1.27e-04 428s
[B0aug_s1] ep 35 loss 0.6042 val_auroc 0.9349 lr 1.13e-04 441s
[B0aug_s1] ep 36 loss 0.6050 val_auroc 0.9328 lr 9.97e-05 453s
[B0aug_s1] ep 37 loss 0.6024 val_auroc 0.9332 lr 8.69e-05 466s
[B0aug_s1] ep 38 loss 0.5973 val_auroc 0.9335 lr 7.47e-05 478s
[B0aug_s1] ep 39 loss 0.5985 val_auroc 0.9332 lr 6.33e-05 492s
[B0aug_s1] early stop at ep 39
[B0aug_s1] DONE best_ep 29 val 0.9356 test nan params 473349 time 491.5s

===== 2026-10-01 01:04:42 C_s1 =====
[C_s1] device=mps params=473221 train=17084 val=2146 test=2158 pos_weight=[1.2489999532699585, 2.9010000228881836, 3.0810000896453857, 3.372999906539917, 7.061999797821045] git=100e55535dd3f61fc004bd75c652653c86419944-dirty code=bc432bb2ca0d
[C_s1] ep  1 loss 0.9255 val_auroc 0.8905 lr 2.00e-04 14s
[C_s1] ep  2 loss 0.8100 val_auroc 0.8998 lr 4.00e-04 26s
[C_s1] ep  3 loss 0.7612 val_auroc 0.9082 lr 5.00e-04 40s
[C_s1] ep  4 loss 0.7382 val_auroc 0.9149 lr 4.99e-04 53s
[C_s1] ep  5 loss 0.7244 val_auroc 0.9124 lr 4.97e-04 66s
[C_s1] ep  6 loss 0.7062 val_auroc 0.9196 lr 4.93e-04 79s
[C_s1] ep  7 loss 0.7034 val_auroc 0.9196 lr 4.89e-04 92s
[C_s1] ep  8 loss 0.6958 val_auroc 0.9180 lr 4.84e-04 105s
[C_s1] ep  9 loss 0.6982 val_auroc 0.9228 lr 4.77e-04 118s
[C_s1] ep 10 loss 0.6922 val_auroc 0.9172 lr 4.70e-04 132s
[C_s1] ep 11 loss 0.6921 val_auroc 0.9214 lr 4.62e-04 145s
[C_s1] ep 12 loss 0.6773 val_auroc 0.9255 lr 4.52e-04 158s
[C_s1] ep 13 loss 0.6654 val_auroc 0.9259 lr 4.42e-04 171s
[C_s1] ep 14 loss 0.6787 val_auroc 0.9254 lr 4.31e-04 184s
[C_s1] ep 15 loss 0.6761 val_auroc 0.9275 lr 4.19e-04 197s
[C_s1] ep 16 loss 0.6683 val_auroc 0.9269 lr 4.07e-04 210s
[C_s1] ep 17 loss 0.6654 val_auroc 0.9243 lr 3.94e-04 223s
[C_s1] ep 18 loss 0.6609 val_auroc 0.9274 lr 3.80e-04 236s
[C_s1] ep 19 loss 0.6657 val_auroc 0.9293 lr 3.65e-04 249s
[C_s1] ep 20 loss 0.6491 val_auroc 0.9298 lr 3.50e-04 262s
[C_s1] ep 21 loss 0.6523 val_auroc 0.9276 lr 3.35e-04 275s
[C_s1] ep 22 loss 0.6496 val_auroc 0.9297 lr 3.19e-04 288s
[C_s1] ep 23 loss 0.6492 val_auroc 0.9311 lr 3.03e-04 301s
[C_s1] ep 24 loss 0.6439 val_auroc 0.9272 lr 2.87e-04 314s
[C_s1] ep 25 loss 0.6344 val_auroc 0.9304 lr 2.71e-04 327s
[C_s1] ep 26 loss 0.6431 val_auroc 0.9311 lr 2.54e-04 340s
[C_s1] ep 27 loss 0.6405 val_auroc 0.9313 lr 2.38e-04 353s
[C_s1] ep 28 loss 0.6225 val_auroc 0.9340 lr 2.21e-04 367s
[C_s1] ep 29 loss 0.6264 val_auroc 0.9336 lr 2.05e-04 380s
[C_s1] ep 30 loss 0.6183 val_auroc 0.9296 lr 1.89e-04 393s
[C_s1] ep 31 loss 0.6204 val_auroc 0.9319 lr 1.73e-04 406s
[C_s1] ep 32 loss 0.6147 val_auroc 0.9317 lr 1.57e-04 419s
[C_s1] ep 33 loss 0.6111 val_auroc 0.9273 lr 1.42e-04 432s
[C_s1] ep 34 loss 0.6109 val_auroc 0.9289 lr 1.27e-04 445s
[C_s1] ep 35 loss 0.6044 val_auroc 0.9335 lr 1.13e-04 458s
[C_s1] ep 36 loss 0.6080 val_auroc 0.9325 lr 9.97e-05 471s
[C_s1] ep 37 loss 0.6058 val_auroc 0.9320 lr 8.69e-05 484s
[C_s1] ep 38 loss 0.5986 val_auroc 0.9331 lr 7.47e-05 497s
[C_s1] early stop at ep 38
[C_s1] DONE best_ep 28 val 0.9340 test nan params 473221 time 497.4s

===== 2026-10-01 01:13:21 D_s1 =====
[D_s1] device=mps params=469062 train=17084 val=2146 test=2158 pos_weight=[1.2489999532699585, 2.9010000228881836, 3.0810000896453857, 3.372999906539917, 7.061999797821045] git=100e55535dd3f61fc004bd75c652653c86419944-dirty code=bc432bb2ca0d
[D_s1] ep  1 loss 0.9258 val_auroc 0.8872 lr 2.00e-04 17s
[D_s1] ep  2 loss 0.8093 val_auroc 0.9042 lr 4.00e-04 31s
[D_s1] ep  3 loss 0.7582 val_auroc 0.9129 lr 5.00e-04 45s
[D_s1] ep  4 loss 0.7350 val_auroc 0.9147 lr 4.99e-04 58s
[D_s1] ep  5 loss 0.7209 val_auroc 0.9164 lr 4.97e-04 72s
[D_s1] ep  6 loss 0.7068 val_auroc 0.9207 lr 4.93e-04 85s
[D_s1] ep  7 loss 0.7010 val_auroc 0.9191 lr 4.89e-04 99s
[D_s1] ep  8 loss 0.6950 val_auroc 0.9167 lr 4.84e-04 113s
[D_s1] ep  9 loss 0.6948 val_auroc 0.9207 lr 4.77e-04 126s
[D_s1] ep 10 loss 0.6873 val_auroc 0.9221 lr 4.70e-04 140s
[D_s1] ep 11 loss 0.6919 val_auroc 0.9250 lr 4.62e-04 153s
[D_s1] ep 12 loss 0.6772 val_auroc 0.9240 lr 4.52e-04 167s
[D_s1] ep 13 loss 0.6650 val_auroc 0.9278 lr 4.42e-04 181s
[D_s1] ep 14 loss 0.6776 val_auroc 0.9280 lr 4.31e-04 194s
[D_s1] ep 15 loss 0.6749 val_auroc 0.9263 lr 4.19e-04 208s
[D_s1] ep 16 loss 0.6667 val_auroc 0.9283 lr 4.07e-04 222s
[D_s1] ep 17 loss 0.6625 val_auroc 0.9266 lr 3.94e-04 236s
[D_s1] ep 18 loss 0.6595 val_auroc 0.9317 lr 3.80e-04 249s
[D_s1] ep 19 loss 0.6652 val_auroc 0.9306 lr 3.65e-04 263s
[D_s1] ep 20 loss 0.6489 val_auroc 0.9286 lr 3.50e-04 276s
[D_s1] ep 21 loss 0.6506 val_auroc 0.9301 lr 3.35e-04 290s
[D_s1] ep 22 loss 0.6489 val_auroc 0.9319 lr 3.19e-04 303s
[D_s1] ep 23 loss 0.6482 val_auroc 0.9311 lr 3.03e-04 316s
[D_s1] ep 24 loss 0.6424 val_auroc 0.9274 lr 2.87e-04 330s
[D_s1] ep 25 loss 0.6316 val_auroc 0.9300 lr 2.71e-04 344s
[D_s1] ep 26 loss 0.6376 val_auroc 0.9310 lr 2.54e-04 357s
[D_s1] ep 27 loss 0.6364 val_auroc 0.9326 lr 2.38e-04 371s
[D_s1] ep 28 loss 0.6208 val_auroc 0.9327 lr 2.21e-04 384s
[D_s1] ep 29 loss 0.6240 val_auroc 0.9347 lr 2.05e-04 398s
[D_s1] ep 30 loss 0.6134 val_auroc 0.9304 lr 1.89e-04 411s
[D_s1] ep 31 loss 0.6160 val_auroc 0.9318 lr 1.73e-04 425s
[D_s1] ep 32 loss 0.6134 val_auroc 0.9320 lr 1.57e-04 439s
[D_s1] ep 33 loss 0.6082 val_auroc 0.9291 lr 1.42e-04 452s
[D_s1] ep 34 loss 0.6074 val_auroc 0.9297 lr 1.27e-04 466s
[D_s1] ep 35 loss 0.5992 val_auroc 0.9344 lr 1.13e-04 479s
[D_s1] ep 36 loss 0.5995 val_auroc 0.9335 lr 9.97e-05 493s
[D_s1] ep 37 loss 0.5996 val_auroc 0.9324 lr 8.69e-05 506s
[D_s1] ep 38 loss 0.5943 val_auroc 0.9330 lr 7.47e-05 520s
[D_s1] ep 39 loss 0.5917 val_auroc 0.9321 lr 6.33e-05 535s
[D_s1] early stop at ep 39
[D_s1] DONE best_ep 29 val 0.9347 test nan params 469062 time 534.7s

===== 2026-10-01 01:22:44 E_s1 =====
[E_s1] device=mps params=475270 train=17084 val=2146 test=2158 pos_weight=[1.2489999532699585, 2.9010000228881836, 3.0810000896453857, 3.372999906539917, 7.061999797821045] git=100e55535dd3f61fc004bd75c652653c86419944-dirty code=bc432bb2ca0d
[E_s1] ep  1 loss 0.9287 val_auroc 0.8822 lr 2.00e-04 15s
[E_s1] ep  2 loss 0.8139 val_auroc 0.9027 lr 4.00e-04 29s
[E_s1] ep  3 loss 0.7653 val_auroc 0.9097 lr 5.00e-04 42s
[E_s1] ep  4 loss 0.7368 val_auroc 0.9139 lr 4.99e-04 56s
[E_s1] ep  5 loss 0.7236 val_auroc 0.9155 lr 4.97e-04 70s
[E_s1] ep  6 loss 0.7060 val_auroc 0.9209 lr 4.93e-04 84s
[E_s1] ep  7 loss 0.7025 val_auroc 0.9167 lr 4.89e-04 99s
[E_s1] ep  8 loss 0.6954 val_auroc 0.9099 lr 4.84e-04 112s
[E_s1] ep  9 loss 0.6942 val_auroc 0.9213 lr 4.77e-04 126s
[E_s1] ep 10 loss 0.6907 val_auroc 0.9202 lr 4.70e-04 140s
[E_s1] ep 11 loss 0.6891 val_auroc 0.9236 lr 4.62e-04 153s
[E_s1] ep 12 loss 0.6759 val_auroc 0.9220 lr 4.52e-04 167s
[E_s1] ep 13 loss 0.6641 val_auroc 0.9243 lr 4.42e-04 181s
[E_s1] ep 14 loss 0.6772 val_auroc 0.9278 lr 4.31e-04 195s
[E_s1] ep 15 loss 0.6745 val_auroc 0.9283 lr 4.19e-04 209s
[E_s1] ep 16 loss 0.6676 val_auroc 0.9264 lr 4.07e-04 223s
[E_s1] ep 17 loss 0.6623 val_auroc 0.9269 lr 3.94e-04 236s
[E_s1] ep 18 loss 0.6607 val_auroc 0.9270 lr 3.80e-04 250s
[E_s1] ep 19 loss 0.6658 val_auroc 0.9303 lr 3.65e-04 264s
[E_s1] ep 20 loss 0.6484 val_auroc 0.9273 lr 3.50e-04 278s
[E_s1] ep 21 loss 0.6487 val_auroc 0.9279 lr 3.35e-04 291s
[E_s1] ep 22 loss 0.6508 val_auroc 0.9310 lr 3.19e-04 305s
[E_s1] ep 23 loss 0.6478 val_auroc 0.9298 lr 3.03e-04 319s
[E_s1] ep 24 loss 0.6422 val_auroc 0.9286 lr 2.87e-04 333s
[E_s1] ep 25 loss 0.6306 val_auroc 0.9298 lr 2.71e-04 347s
[E_s1] ep 26 loss 0.6410 val_auroc 0.9310 lr 2.54e-04 360s
[E_s1] ep 27 loss 0.6372 val_auroc 0.9325 lr 2.38e-04 374s
[E_s1] ep 28 loss 0.6224 val_auroc 0.9339 lr 2.21e-04 388s
[E_s1] ep 29 loss 0.6244 val_auroc 0.9348 lr 2.05e-04 402s
[E_s1] ep 30 loss 0.6127 val_auroc 0.9296 lr 1.89e-04 416s
[E_s1] ep 31 loss 0.6156 val_auroc 0.9313 lr 1.73e-04 429s
[E_s1] ep 32 loss 0.6128 val_auroc 0.9314 lr 1.57e-04 443s
[E_s1] ep 33 loss 0.6083 val_auroc 0.9311 lr 1.42e-04 457s
[E_s1] ep 34 loss 0.6065 val_auroc 0.9290 lr 1.27e-04 471s
[E_s1] ep 35 loss 0.5992 val_auroc 0.9346 lr 1.13e-04 485s
[E_s1] ep 36 loss 0.6024 val_auroc 0.9333 lr 9.97e-05 499s
[E_s1] ep 37 loss 0.6012 val_auroc 0.9329 lr 8.69e-05 513s
[E_s1] ep 38 loss 0.5930 val_auroc 0.9328 lr 7.47e-05 527s
[E_s1] ep 39 loss 0.5940 val_auroc 0.9321 lr 6.33e-05 540s
[E_s1] early stop at ep 39
[E_s1] DONE best_ep 29 val 0.9348 test nan params 475270 time 540.2s

===== 2026-10-01 01:32:04 F_s1 =====
[F_s1] device=mps params=475270 train=17084 val=2146 test=2158 pos_weight=[1.2489999532699585, 2.9010000228881836, 3.0810000896453857, 3.372999906539917, 7.061999797821045] git=100e55535dd3f61fc004bd75c652653c86419944-dirty code=bc432bb2ca0d
[F_s1] ep  1 loss 1.0376 val_auroc 0.8750 lr 2.00e-04 26s
[F_s1] ep  2 loss 0.8817 val_auroc 0.8889 lr 4.00e-04 47s
[F_s1] ep  3 loss 0.8028 val_auroc 0.9053 lr 5.00e-04 70s
[F_s1] ep  4 loss 0.7675 val_auroc 0.9102 lr 4.99e-04 93s
[F_s1] ep  5 loss 0.7515 val_auroc 0.9128 lr 4.97e-04 117s
[F_s1] ep  6 loss 0.7361 val_auroc 0.9140 lr 4.93e-04 141s
[F_s1] ep  7 loss 0.7298 val_auroc 0.9190 lr 4.89e-04 165s
[F_s1] ep  8 loss 0.7240 val_auroc 0.9142 lr 4.84e-04 189s
[F_s1] ep  9 loss 0.7257 val_auroc 0.9213 lr 4.77e-04 214s
[F_s1] ep 10 loss 0.7177 val_auroc 0.9193 lr 4.70e-04 239s
[F_s1] ep 11 loss 0.7200 val_auroc 0.9213 lr 4.62e-04 264s
[F_s1] ep 12 loss 0.7075 val_auroc 0.9230 lr 4.52e-04 288s
[F_s1] ep 13 loss 0.6949 val_auroc 0.9249 lr 4.42e-04 312s
[F_s1] ep 14 loss 0.7068 val_auroc 0.9243 lr 4.31e-04 336s
[F_s1] ep 15 loss 0.7036 val_auroc 0.9235 lr 4.19e-04 361s
[F_s1] ep 16 loss 0.6969 val_auroc 0.9256 lr 4.07e-04 385s
[F_s1] ep 17 loss 0.6940 val_auroc 0.9223 lr 3.94e-04 410s
[F_s1] ep 18 loss 0.6897 val_auroc 0.9273 lr 3.80e-04 434s
[F_s1] ep 19 loss 0.6970 val_auroc 0.9269 lr 3.65e-04 460s
[F_s1] ep 20 loss 0.6811 val_auroc 0.9274 lr 3.50e-04 485s
[F_s1] ep 21 loss 0.6812 val_auroc 0.9281 lr 3.35e-04 509s
[F_s1] ep 22 loss 0.6801 val_auroc 0.9288 lr 3.19e-04 533s
[F_s1] ep 23 loss 0.6820 val_auroc 0.9292 lr 3.03e-04 557s
[F_s1] ep 24 loss 0.6753 val_auroc 0.9269 lr 2.87e-04 581s
[F_s1] ep 25 loss 0.6662 val_auroc 0.9294 lr 2.71e-04 605s
[F_s1] ep 26 loss 0.6726 val_auroc 0.9286 lr 2.54e-04 629s
[F_s1] ep 27 loss 0.6677 val_auroc 0.9324 lr 2.38e-04 653s
[F_s1] ep 28 loss 0.6572 val_auroc 0.9323 lr 2.21e-04 677s
[F_s1] ep 29 loss 0.6616 val_auroc 0.9355 lr 2.05e-04 701s
[F_s1] ep 30 loss 0.6510 val_auroc 0.9297 lr 1.89e-04 726s
[F_s1] ep 31 loss 0.6516 val_auroc 0.9310 lr 1.73e-04 750s
[F_s1] ep 32 loss 0.6484 val_auroc 0.9301 lr 1.57e-04 775s
[F_s1] ep 33 loss 0.6444 val_auroc 0.9295 lr 1.42e-04 799s
[F_s1] ep 34 loss 0.6451 val_auroc 0.9299 lr 1.27e-04 823s
[F_s1] ep 35 loss 0.6397 val_auroc 0.9329 lr 1.13e-04 847s
[F_s1] ep 36 loss 0.6437 val_auroc 0.9315 lr 9.97e-05 871s
[F_s1] ep 37 loss 0.6395 val_auroc 0.9309 lr 8.69e-05 894s
[F_s1] ep 38 loss 0.6328 val_auroc 0.9325 lr 7.47e-05 916s
[F_s1] ep 39 loss 0.6330 val_auroc 0.9312 lr 6.33e-05 940s
[F_s1] early stop at ep 39
[F_s1] DONE best_ep 29 val 0.9355 test nan params 475270 time 940.5s

===== 2026-10-01 01:48:07 Eclean_s1 =====
[Eclean_s1] device=mps params=475270 train=17084 val=2146 test=2158 pos_weight=[1.2489999532699585, 2.9010000228881836, 3.0810000896453857, 3.372999906539917, 7.061999797821045] git=100e55535dd3f61fc004bd75c652653c86419944-dirty code=bc432bb2ca0d
[Eclean_s1] ep  1 loss 0.9101 val_auroc 0.8850 lr 2.00e-04 13s
[Eclean_s1] ep  2 loss 0.8020 val_auroc 0.8968 lr 4.00e-04 24s
[Eclean_s1] ep  3 loss 0.7555 val_auroc 0.9116 lr 5.00e-04 33s
[Eclean_s1] ep  4 loss 0.7283 val_auroc 0.9165 lr 4.99e-04 43s
[Eclean_s1] ep  5 loss 0.7151 val_auroc 0.9152 lr 4.97e-04 55s
[Eclean_s1] ep  6 loss 0.7011 val_auroc 0.9192 lr 4.93e-04 65s
[Eclean_s1] ep  7 loss 0.6970 val_auroc 0.9169 lr 4.89e-04 75s
[Eclean_s1] ep  8 loss 0.6915 val_auroc 0.9160 lr 4.84e-04 86s
[Eclean_s1] ep  9 loss 0.6888 val_auroc 0.9207 lr 4.77e-04 96s
[Eclean_s1] ep 10 loss 0.6835 val_auroc 0.9205 lr 4.70e-04 107s
[Eclean_s1] ep 11 loss 0.6851 val_auroc 0.9266 lr 4.62e-04 117s
[Eclean_s1] ep 12 loss 0.6705 val_auroc 0.9224 lr 4.52e-04 127s
[Eclean_s1] ep 13 loss 0.6599 val_auroc 0.9261 lr 4.42e-04 138s
[Eclean_s1] ep 14 loss 0.6719 val_auroc 0.9284 lr 4.31e-04 148s
[Eclean_s1] ep 15 loss 0.6696 val_auroc 0.9288 lr 4.19e-04 159s
[Eclean_s1] ep 16 loss 0.6621 val_auroc 0.9263 lr 4.07e-04 170s
[Eclean_s1] ep 17 loss 0.6556 val_auroc 0.9269 lr 3.94e-04 181s
[Eclean_s1] ep 18 loss 0.6551 val_auroc 0.9285 lr 3.80e-04 191s
[Eclean_s1] ep 19 loss 0.6611 val_auroc 0.9298 lr 3.65e-04 202s
[Eclean_s1] ep 20 loss 0.6409 val_auroc 0.9259 lr 3.50e-04 213s
[Eclean_s1] ep 21 loss 0.6441 val_auroc 0.9281 lr 3.35e-04 224s
[Eclean_s1] ep 22 loss 0.6427 val_auroc 0.9307 lr 3.19e-04 235s
[Eclean_s1] ep 23 loss 0.6416 val_auroc 0.9303 lr 3.03e-04 246s
[Eclean_s1] ep 24 loss 0.6358 val_auroc 0.9270 lr 2.87e-04 257s
[Eclean_s1] ep 25 loss 0.6229 val_auroc 0.9283 lr 2.71e-04 268s
[Eclean_s1] ep 26 loss 0.6337 val_auroc 0.9295 lr 2.54e-04 279s
[Eclean_s1] ep 27 loss 0.6297 val_auroc 0.9316 lr 2.38e-04 290s
[Eclean_s1] ep 28 loss 0.6140 val_auroc 0.9332 lr 2.21e-04 302s
[Eclean_s1] ep 29 loss 0.6154 val_auroc 0.9314 lr 2.05e-04 312s
[Eclean_s1] ep 30 loss 0.6036 val_auroc 0.9286 lr 1.89e-04 324s
[Eclean_s1] ep 31 loss 0.6074 val_auroc 0.9296 lr 1.73e-04 335s
[Eclean_s1] ep 32 loss 0.6033 val_auroc 0.9299 lr 1.57e-04 344s
[Eclean_s1] ep 33 loss 0.5982 val_auroc 0.9282 lr 1.42e-04 353s
[Eclean_s1] ep 34 loss 0.5944 val_auroc 0.9263 lr 1.27e-04 360s
[Eclean_s1] ep 35 loss 0.5878 val_auroc 0.9322 lr 1.13e-04 368s
[Eclean_s1] ep 36 loss 0.5880 val_auroc 0.9311 lr 9.97e-05 375s
[Eclean_s1] ep 37 loss 0.5876 val_auroc 0.9290 lr 8.69e-05 382s
[Eclean_s1] ep 38 loss 0.5793 val_auroc 0.9292 lr 7.47e-05 390s
[Eclean_s1] early stop at ep 38
[Eclean_s1] DONE best_ep 28 val 0.9332 test nan params 475270 time 389.6s
QUEUE_DONE 1
