sweep: 6 variant/regime pairs x seeds [0 1 2 3 4] = 30 runs
=== [1/30] variant=A regime=clean seed=0
[A_clean_s0] device=mps amp=fp32: amp disabled in config
  epoch   1 loss 0.3927 val_auroc 0.8388 (best 0.8388 @ 1)
  epoch   2 loss 0.3678 val_auroc 0.8439 (best 0.8439 @ 2)
  epoch   3 loss 0.3610 val_auroc 0.8399 (best 0.8439 @ 2)
  epoch   4 loss 0.3551 val_auroc 0.8456 (best 0.8456 @ 4)
  epoch   5 loss 0.3511 val_auroc 0.8477 (best 0.8477 @ 5)
  epoch   6 loss 0.3481 val_auroc 0.8474 (best 0.8477 @ 5)
  epoch   7 loss 0.3442 val_auroc 0.8495 (best 0.8495 @ 7)
  epoch   8 loss 0.3432 val_auroc 0.8503 (best 0.8503 @ 8)
  epoch   9 loss 0.3397 val_auroc 0.8492 (best 0.8503 @ 8)
  epoch  10 loss 0.3371 val_auroc 0.8521 (best 0.8521 @ 10)
  epoch  11 loss 0.3347 val_auroc 0.8550 (best 0.8550 @ 11)
  epoch  12 loss 0.3335 val_auroc 0.8528 (best 0.8550 @ 11)
  epoch  13 loss 0.3286 val_auroc 0.8481 (best 0.8550 @ 11)
  epoch  14 loss 0.3263 val_auroc 0.8517 (best 0.8550 @ 11)
  epoch  15 loss 0.3221 val_auroc 0.8510 (best 0.8550 @ 11)
  epoch  16 loss 0.3158 val_auroc 0.8506 (best 0.8550 @ 11)
  epoch  17 loss 0.3118 val_auroc 0.8467 (best 0.8550 @ 11)
  epoch  18 loss 0.3055 val_auroc 0.8409 (best 0.8550 @ 11)
  epoch  19 loss 0.2985 val_auroc 0.8467 (best 0.8550 @ 11)
[done] /Volumes/Projects/medico/runs/A_clean_s0 best val macro-AUROC 0.8550 @ epoch 11
=== [2/30] variant=A regime=aug seed=0
[A_aug_s0] device=mps amp=fp32: amp disabled in config
  epoch   1 loss 0.3960 val_auroc 0.8377 (best 0.8377 @ 1)
  epoch   2 loss 0.3704 val_auroc 0.8423 (best 0.8423 @ 2)
  epoch   3 loss 0.3635 val_auroc 0.8394 (best 0.8423 @ 2)
  epoch   4 loss 0.3576 val_auroc 0.8443 (best 0.8443 @ 4)
  epoch   5 loss 0.3537 val_auroc 0.8482 (best 0.8482 @ 5)
  epoch   6 loss 0.3509 val_auroc 0.8484 (best 0.8484 @ 6)
  epoch   7 loss 0.3472 val_auroc 0.8499 (best 0.8499 @ 7)
  epoch   8 loss 0.3470 val_auroc 0.8469 (best 0.8499 @ 7)
  epoch   9 loss 0.3435 val_auroc 0.8496 (best 0.8499 @ 7)
  epoch  10 loss 0.3407 val_auroc 0.8510 (best 0.8510 @ 10)
  epoch  11 loss 0.3387 val_auroc 0.8547 (best 0.8547 @ 11)
  epoch  12 loss 0.3377 val_auroc 0.8529 (best 0.8547 @ 11)
  epoch  13 loss 0.3337 val_auroc 0.8491 (best 0.8547 @ 11)
  epoch  14 loss 0.3324 val_auroc 0.8534 (best 0.8547 @ 11)
  epoch  15 loss 0.3291 val_auroc 0.8506 (best 0.8547 @ 11)
  epoch  16 loss 0.3249 val_auroc 0.8505 (best 0.8547 @ 11)
  epoch  17 loss 0.3220 val_auroc 0.8486 (best 0.8547 @ 11)
  epoch  18 loss 0.3187 val_auroc 0.8419 (best 0.8547 @ 11)
  epoch  19 loss 0.3151 val_auroc 0.8483 (best 0.8547 @ 11)
[done] /Volumes/Projects/medico/runs/A_aug_s0 best val macro-AUROC 0.8547 @ epoch 11
=== [3/30] variant=C regime=clean seed=0
[C_clean_s0] device=mps amp=fp32: amp disabled in config
  epoch   1 loss 0.3943 val_auroc 0.8364 (best 0.8364 @ 1)
  epoch   2 loss 0.3713 val_auroc 0.8440 (best 0.8440 @ 2)
  epoch   3 loss 0.3639 val_auroc 0.8439 (best 0.8440 @ 2)
  epoch   4 loss 0.3582 val_auroc 0.8468 (best 0.8468 @ 4)
  epoch   5 loss 0.3543 val_auroc 0.8484 (best 0.8484 @ 5)
  epoch   6 loss 0.3512 val_auroc 0.8486 (best 0.8486 @ 6)
  epoch   7 loss 0.3471 val_auroc 0.8477 (best 0.8486 @ 6)
  epoch   8 loss 0.3465 val_auroc 0.8518 (best 0.8518 @ 8)
  epoch   9 loss 0.3427 val_auroc 0.8521 (best 0.8521 @ 9)
  epoch  10 loss 0.3388 val_auroc 0.8509 (best 0.8521 @ 9)
  epoch  11 loss 0.3363 val_auroc 0.8508 (best 0.8521 @ 9)
  epoch  12 loss 0.3353 val_auroc 0.8511 (best 0.8521 @ 9)
  epoch  13 loss 0.3302 val_auroc 0.8474 (best 0.8521 @ 9)
  epoch  14 loss 0.3280 val_auroc 0.8546 (best 0.8546 @ 14)
  epoch  15 loss 0.3246 val_auroc 0.8513 (best 0.8546 @ 14)
  epoch  16 loss 0.3186 val_auroc 0.8485 (best 0.8546 @ 14)
  epoch  17 loss 0.3162 val_auroc 0.8484 (best 0.8546 @ 14)
  epoch  18 loss 0.3103 val_auroc 0.8430 (best 0.8546 @ 14)
  epoch  19 loss 0.3056 val_auroc 0.8418 (best 0.8546 @ 14)
  epoch  20 loss 0.2962 val_auroc 0.8488 (best 0.8546 @ 14)
  epoch  21 loss 0.2882 val_auroc 0.8403 (best 0.8546 @ 14)
  epoch  22 loss 0.2771 val_auroc 0.8351 (best 0.8546 @ 14)
[done] /Volumes/Projects/medico/runs/C_clean_s0 best val macro-AUROC 0.8546 @ epoch 14
=== [4/30] variant=C regime=aug seed=0
[C_aug_s0] device=mps amp=fp32: amp disabled in config
  epoch   1 loss 0.3982 val_auroc 0.8346 (best 0.8346 @ 1)
  epoch   2 loss 0.3741 val_auroc 0.8416 (best 0.8416 @ 2)
  epoch   3 loss 0.3664 val_auroc 0.8387 (best 0.8416 @ 2)
  epoch   4 loss 0.3607 val_auroc 0.8456 (best 0.8456 @ 4)
  epoch   5 loss 0.3567 val_auroc 0.8489 (best 0.8489 @ 5)
  epoch   6 loss 0.3536 val_auroc 0.8488 (best 0.8489 @ 5)
  epoch   7 loss 0.3493 val_auroc 0.8495 (best 0.8495 @ 7)
  epoch   8 loss 0.3492 val_auroc 0.8489 (best 0.8495 @ 7)
  epoch   9 loss 0.3452 val_auroc 0.8525 (best 0.8525 @ 9)
  epoch  10 loss 0.3416 val_auroc 0.8503 (best 0.8525 @ 9)
  epoch  11 loss 0.3398 val_auroc 0.8511 (best 0.8525 @ 9)
  epoch  12 loss 0.3388 val_auroc 0.8504 (best 0.8525 @ 9)
  epoch  13 loss 0.3342 val_auroc 0.8462 (best 0.8525 @ 9)
  epoch  14 loss 0.3322 val_auroc 0.8543 (best 0.8543 @ 14)
  epoch  15 loss 0.3291 val_auroc 0.8518 (best 0.8543 @ 14)
  epoch  16 loss 0.3233 val_auroc 0.8499 (best 0.8543 @ 14)
  epoch  17 loss 0.3215 val_auroc 0.8467 (best 0.8543 @ 14)
  epoch  18 loss 0.3169 val_auroc 0.8415 (best 0.8543 @ 14)
  epoch  19 loss 0.3126 val_auroc 0.8455 (best 0.8543 @ 14)
  epoch  20 loss 0.3052 val_auroc 0.8485 (best 0.8543 @ 14)
  epoch  21 loss 0.2993 val_auroc 0.8411 (best 0.8543 @ 14)
  epoch  22 loss 0.2906 val_auroc 0.8389 (best 0.8543 @ 14)
[done] /Volumes/Projects/medico/runs/C_aug_s0 best val macro-AUROC 0.8543 @ epoch 14
=== [5/30] variant=E regime=clean seed=0
[E_clean_s0] device=mps amp=fp32: amp disabled in config
  epoch   1 loss 0.3944 val_auroc 0.8365 (best 0.8365 @ 1)
  epoch   2 loss 0.3694 val_auroc 0.8440 (best 0.8440 @ 2)
  epoch   3 loss 0.3622 val_auroc 0.8476 (best 0.8476 @ 3)
  epoch   4 loss 0.3567 val_auroc 0.8461 (best 0.8476 @ 3)
  epoch   5 loss 0.3528 val_auroc 0.8440 (best 0.8476 @ 3)
  epoch   6 loss 0.3497 val_auroc 0.8507 (best 0.8507 @ 6)
  epoch   7 loss 0.3460 val_auroc 0.8489 (best 0.8507 @ 6)
  epoch   8 loss 0.3449 val_auroc 0.8485 (best 0.8507 @ 6)
  epoch   9 loss 0.3409 val_auroc 0.8499 (best 0.8507 @ 6)
  epoch  10 loss 0.3381 val_auroc 0.8542 (best 0.8542 @ 10)
  epoch  11 loss 0.3355 val_auroc 0.8531 (best 0.8542 @ 10)
  epoch  12 loss 0.3341 val_auroc 0.8523 (best 0.8542 @ 10)
  epoch  13 loss 0.3293 val_auroc 0.8498 (best 0.8542 @ 10)
  epoch  14 loss 0.3273 val_auroc 0.8545 (best 0.8545 @ 14)
  epoch  15 loss 0.3240 val_auroc 0.8521 (best 0.8545 @ 14)
  epoch  16 loss 0.3181 val_auroc 0.8479 (best 0.8545 @ 14)
  epoch  17 loss 0.3158 val_auroc 0.8505 (best 0.8545 @ 14)
  epoch  18 loss 0.3113 val_auroc 0.8442 (best 0.8545 @ 14)
  epoch  19 loss 0.3073 val_auroc 0.8481 (best 0.8545 @ 14)
  epoch  20 loss 0.2989 val_auroc 0.8501 (best 0.8545 @ 14)
  epoch  21 loss 0.2925 val_auroc 0.8417 (best 0.8545 @ 14)
  epoch  22 loss 0.2841 val_auroc 0.8397 (best 0.8545 @ 14)
[done] /Volumes/Projects/medico/runs/E_clean_s0 best val macro-AUROC 0.8545 @ epoch 14
=== [6/30] variant=E regime=aug seed=0
[skip] /Volumes/Projects/medico/runs/E_aug_s0 already complete
=== [7/30] variant=A regime=clean seed=1
[A_clean_s1] device=mps amp=fp32: amp disabled in config
  epoch   1 loss 0.3942 val_auroc 0.8328 (best 0.8328 @ 1)
  epoch   2 loss 0.3698 val_auroc 0.8409 (best 0.8409 @ 2)
  epoch   3 loss 0.3617 val_auroc 0.8468 (best 0.8468 @ 3)
  epoch   4 loss 0.3569 val_auroc 0.8397 (best 0.8468 @ 3)
  epoch   5 loss 0.3532 val_auroc 0.8453 (best 0.8468 @ 3)
  epoch   6 loss 0.3500 val_auroc 0.8486 (best 0.8486 @ 6)
  epoch   7 loss 0.3468 val_auroc 0.8455 (best 0.8486 @ 6)
  epoch   8 loss 0.3429 val_auroc 0.8476 (best 0.8486 @ 6)
  epoch   9 loss 0.3419 val_auroc 0.8490 (best 0.8490 @ 9)
  epoch  10 loss 0.3370 val_auroc 0.8454 (best 0.8490 @ 9)
  epoch  11 loss 0.3359 val_auroc 0.8466 (best 0.8490 @ 9)
  epoch  12 loss 0.3324 val_auroc 0.8516 (best 0.8516 @ 12)
  epoch  13 loss 0.3301 val_auroc 0.8518 (best 0.8518 @ 13)
  epoch  14 loss 0.3261 val_auroc 0.8524 (best 0.8524 @ 14)
  epoch  15 loss 0.3219 val_auroc 0.8463 (best 0.8524 @ 14)
  epoch  16 loss 0.3187 val_auroc 0.8470 (best 0.8524 @ 14)
  epoch  17 loss 0.3120 val_auroc 0.8465 (best 0.8524 @ 14)
  epoch  18 loss 0.3057 val_auroc 0.8347 (best 0.8524 @ 14)
  epoch  19 loss 0.2982 val_auroc 0.8448 (best 0.8524 @ 14)
  epoch  20 loss 0.2870 val_auroc 0.8382 (best 0.8524 @ 14)
  epoch  21 loss 0.2725 val_auroc 0.8356 (best 0.8524 @ 14)
  epoch  22 loss 0.2564 val_auroc 0.8327 (best 0.8524 @ 14)
[done] /Volumes/Projects/medico/runs/A_clean_s1 best val macro-AUROC 0.8524 @ epoch 14
=== [8/30] variant=A regime=aug seed=1
[A_aug_s1] device=mps amp=fp32: amp disabled in config
  epoch   1 loss 0.4017 val_auroc 0.8317 (best 0.8317 @ 1)
  epoch   2 loss 0.3736 val_auroc 0.8383 (best 0.8383 @ 2)
  epoch   3 loss 0.3643 val_auroc 0.8457 (best 0.8457 @ 3)
  epoch   4 loss 0.3594 val_auroc 0.8327 (best 0.8457 @ 3)
  epoch   5 loss 0.3561 val_auroc 0.8418 (best 0.8457 @ 3)
  epoch   6 loss 0.3531 val_auroc 0.8457 (best 0.8457 @ 6)
  epoch   7 loss 0.3504 val_auroc 0.8428 (best 0.8457 @ 6)
  epoch   8 loss 0.3472 val_auroc 0.8448 (best 0.8457 @ 6)
  epoch   9 loss 0.3460 val_auroc 0.8484 (best 0.8484 @ 9)
  epoch  10 loss 0.3414 val_auroc 0.8414 (best 0.8484 @ 9)
  epoch  11 loss 0.3407 val_auroc 0.8472 (best 0.8484 @ 9)
  epoch  12 loss 0.3379 val_auroc 0.8509 (best 0.8509 @ 12)
  epoch  13 loss 0.3357 val_auroc 0.8499 (best 0.8509 @ 12)
  epoch  14 loss 0.3330 val_auroc 0.8527 (best 0.8527 @ 14)
  epoch  15 loss 0.3298 val_auroc 0.8459 (best 0.8527 @ 14)
  epoch  16 loss 0.3280 val_auroc 0.8477 (best 0.8527 @ 14)
  epoch  17 loss 0.3241 val_auroc 0.8497 (best 0.8527 @ 14)
  epoch  18 loss 0.3204 val_auroc 0.8416 (best 0.8527 @ 14)
  epoch  19 loss 0.3165 val_auroc 0.8442 (best 0.8527 @ 14)
  epoch  20 loss 0.3120 val_auroc 0.8431 (best 0.8527 @ 14)
  epoch  21 loss 0.3058 val_auroc 0.8394 (best 0.8527 @ 14)
  epoch  22 loss 0.2996 val_auroc 0.8433 (best 0.8527 @ 14)
[done] /Volumes/Projects/medico/runs/A_aug_s1 best val macro-AUROC 0.8527 @ epoch 14
=== [9/30] variant=C regime=clean seed=1
[C_clean_s1] device=mps amp=fp32: amp disabled in config
  epoch   1 loss 0.3954 val_auroc 0.8314 (best 0.8314 @ 1)
  epoch   2 loss 0.3713 val_auroc 0.8349 (best 0.8349 @ 2)
  epoch   3 loss 0.3641 val_auroc 0.8469 (best 0.8469 @ 3)
  epoch   4 loss 0.3591 val_auroc 0.8446 (best 0.8469 @ 3)
  epoch   5 loss 0.3556 val_auroc 0.8453 (best 0.8469 @ 3)
  epoch   6 loss 0.3514 val_auroc 0.8490 (best 0.8490 @ 6)
  epoch   7 loss 0.3486 val_auroc 0.8463 (best 0.8490 @ 6)
  epoch   8 loss 0.3445 val_auroc 0.8440 (best 0.8490 @ 6)
  epoch   9 loss 0.3429 val_auroc 0.8492 (best 0.8492 @ 9)
  epoch  10 loss 0.3382 val_auroc 0.8453 (best 0.8492 @ 9)
  epoch  11 loss 0.3369 val_auroc 0.8470 (best 0.8492 @ 9)
  epoch  12 loss 0.3330 val_auroc 0.8512 (best 0.8512 @ 12)
  epoch  13 loss 0.3301 val_auroc 0.8488 (best 0.8512 @ 12)
  epoch  14 loss 0.3263 val_auroc 0.8511 (best 0.8512 @ 12)
  epoch  15 loss 0.3220 val_auroc 0.8505 (best 0.8512 @ 12)
  epoch  16 loss 0.3190 val_auroc 0.8454 (best 0.8512 @ 12)
  epoch  17 loss 0.3130 val_auroc 0.8518 (best 0.8518 @ 17)
  epoch  18 loss 0.3082 val_auroc 0.8448 (best 0.8518 @ 17)
  epoch  19 loss 0.3025 val_auroc 0.8497 (best 0.8518 @ 17)
  epoch  20 loss 0.2941 val_auroc 0.8449 (best 0.8518 @ 17)
  epoch  21 loss 0.2857 val_auroc 0.8357 (best 0.8518 @ 17)
  epoch  22 loss 0.2771 val_auroc 0.8403 (best 0.8518 @ 17)
  epoch  23 loss 0.2632 val_auroc 0.8321 (best 0.8518 @ 17)
  epoch  24 loss 0.2487 val_auroc 0.8352 (best 0.8518 @ 17)
  epoch  25 loss 0.2329 val_auroc 0.8282 (best 0.8518 @ 17)
[done] /Volumes/Projects/medico/runs/C_clean_s1 best val macro-AUROC 0.8518 @ epoch 17
=== [10/30] variant=C regime=aug seed=1
[C_aug_s1] device=mps amp=fp32: amp disabled in config
  epoch   1 loss 0.3993 val_auroc 0.8319 (best 0.8319 @ 1)
  epoch   2 loss 0.3741 val_auroc 0.8350 (best 0.8350 @ 2)
  epoch   3 loss 0.3660 val_auroc 0.8454 (best 0.8454 @ 3)
  epoch   4 loss 0.3613 val_auroc 0.8450 (best 0.8454 @ 3)
  epoch   5 loss 0.3576 val_auroc 0.8434 (best 0.8454 @ 3)
  epoch   6 loss 0.3541 val_auroc 0.8476 (best 0.8476 @ 6)
  epoch   7 loss 0.3510 val_auroc 0.8470 (best 0.8476 @ 6)
  epoch   8 loss 0.3475 val_auroc 0.8416 (best 0.8476 @ 6)
  epoch   9 loss 0.3464 val_auroc 0.8465 (best 0.8476 @ 6)
  epoch  10 loss 0.3416 val_auroc 0.8430 (best 0.8476 @ 6)
  epoch  11 loss 0.3406 val_auroc 0.8455 (best 0.8476 @ 6)
  epoch  12 loss 0.3367 val_auroc 0.8476 (best 0.8476 @ 12)
  epoch  13 loss 0.3346 val_auroc 0.8481 (best 0.8481 @ 13)
  epoch  14 loss 0.3317 val_auroc 0.8504 (best 0.8504 @ 14)
  epoch  15 loss 0.3276 val_auroc 0.8475 (best 0.8504 @ 14)
  epoch  16 loss 0.3259 val_auroc 0.8461 (best 0.8504 @ 14)
  epoch  17 loss 0.3203 val_auroc 0.8495 (best 0.8504 @ 14)
  epoch  18 loss 0.3159 val_auroc 0.8444 (best 0.8504 @ 14)
  epoch  19 loss 0.3116 val_auroc 0.8436 (best 0.8504 @ 14)
  epoch  20 loss 0.3055 val_auroc 0.8432 (best 0.8504 @ 14)
  epoch  21 loss 0.2992 val_auroc 0.8383 (best 0.8504 @ 14)
  epoch  22 loss 0.2925 val_auroc 0.8391 (best 0.8504 @ 14)
[done] /Volumes/Projects/medico/runs/C_aug_s1 best val macro-AUROC 0.8504 @ epoch 14
=== [11/30] variant=E regime=clean seed=1
[E_clean_s1] device=mps amp=fp32: amp disabled in config
  epoch   1 loss 0.3925 val_auroc 0.8266 (best 0.8266 @ 1)
  epoch   2 loss 0.3707 val_auroc 0.8367 (best 0.8367 @ 2)
  epoch   3 loss 0.3628 val_auroc 0.8454 (best 0.8454 @ 3)
  epoch   4 loss 0.3580 val_auroc 0.8436 (best 0.8454 @ 3)
  epoch   5 loss 0.3549 val_auroc 0.8440 (best 0.8454 @ 3)
  epoch   6 loss 0.3509 val_auroc 0.8489 (best 0.8489 @ 6)
  epoch   7 loss 0.3480 val_auroc 0.8473 (best 0.8489 @ 6)
  epoch   8 loss 0.3439 val_auroc 0.8458 (best 0.8489 @ 6)
  epoch   9 loss 0.3424 val_auroc 0.8511 (best 0.8511 @ 9)
  epoch  10 loss 0.3383 val_auroc 0.8484 (best 0.8511 @ 9)
  epoch  11 loss 0.3371 val_auroc 0.8489 (best 0.8511 @ 9)
  epoch  12 loss 0.3332 val_auroc 0.8506 (best 0.8511 @ 9)
  epoch  13 loss 0.3310 val_auroc 0.8518 (best 0.8518 @ 13)
  epoch  14 loss 0.3272 val_auroc 0.8516 (best 0.8518 @ 13)
  epoch  15 loss 0.3236 val_auroc 0.8539 (best 0.8539 @ 15)
  epoch  16 loss 0.3207 val_auroc 0.8489 (best 0.8539 @ 15)
  epoch  17 loss 0.3156 val_auroc 0.8531 (best 0.8539 @ 15)
  epoch  18 loss 0.3109 val_auroc 0.8480 (best 0.8539 @ 15)
  epoch  19 loss 0.3064 val_auroc 0.8508 (best 0.8539 @ 15)
  epoch  20 loss 0.2994 val_auroc 0.8483 (best 0.8539 @ 15)
  epoch  21 loss 0.2924 val_auroc 0.8415 (best 0.8539 @ 15)
  epoch  22 loss 0.2858 val_auroc 0.8459 (best 0.8539 @ 15)
  epoch  23 loss 0.2752 val_auroc 0.8416 (best 0.8539 @ 15)
[done] /Volumes/Projects/medico/runs/E_clean_s1 best val macro-AUROC 0.8539 @ epoch 15
=== [12/30] variant=E regime=aug seed=1
[E_aug_s1] device=mps amp=fp32: amp disabled in config
  epoch   1 loss 0.3963 val_auroc 0.8254 (best 0.8254 @ 1)
  epoch   2 loss 0.3727 val_auroc 0.8402 (best 0.8402 @ 2)
  epoch   3 loss 0.3645 val_auroc 0.8434 (best 0.8434 @ 3)
  epoch   4 loss 0.3602 val_auroc 0.8421 (best 0.8434 @ 3)
  epoch   5 loss 0.3569 val_auroc 0.8413 (best 0.8434 @ 3)
  epoch   6 loss 0.3538 val_auroc 0.8464 (best 0.8464 @ 6)
  epoch   7 loss 0.3504 val_auroc 0.8444 (best 0.8464 @ 6)
  epoch   8 loss 0.3472 val_auroc 0.8465 (best 0.8465 @ 8)
  epoch   9 loss 0.3456 val_auroc 0.8482 (best 0.8482 @ 9)
  epoch  10 loss 0.3415 val_auroc 0.8460 (best 0.8482 @ 9)
  epoch  11 loss 0.3406 val_auroc 0.8478 (best 0.8482 @ 9)
  epoch  12 loss 0.3369 val_auroc 0.8501 (best 0.8501 @ 12)
  epoch  13 loss 0.3347 val_auroc 0.8493 (best 0.8501 @ 12)
  epoch  14 loss 0.3322 val_auroc 0.8504 (best 0.8504 @ 14)
  epoch  15 loss 0.3284 val_auroc 0.8497 (best 0.8504 @ 14)
  epoch  16 loss 0.3267 val_auroc 0.8463 (best 0.8504 @ 14)
  epoch  17 loss 0.3219 val_auroc 0.8502 (best 0.8504 @ 14)
  epoch  18 loss 0.3178 val_auroc 0.8436 (best 0.8504 @ 14)
  epoch  19 loss 0.3143 val_auroc 0.8471 (best 0.8504 @ 14)
  epoch  20 loss 0.3092 val_auroc 0.8451 (best 0.8504 @ 14)
  epoch  21 loss 0.3033 val_auroc 0.8393 (best 0.8504 @ 14)
  epoch  22 loss 0.2981 val_auroc 0.8468 (best 0.8504 @ 14)
[done] /Volumes/Projects/medico/runs/E_aug_s1 best val macro-AUROC 0.8504 @ epoch 14
=== [13/30] variant=A regime=clean seed=2
[A_clean_s2] device=mps amp=fp32: amp disabled in config
  epoch   1 loss 0.3950 val_auroc 0.8276 (best 0.8276 @ 1)
  epoch   2 loss 0.3684 val_auroc 0.8464 (best 0.8464 @ 2)
  epoch   3 loss 0.3610 val_auroc 0.8421 (best 0.8464 @ 2)
  epoch   4 loss 0.3559 val_auroc 0.8467 (best 0.8467 @ 4)
  epoch   5 loss 0.3518 val_auroc 0.8473 (best 0.8473 @ 5)
  epoch   6 loss 0.3477 val_auroc 0.8496 (best 0.8496 @ 6)
  epoch   7 loss 0.3451 val_auroc 0.8505 (best 0.8505 @ 7)
  epoch   8 loss 0.3436 val_auroc 0.8538 (best 0.8538 @ 8)
  epoch   9 loss 0.3402 val_auroc 0.8493 (best 0.8538 @ 8)
  epoch  10 loss 0.3364 val_auroc 0.8501 (best 0.8538 @ 8)
  epoch  11 loss 0.3342 val_auroc 0.8509 (best 0.8538 @ 8)
  epoch  12 loss 0.3315 val_auroc 0.8495 (best 0.8538 @ 8)
  epoch  13 loss 0.3281 val_auroc 0.8508 (best 0.8538 @ 8)
  epoch  14 loss 0.3240 val_auroc 0.8464 (best 0.8538 @ 8)
  epoch  15 loss 0.3192 val_auroc 0.8475 (best 0.8538 @ 8)
  epoch  16 loss 0.3131 val_auroc 0.8505 (best 0.8538 @ 8)
[done] /Volumes/Projects/medico/runs/A_clean_s2 best val macro-AUROC 0.8538 @ epoch 8
=== [14/30] variant=A regime=aug seed=2
[A_aug_s2] device=mps amp=fp32: amp disabled in config
  epoch   1 loss 0.4011 val_auroc 0.8290 (best 0.8290 @ 1)
  epoch   2 loss 0.3702 val_auroc 0.8446 (best 0.8446 @ 2)
  epoch   3 loss 0.3628 val_auroc 0.8410 (best 0.8446 @ 2)
  epoch   4 loss 0.3581 val_auroc 0.8455 (best 0.8455 @ 4)
  epoch   5 loss 0.3539 val_auroc 0.8478 (best 0.8478 @ 5)
  epoch   6 loss 0.3503 val_auroc 0.8474 (best 0.8478 @ 5)
  epoch   7 loss 0.3482 val_auroc 0.8499 (best 0.8499 @ 7)
  epoch   8 loss 0.3466 val_auroc 0.8500 (best 0.8500 @ 8)
  epoch   9 loss 0.3439 val_auroc 0.8469 (best 0.8500 @ 8)
  epoch  10 loss 0.3409 val_auroc 0.8478 (best 0.8500 @ 8)
  epoch  11 loss 0.3391 val_auroc 0.8480 (best 0.8500 @ 8)
  epoch  12 loss 0.3367 val_auroc 0.8509 (best 0.8509 @ 12)
  epoch  13 loss 0.3353 val_auroc 0.8492 (best 0.8509 @ 12)
  epoch  14 loss 0.3322 val_auroc 0.8485 (best 0.8509 @ 12)
  epoch  15 loss 0.3283 val_auroc 0.8491 (best 0.8509 @ 12)
  epoch  16 loss 0.3252 val_auroc 0.8520 (best 0.8520 @ 16)
  epoch  17 loss 0.3219 val_auroc 0.8363 (best 0.8520 @ 16)
  epoch  18 loss 0.3179 val_auroc 0.8386 (best 0.8520 @ 16)
  epoch  19 loss 0.3140 val_auroc 0.8468 (best 0.8520 @ 16)
  epoch  20 loss 0.3067 val_auroc 0.8423 (best 0.8520 @ 16)
  epoch  21 loss 0.2998 val_auroc 0.8456 (best 0.8520 @ 16)
  epoch  22 loss 0.2924 val_auroc 0.8453 (best 0.8520 @ 16)
  epoch  23 loss 0.2847 val_auroc 0.8359 (best 0.8520 @ 16)
  epoch  24 loss 0.2745 val_auroc 0.8326 (best 0.8520 @ 16)
[done] /Volumes/Projects/medico/runs/A_aug_s2 best val macro-AUROC 0.8520 @ epoch 16
=== [15/30] variant=C regime=clean seed=2
[C_clean_s2] device=mps amp=fp32: amp disabled in config
  epoch   1 loss 0.3929 val_auroc 0.8248 (best 0.8248 @ 1)
  epoch   2 loss 0.3707 val_auroc 0.8424 (best 0.8424 @ 2)
  epoch   3 loss 0.3641 val_auroc 0.8421 (best 0.8424 @ 2)
  epoch   4 loss 0.3598 val_auroc 0.8491 (best 0.8491 @ 4)
  epoch   5 loss 0.3551 val_auroc 0.8476 (best 0.8491 @ 4)
  epoch   6 loss 0.3504 val_auroc 0.8498 (best 0.8498 @ 6)
  epoch   7 loss 0.3481 val_auroc 0.8505 (best 0.8505 @ 7)
  epoch   8 loss 0.3467 val_auroc 0.8546 (best 0.8546 @ 8)
  epoch   9 loss 0.3433 val_auroc 0.8491 (best 0.8546 @ 8)
  epoch  10 loss 0.3391 val_auroc 0.8495 (best 0.8546 @ 8)
  epoch  11 loss 0.3369 val_auroc 0.8520 (best 0.8546 @ 8)
  epoch  12 loss 0.3345 val_auroc 0.8479 (best 0.8546 @ 8)
  epoch  13 loss 0.3318 val_auroc 0.8484 (best 0.8546 @ 8)
  epoch  14 loss 0.3283 val_auroc 0.8491 (best 0.8546 @ 8)
  epoch  15 loss 0.3240 val_auroc 0.8498 (best 0.8546 @ 8)
  epoch  16 loss 0.3201 val_auroc 0.8511 (best 0.8546 @ 8)
[done] /Volumes/Projects/medico/runs/C_clean_s2 best val macro-AUROC 0.8546 @ epoch 8
=== [16/30] variant=C regime=aug seed=2
[C_aug_s2] device=mps amp=fp32: amp disabled in config
  epoch   1 loss 0.3967 val_auroc 0.8245 (best 0.8245 @ 1)
  epoch   2 loss 0.3732 val_auroc 0.8406 (best 0.8406 @ 2)
  epoch   3 loss 0.3658 val_auroc 0.8429 (best 0.8429 @ 3)
  epoch   4 loss 0.3622 val_auroc 0.8468 (best 0.8468 @ 4)
  epoch   5 loss 0.3571 val_auroc 0.8460 (best 0.8468 @ 4)
  epoch   6 loss 0.3530 val_auroc 0.8465 (best 0.8468 @ 4)
  epoch   7 loss 0.3504 val_auroc 0.8488 (best 0.8488 @ 7)
  epoch   8 loss 0.3491 val_auroc 0.8545 (best 0.8545 @ 8)
  epoch   9 loss 0.3460 val_auroc 0.8467 (best 0.8545 @ 8)
  epoch  10 loss 0.3423 val_auroc 0.8478 (best 0.8545 @ 8)
  epoch  11 loss 0.3398 val_auroc 0.8511 (best 0.8545 @ 8)
  epoch  12 loss 0.3375 val_auroc 0.8516 (best 0.8545 @ 8)
  epoch  13 loss 0.3356 val_auroc 0.8484 (best 0.8545 @ 8)
  epoch  14 loss 0.3321 val_auroc 0.8462 (best 0.8545 @ 8)
  epoch  15 loss 0.3279 val_auroc 0.8505 (best 0.8545 @ 8)
  epoch  16 loss 0.3245 val_auroc 0.8478 (best 0.8545 @ 8)
[done] /Volumes/Projects/medico/runs/C_aug_s2 best val macro-AUROC 0.8545 @ epoch 8
=== [17/30] variant=E regime=clean seed=2
[E_clean_s2] device=mps amp=fp32: amp disabled in config
  epoch   1 loss 0.3917 val_auroc 0.8298 (best 0.8298 @ 1)
  epoch   2 loss 0.3691 val_auroc 0.8402 (best 0.8402 @ 2)
  epoch   3 loss 0.3626 val_auroc 0.8444 (best 0.8444 @ 3)
  epoch   4 loss 0.3578 val_auroc 0.8492 (best 0.8492 @ 4)
  epoch   5 loss 0.3527 val_auroc 0.8481 (best 0.8492 @ 4)
  epoch   6 loss 0.3488 val_auroc 0.8494 (best 0.8494 @ 6)
  epoch   7 loss 0.3458 val_auroc 0.8503 (best 0.8503 @ 7)
  epoch   8 loss 0.3446 val_auroc 0.8553 (best 0.8553 @ 8)
  epoch   9 loss 0.3414 val_auroc 0.8493 (best 0.8553 @ 8)
  epoch  10 loss 0.3378 val_auroc 0.8500 (best 0.8553 @ 8)
  epoch  11 loss 0.3350 val_auroc 0.8526 (best 0.8553 @ 8)
  epoch  12 loss 0.3327 val_auroc 0.8498 (best 0.8553 @ 8)
  epoch  13 loss 0.3305 val_auroc 0.8493 (best 0.8553 @ 8)
  epoch  14 loss 0.3270 val_auroc 0.8526 (best 0.8553 @ 8)
  epoch  15 loss 0.3229 val_auroc 0.8516 (best 0.8553 @ 8)
  epoch  16 loss 0.3186 val_auroc 0.8512 (best 0.8553 @ 8)
[done] /Volumes/Projects/medico/runs/E_clean_s2 best val macro-AUROC 0.8553 @ epoch 8
=== [18/30] variant=E regime=aug seed=2
[E_aug_s2] device=mps amp=fp32: amp disabled in config
  epoch   1 loss 0.3959 val_auroc 0.8273 (best 0.8273 @ 1)
  epoch   2 loss 0.3711 val_auroc 0.8411 (best 0.8411 @ 2)
  epoch   3 loss 0.3644 val_auroc 0.8443 (best 0.8443 @ 3)
  epoch   4 loss 0.3604 val_auroc 0.8483 (best 0.8483 @ 4)
  epoch   5 loss 0.3557 val_auroc 0.8447 (best 0.8483 @ 4)
  epoch   6 loss 0.3521 val_auroc 0.8464 (best 0.8483 @ 4)
  epoch   7 loss 0.3492 val_auroc 0.8497 (best 0.8497 @ 7)
  epoch   8 loss 0.3482 val_auroc 0.8545 (best 0.8545 @ 8)
  epoch   9 loss 0.3449 val_auroc 0.8477 (best 0.8545 @ 8)
  epoch  10 loss 0.3418 val_auroc 0.8477 (best 0.8545 @ 8)
  epoch  11 loss 0.3392 val_auroc 0.8518 (best 0.8545 @ 8)
  epoch  12 loss 0.3370 val_auroc 0.8501 (best 0.8545 @ 8)
  epoch  13 loss 0.3357 val_auroc 0.8508 (best 0.8545 @ 8)
  epoch  14 loss 0.3324 val_auroc 0.8488 (best 0.8545 @ 8)
  epoch  15 loss 0.3286 val_auroc 0.8513 (best 0.8545 @ 8)
  epoch  16 loss 0.3257 val_auroc 0.8505 (best 0.8545 @ 8)
[done] /Volumes/Projects/medico/runs/E_aug_s2 best val macro-AUROC 0.8545 @ epoch 8
=== [19/30] variant=A regime=clean seed=3
[A_clean_s3] device=mps amp=fp32: amp disabled in config
  epoch   1 loss 0.3935 val_auroc 0.8329 (best 0.8329 @ 1)
  epoch   2 loss 0.3689 val_auroc 0.8405 (best 0.8405 @ 2)
  epoch   3 loss 0.3610 val_auroc 0.8448 (best 0.8448 @ 3)
  epoch   4 loss 0.3553 val_auroc 0.8452 (best 0.8452 @ 4)
  epoch   5 loss 0.3513 val_auroc 0.8467 (best 0.8467 @ 5)
  epoch   6 loss 0.3489 val_auroc 0.8519 (best 0.8519 @ 6)
  epoch   7 loss 0.3464 val_auroc 0.8467 (best 0.8519 @ 6)
  epoch   8 loss 0.3439 val_auroc 0.8495 (best 0.8519 @ 6)
  epoch   9 loss 0.3411 val_auroc 0.8508 (best 0.8519 @ 6)
  epoch  10 loss 0.3384 val_auroc 0.8506 (best 0.8519 @ 6)
  epoch  11 loss 0.3344 val_auroc 0.8487 (best 0.8519 @ 6)
  epoch  12 loss 0.3311 val_auroc 0.8515 (best 0.8519 @ 6)
  epoch  13 loss 0.3290 val_auroc 0.8510 (best 0.8519 @ 6)
  epoch  14 loss 0.3253 val_auroc 0.8483 (best 0.8519 @ 6)
[done] /Volumes/Projects/medico/runs/A_clean_s3 best val macro-AUROC 0.8519 @ epoch 6
=== [20/30] variant=A regime=aug seed=3
[A_aug_s3] device=mps amp=fp32: amp disabled in config
  epoch   1 loss 0.3967 val_auroc 0.8313 (best 0.8313 @ 1)
  epoch   2 loss 0.3710 val_auroc 0.8428 (best 0.8428 @ 2)
  epoch   3 loss 0.3627 val_auroc 0.8403 (best 0.8428 @ 2)
  epoch   4 loss 0.3577 val_auroc 0.8448 (best 0.8448 @ 4)
  epoch   5 loss 0.3535 val_auroc 0.8473 (best 0.8473 @ 5)
  epoch   6 loss 0.3515 val_auroc 0.8497 (best 0.8497 @ 6)
  epoch   7 loss 0.3495 val_auroc 0.8418 (best 0.8497 @ 6)
  epoch   8 loss 0.3469 val_auroc 0.8474 (best 0.8497 @ 6)
  epoch   9 loss 0.3449 val_auroc 0.8509 (best 0.8509 @ 9)
  epoch  10 loss 0.3422 val_auroc 0.8496 (best 0.8509 @ 9)
  epoch  11 loss 0.3387 val_auroc 0.8481 (best 0.8509 @ 9)
  epoch  12 loss 0.3360 val_auroc 0.8510 (best 0.8510 @ 12)
  epoch  13 loss 0.3344 val_auroc 0.8498 (best 0.8510 @ 12)
  epoch  14 loss 0.3313 val_auroc 0.8479 (best 0.8510 @ 12)
  epoch  15 loss 0.3281 val_auroc 0.8480 (best 0.8510 @ 12)
  epoch  16 loss 0.3261 val_auroc 0.8531 (best 0.8531 @ 16)
  epoch  17 loss 0.3212 val_auroc 0.8447 (best 0.8531 @ 16)
  epoch  18 loss 0.3169 val_auroc 0.8476 (best 0.8531 @ 16)
  epoch  19 loss 0.3128 val_auroc 0.8468 (best 0.8531 @ 16)
  epoch  20 loss 0.3071 val_auroc 0.8420 (best 0.8531 @ 16)
  epoch  21 loss 0.2990 val_auroc 0.8415 (best 0.8531 @ 16)
  epoch  22 loss 0.2905 val_auroc 0.8382 (best 0.8531 @ 16)
  epoch  23 loss 0.2791 val_auroc 0.8272 (best 0.8531 @ 16)
  epoch  24 loss 0.2648 val_auroc 0.8342 (best 0.8531 @ 16)
[done] /Volumes/Projects/medico/runs/A_aug_s3 best val macro-AUROC 0.8531 @ epoch 16
=== [21/30] variant=C regime=clean seed=3
[C_clean_s3] device=mps amp=fp32: amp disabled in config
  epoch   1 loss 0.3942 val_auroc 0.8332 (best 0.8332 @ 1)
  epoch   2 loss 0.3704 val_auroc 0.8400 (best 0.8400 @ 2)
  epoch   3 loss 0.3637 val_auroc 0.8425 (best 0.8425 @ 3)
  epoch   4 loss 0.3576 val_auroc 0.8458 (best 0.8458 @ 4)
  epoch   5 loss 0.3536 val_auroc 0.8518 (best 0.8518 @ 5)
  epoch   6 loss 0.3505 val_auroc 0.8502 (best 0.8518 @ 5)
  epoch   7 loss 0.3478 val_auroc 0.8453 (best 0.8518 @ 5)
  epoch   8 loss 0.3453 val_auroc 0.8515 (best 0.8518 @ 5)
  epoch   9 loss 0.3424 val_auroc 0.8514 (best 0.8518 @ 5)
  epoch  10 loss 0.3403 val_auroc 0.8522 (best 0.8522 @ 10)
  epoch  11 loss 0.3353 val_auroc 0.8500 (best 0.8522 @ 10)
  epoch  12 loss 0.3324 val_auroc 0.8491 (best 0.8522 @ 10)
  epoch  13 loss 0.3302 val_auroc 0.8516 (best 0.8522 @ 10)
  epoch  14 loss 0.3267 val_auroc 0.8517 (best 0.8522 @ 10)
  epoch  15 loss 0.3220 val_auroc 0.8518 (best 0.8522 @ 10)
  epoch  16 loss 0.3198 val_auroc 0.8477 (best 0.8522 @ 10)
  epoch  17 loss 0.3121 val_auroc 0.8423 (best 0.8522 @ 10)
  epoch  18 loss 0.3080 val_auroc 0.8459 (best 0.8522 @ 10)
[done] /Volumes/Projects/medico/runs/C_clean_s3 best val macro-AUROC 0.8522 @ epoch 10
=== [22/30] variant=C regime=aug seed=3
[C_aug_s3] device=mps amp=fp32: amp disabled in config
  epoch   1 loss 0.3976 val_auroc 0.8307 (best 0.8307 @ 1)
  epoch   2 loss 0.3726 val_auroc 0.8408 (best 0.8408 @ 2)
  epoch   3 loss 0.3654 val_auroc 0.8423 (best 0.8423 @ 3)
  epoch   4 loss 0.3595 val_auroc 0.8436 (best 0.8436 @ 4)
  epoch   5 loss 0.3557 val_auroc 0.8515 (best 0.8515 @ 5)
  epoch   6 loss 0.3525 val_auroc 0.8500 (best 0.8515 @ 5)
  epoch   7 loss 0.3503 val_auroc 0.8407 (best 0.8515 @ 5)
  epoch   8 loss 0.3478 val_auroc 0.8501 (best 0.8515 @ 5)
  epoch   9 loss 0.3456 val_auroc 0.8499 (best 0.8515 @ 5)
  epoch  10 loss 0.3434 val_auroc 0.8518 (best 0.8518 @ 10)
  epoch  11 loss 0.3386 val_auroc 0.8490 (best 0.8518 @ 10)
  epoch  12 loss 0.3364 val_auroc 0.8498 (best 0.8518 @ 10)
  epoch  13 loss 0.3337 val_auroc 0.8513 (best 0.8518 @ 10)
  epoch  14 loss 0.3309 val_auroc 0.8514 (best 0.8518 @ 10)
  epoch  15 loss 0.3270 val_auroc 0.8485 (best 0.8518 @ 10)
  epoch  16 loss 0.3252 val_auroc 0.8478 (best 0.8518 @ 10)
  epoch  17 loss 0.3189 val_auroc 0.8435 (best 0.8518 @ 10)
  epoch  18 loss 0.3154 val_auroc 0.8459 (best 0.8518 @ 10)
[done] /Volumes/Projects/medico/runs/C_aug_s3 best val macro-AUROC 0.8518 @ epoch 10
=== [23/30] variant=E regime=clean seed=3
[E_clean_s3] device=mps amp=fp32: amp disabled in config
  epoch   1 loss 0.3916 val_auroc 0.8361 (best 0.8361 @ 1)
  epoch   2 loss 0.3698 val_auroc 0.8379 (best 0.8379 @ 2)
  epoch   3 loss 0.3630 val_auroc 0.8407 (best 0.8407 @ 3)
  epoch   4 loss 0.3569 val_auroc 0.8452 (best 0.8452 @ 4)
  epoch   5 loss 0.3532 val_auroc 0.8518 (best 0.8518 @ 5)
  epoch   6 loss 0.3503 val_auroc 0.8481 (best 0.8518 @ 5)
  epoch   7 loss 0.3476 val_auroc 0.8451 (best 0.8518 @ 5)
  epoch   8 loss 0.3451 val_auroc 0.8505 (best 0.8518 @ 5)
  epoch   9 loss 0.3425 val_auroc 0.8523 (best 0.8523 @ 9)
  epoch  10 loss 0.3395 val_auroc 0.8519 (best 0.8523 @ 9)
  epoch  11 loss 0.3356 val_auroc 0.8485 (best 0.8523 @ 9)
  epoch  12 loss 0.3327 val_auroc 0.8501 (best 0.8523 @ 9)
  epoch  13 loss 0.3303 val_auroc 0.8516 (best 0.8523 @ 9)
  epoch  14 loss 0.3269 val_auroc 0.8515 (best 0.8523 @ 9)
  epoch  15 loss 0.3230 val_auroc 0.8521 (best 0.8523 @ 9)
  epoch  16 loss 0.3201 val_auroc 0.8475 (best 0.8523 @ 9)
  epoch  17 loss 0.3137 val_auroc 0.8446 (best 0.8523 @ 9)
[done] /Volumes/Projects/medico/runs/E_clean_s3 best val macro-AUROC 0.8523 @ epoch 9
=== [24/30] variant=E regime=aug seed=3
[E_aug_s3] device=mps amp=fp32: amp disabled in config
  epoch   1 loss 0.3958 val_auroc 0.8328 (best 0.8328 @ 1)
  epoch   2 loss 0.3715 val_auroc 0.8422 (best 0.8422 @ 2)
  epoch   3 loss 0.3643 val_auroc 0.8409 (best 0.8422 @ 2)
  epoch   4 loss 0.3585 val_auroc 0.8433 (best 0.8433 @ 4)
  epoch   5 loss 0.3543 val_auroc 0.8507 (best 0.8507 @ 5)
  epoch   6 loss 0.3519 val_auroc 0.8510 (best 0.8510 @ 6)
  epoch   7 loss 0.3492 val_auroc 0.8437 (best 0.8510 @ 6)
  epoch   8 loss 0.3469 val_auroc 0.8484 (best 0.8510 @ 6)
  epoch   9 loss 0.3447 val_auroc 0.8516 (best 0.8516 @ 9)
  epoch  10 loss 0.3421 val_auroc 0.8519 (best 0.8519 @ 10)
  epoch  11 loss 0.3378 val_auroc 0.8496 (best 0.8519 @ 10)
  epoch  12 loss 0.3360 val_auroc 0.8503 (best 0.8519 @ 10)
  epoch  13 loss 0.3336 val_auroc 0.8523 (best 0.8523 @ 13)
  epoch  14 loss 0.3310 val_auroc 0.8510 (best 0.8523 @ 13)
  epoch  15 loss 0.3277 val_auroc 0.8499 (best 0.8523 @ 13)
  epoch  16 loss 0.3256 val_auroc 0.8491 (best 0.8523 @ 13)
  epoch  17 loss 0.3202 val_auroc 0.8453 (best 0.8523 @ 13)
  epoch  18 loss 0.3163 val_auroc 0.8469 (best 0.8523 @ 13)
  epoch  19 loss 0.3129 val_auroc 0.8481 (best 0.8523 @ 13)
  epoch  20 loss 0.3080 val_auroc 0.8440 (best 0.8523 @ 13)
  epoch  21 loss 0.3021 val_auroc 0.8408 (best 0.8523 @ 13)
[done] /Volumes/Projects/medico/runs/E_aug_s3 best val macro-AUROC 0.8523 @ epoch 13
=== [25/30] variant=A regime=clean seed=4
[A_clean_s4] device=mps amp=fp32: amp disabled in config
  epoch   1 loss 0.3952 val_auroc 0.8314 (best 0.8314 @ 1)
  epoch   2 loss 0.3688 val_auroc 0.8402 (best 0.8402 @ 2)
  epoch   3 loss 0.3619 val_auroc 0.8373 (best 0.8402 @ 2)
  epoch   4 loss 0.3562 val_auroc 0.8446 (best 0.8446 @ 4)
  epoch   5 loss 0.3526 val_auroc 0.8474 (best 0.8474 @ 5)
  epoch   6 loss 0.3481 val_auroc 0.8516 (best 0.8516 @ 6)
  epoch   7 loss 0.3464 val_auroc 0.8505 (best 0.8516 @ 6)
  epoch   8 loss 0.3420 val_auroc 0.8508 (best 0.8516 @ 6)
  epoch   9 loss 0.3404 val_auroc 0.8541 (best 0.8541 @ 9)
  epoch  10 loss 0.3369 val_auroc 0.8510 (best 0.8541 @ 9)
  epoch  11 loss 0.3359 val_auroc 0.8527 (best 0.8541 @ 9)
  epoch  12 loss 0.3318 val_auroc 0.8504 (best 0.8541 @ 9)
  epoch  13 loss 0.3271 val_auroc 0.8512 (best 0.8541 @ 9)
  epoch  14 loss 0.3244 val_auroc 0.8467 (best 0.8541 @ 9)
  epoch  15 loss 0.3203 val_auroc 0.8421 (best 0.8541 @ 9)
  epoch  16 loss 0.3154 val_auroc 0.8386 (best 0.8541 @ 9)
  epoch  17 loss 0.3103 val_auroc 0.8418 (best 0.8541 @ 9)
[done] /Volumes/Projects/medico/runs/A_clean_s4 best val macro-AUROC 0.8541 @ epoch 9
=== [26/30] variant=A regime=aug seed=4
[A_aug_s4] device=mps amp=fp32: amp disabled in config
  epoch   1 loss 0.3989 val_auroc 0.8304 (best 0.8304 @ 1)
  epoch   2 loss 0.3712 val_auroc 0.8399 (best 0.8399 @ 2)
  epoch   3 loss 0.3639 val_auroc 0.8388 (best 0.8399 @ 2)
  epoch   4 loss 0.3582 val_auroc 0.8422 (best 0.8422 @ 4)
  epoch   5 loss 0.3551 val_auroc 0.8435 (best 0.8435 @ 5)
  epoch   6 loss 0.3512 val_auroc 0.8526 (best 0.8526 @ 6)
  epoch   7 loss 0.3493 val_auroc 0.8522 (best 0.8526 @ 6)
  epoch   8 loss 0.3454 val_auroc 0.8515 (best 0.8526 @ 6)
  epoch   9 loss 0.3439 val_auroc 0.8529 (best 0.8529 @ 9)
  epoch  10 loss 0.3405 val_auroc 0.8507 (best 0.8529 @ 9)
  epoch  11 loss 0.3399 val_auroc 0.8520 (best 0.8529 @ 9)
  epoch  12 loss 0.3367 val_auroc 0.8519 (best 0.8529 @ 9)
  epoch  13 loss 0.3335 val_auroc 0.8558 (best 0.8558 @ 13)
  epoch  14 loss 0.3304 val_auroc 0.8497 (best 0.8558 @ 13)
  epoch  15 loss 0.3282 val_auroc 0.8458 (best 0.8558 @ 13)
  epoch  16 loss 0.3255 val_auroc 0.8424 (best 0.8558 @ 13)
  epoch  17 loss 0.3222 val_auroc 0.8478 (best 0.8558 @ 13)
  epoch  18 loss 0.3180 val_auroc 0.8481 (best 0.8558 @ 13)
  epoch  19 loss 0.3117 val_auroc 0.8441 (best 0.8558 @ 13)
  epoch  20 loss 0.3065 val_auroc 0.8428 (best 0.8558 @ 13)
  epoch  21 loss 0.2997 val_auroc 0.8417 (best 0.8558 @ 13)
[done] /Volumes/Projects/medico/runs/A_aug_s4 best val macro-AUROC 0.8558 @ epoch 13
=== [27/30] variant=C regime=clean seed=4
[C_clean_s4] device=mps amp=fp32: amp disabled in config
  epoch   1 loss 0.3932 val_auroc 0.8324 (best 0.8324 @ 1)
  epoch   2 loss 0.3714 val_auroc 0.8399 (best 0.8399 @ 2)
  epoch   3 loss 0.3659 val_auroc 0.8439 (best 0.8439 @ 3)
  epoch   4 loss 0.3588 val_auroc 0.8443 (best 0.8443 @ 4)
  epoch   5 loss 0.3554 val_auroc 0.8476 (best 0.8476 @ 5)
  epoch   6 loss 0.3517 val_auroc 0.8498 (best 0.8498 @ 6)
  epoch   7 loss 0.3498 val_auroc 0.8487 (best 0.8498 @ 6)
  epoch   8 loss 0.3450 val_auroc 0.8492 (best 0.8498 @ 6)
  epoch   9 loss 0.3433 val_auroc 0.8516 (best 0.8516 @ 9)
  epoch  10 loss 0.3403 val_auroc 0.8518 (best 0.8518 @ 10)
  epoch  11 loss 0.3395 val_auroc 0.8518 (best 0.8518 @ 10)
  epoch  12 loss 0.3359 val_auroc 0.8498 (best 0.8518 @ 10)
  epoch  13 loss 0.3322 val_auroc 0.8522 (best 0.8522 @ 13)
  epoch  14 loss 0.3287 val_auroc 0.8480 (best 0.8522 @ 13)
  epoch  15 loss 0.3266 val_auroc 0.8507 (best 0.8522 @ 13)
  epoch  16 loss 0.3238 val_auroc 0.8438 (best 0.8522 @ 13)
  epoch  17 loss 0.3197 val_auroc 0.8508 (best 0.8522 @ 13)
  epoch  18 loss 0.3150 val_auroc 0.8481 (best 0.8522 @ 13)
  epoch  19 loss 0.3093 val_auroc 0.8489 (best 0.8522 @ 13)
  epoch  20 loss 0.3020 val_auroc 0.8458 (best 0.8522 @ 13)
  epoch  21 loss 0.2953 val_auroc 0.8448 (best 0.8522 @ 13)
[done] /Volumes/Projects/medico/runs/C_clean_s4 best val macro-AUROC 0.8522 @ epoch 13
=== [28/30] variant=C regime=aug seed=4
[C_aug_s4] device=mps amp=fp32: amp disabled in config
  epoch   1 loss 0.3971 val_auroc 0.8261 (best 0.8261 @ 1)
  epoch   2 loss 0.3738 val_auroc 0.8382 (best 0.8382 @ 2)
  epoch   3 loss 0.3677 val_auroc 0.8429 (best 0.8429 @ 3)
  epoch   4 loss 0.3613 val_auroc 0.8406 (best 0.8429 @ 3)
  epoch   5 loss 0.3577 val_auroc 0.8439 (best 0.8439 @ 5)
  epoch   6 loss 0.3542 val_auroc 0.8486 (best 0.8486 @ 6)
  epoch   7 loss 0.3521 val_auroc 0.8476 (best 0.8486 @ 6)
  epoch   8 loss 0.3478 val_auroc 0.8462 (best 0.8486 @ 6)
  epoch   9 loss 0.3458 val_auroc 0.8488 (best 0.8488 @ 9)
  epoch  10 loss 0.3427 val_auroc 0.8487 (best 0.8488 @ 9)
  epoch  11 loss 0.3425 val_auroc 0.8498 (best 0.8498 @ 11)
  epoch  12 loss 0.3388 val_auroc 0.8471 (best 0.8498 @ 11)
  epoch  13 loss 0.3354 val_auroc 0.8501 (best 0.8501 @ 13)
  epoch  14 loss 0.3316 val_auroc 0.8426 (best 0.8501 @ 13)
  epoch  15 loss 0.3305 val_auroc 0.8477 (best 0.8501 @ 13)
  epoch  16 loss 0.3276 val_auroc 0.8416 (best 0.8501 @ 13)
  epoch  17 loss 0.3242 val_auroc 0.8491 (best 0.8501 @ 13)
  epoch  18 loss 0.3204 val_auroc 0.8452 (best 0.8501 @ 13)
  epoch  19 loss 0.3155 val_auroc 0.8450 (best 0.8501 @ 13)
  epoch  20 loss 0.3090 val_auroc 0.8465 (best 0.8501 @ 13)
  epoch  21 loss 0.3040 val_auroc 0.8446 (best 0.8501 @ 13)
[done] /Volumes/Projects/medico/runs/C_aug_s4 best val macro-AUROC 0.8501 @ epoch 13
=== [29/30] variant=E regime=clean seed=4
[E_clean_s4] device=mps amp=fp32: amp disabled in config
  epoch   1 loss 0.3898 val_auroc 0.8299 (best 0.8299 @ 1)
  epoch   2 loss 0.3696 val_auroc 0.8417 (best 0.8417 @ 2)
  epoch   3 loss 0.3637 val_auroc 0.8445 (best 0.8445 @ 3)
  epoch   4 loss 0.3573 val_auroc 0.8431 (best 0.8445 @ 3)
  epoch   5 loss 0.3539 val_auroc 0.8440 (best 0.8445 @ 3)
  epoch   6 loss 0.3503 val_auroc 0.8498 (best 0.8498 @ 6)
  epoch   7 loss 0.3479 val_auroc 0.8523 (best 0.8523 @ 7)
  epoch   8 loss 0.3438 val_auroc 0.8514 (best 0.8523 @ 7)
  epoch   9 loss 0.3421 val_auroc 0.8534 (best 0.8534 @ 9)
  epoch  10 loss 0.3386 val_auroc 0.8535 (best 0.8535 @ 10)
  epoch  11 loss 0.3380 val_auroc 0.8535 (best 0.8535 @ 11)
  epoch  12 loss 0.3342 val_auroc 0.8528 (best 0.8535 @ 11)
  epoch  13 loss 0.3300 val_auroc 0.8534 (best 0.8535 @ 11)
  epoch  14 loss 0.3268 val_auroc 0.8475 (best 0.8535 @ 11)
  epoch  15 loss 0.3244 val_auroc 0.8510 (best 0.8535 @ 11)
  epoch  16 loss 0.3213 val_auroc 0.8434 (best 0.8535 @ 11)
  epoch  17 loss 0.3179 val_auroc 0.8518 (best 0.8535 @ 11)
  epoch  18 loss 0.3134 val_auroc 0.8497 (best 0.8535 @ 11)
  epoch  19 loss 0.3073 val_auroc 0.8519 (best 0.8535 @ 11)
[done] /Volumes/Projects/medico/runs/E_clean_s4 best val macro-AUROC 0.8535 @ epoch 11
=== [30/30] variant=E regime=aug seed=4
[E_aug_s4] device=mps amp=fp32: amp disabled in config
  epoch   1 loss 0.3934 val_auroc 0.8305 (best 0.8305 @ 1)
  epoch   2 loss 0.3718 val_auroc 0.8406 (best 0.8406 @ 2)
  epoch   3 loss 0.3661 val_auroc 0.8424 (best 0.8424 @ 3)
  epoch   4 loss 0.3598 val_auroc 0.8404 (best 0.8424 @ 3)
  epoch   5 loss 0.3565 val_auroc 0.8425 (best 0.8425 @ 5)
  epoch   6 loss 0.3525 val_auroc 0.8480 (best 0.8480 @ 6)
  epoch   7 loss 0.3505 val_auroc 0.8503 (best 0.8503 @ 7)
  epoch   8 loss 0.3466 val_auroc 0.8480 (best 0.8503 @ 7)
  epoch   9 loss 0.3449 val_auroc 0.8510 (best 0.8510 @ 9)
  epoch  10 loss 0.3411 val_auroc 0.8511 (best 0.8511 @ 10)
  epoch  11 loss 0.3407 val_auroc 0.8511 (best 0.8511 @ 10)
  epoch  12 loss 0.3376 val_auroc 0.8506 (best 0.8511 @ 10)
  epoch  13 loss 0.3336 val_auroc 0.8525 (best 0.8525 @ 13)
  epoch  14 loss 0.3299 val_auroc 0.8446 (best 0.8525 @ 13)
  epoch  15 loss 0.3283 val_auroc 0.8483 (best 0.8525 @ 13)
  epoch  16 loss 0.3252 val_auroc 0.8412 (best 0.8525 @ 13)
  epoch  17 loss 0.3219 val_auroc 0.8513 (best 0.8525 @ 13)
  epoch  18 loss 0.3175 val_auroc 0.8474 (best 0.8525 @ 13)
  epoch  19 loss 0.3120 val_auroc 0.8461 (best 0.8525 @ 13)
  epoch  20 loss 0.3055 val_auroc 0.8466 (best 0.8525 @ 13)
  epoch  21 loss 0.3004 val_auroc 0.8469 (best 0.8525 @ 13)
[done] /Volumes/Projects/medico/runs/E_aug_s4 best val macro-AUROC 0.8525 @ epoch 13
sweep finished: 30 runs
