
===== 2026-10-04 13:23:00 XB0aug_s0 =====
[XB0aug_s0] device=mps params=953989 train=17084 val=2146 test=2158 pos_weight=[1.2489999532699585, 2.9010000228881836, 3.0810000896453857, 3.372999906539917, 7.061999797821045] git=70efa5305933fc36284c815db4cac718c9eb380e-dirty code=c25cd8410ab6
[XB0aug_s0] ep  1 loss 1.2791 val_auroc 0.8673 lr 2.00e-04 35s
[XB0aug_s0] ep  2 loss 0.9958 val_auroc 0.8907 lr 4.00e-04 66s
[XB0aug_s0] ep  3 loss 0.8690 val_auroc 0.9005 lr 5.00e-04 94s
[XB0aug_s0] ep  4 loss 0.8039 val_auroc 0.9032 lr 4.99e-04 123s
[XB0aug_s0] ep  5 loss 0.7609 val_auroc 0.9084 lr 4.97e-04 151s
[XB0aug_s0] ep  6 loss 0.7421 val_auroc 0.9101 lr 4.93e-04 189s
[XB0aug_s0] ep  7 loss 0.7261 val_auroc 0.9175 lr 4.89e-04 238s
[XB0aug_s0] ep  8 loss 0.7118 val_auroc 0.9185 lr 4.84e-04 288s
[XB0aug_s0] ep  9 loss 0.6990 val_auroc 0.9157 lr 4.77e-04 340s
[XB0aug_s0] ep 10 loss 0.6988 val_auroc 0.9216 lr 4.70e-04 371s
[XB0aug_s0] ep 11 loss 0.6827 val_auroc 0.9203 lr 4.62e-04 402s
[XB0aug_s0] ep 12 loss 0.6790 val_auroc 0.9226 lr 4.52e-04 434s
[XB0aug_s0] ep 13 loss 0.6831 val_auroc 0.9180 lr 4.42e-04 463s
[XB0aug_s0] ep 14 loss 0.6709 val_auroc 0.9265 lr 4.31e-04 492s
[XB0aug_s0] ep 15 loss 0.6666 val_auroc 0.9275 lr 4.19e-04 520s
[XB0aug_s0] ep 16 loss 0.6694 val_auroc 0.9287 lr 4.07e-04 549s
[XB0aug_s0] ep 17 loss 0.6631 val_auroc 0.9252 lr 3.94e-04 578s
[XB0aug_s0] ep 18 loss 0.6653 val_auroc 0.9302 lr 3.80e-04 606s
[XB0aug_s0] ep 19 loss 0.6680 val_auroc 0.9257 lr 3.65e-04 634s
[XB0aug_s0] ep 20 loss 0.6496 val_auroc 0.9289 lr 3.50e-04 662s
[XB0aug_s0] ep 21 loss 0.6499 val_auroc 0.9280 lr 3.35e-04 690s
[XB0aug_s0] ep 22 loss 0.6535 val_auroc 0.9289 lr 3.19e-04 717s
[XB0aug_s0] ep 23 loss 0.6503 val_auroc 0.9298 lr 3.03e-04 745s
[XB0aug_s0] ep 24 loss 0.6391 val_auroc 0.9318 lr 2.87e-04 773s
[XB0aug_s0] ep 25 loss 0.6400 val_auroc 0.9325 lr 2.71e-04 801s
[XB0aug_s0] ep 26 loss 0.6251 val_auroc 0.9328 lr 2.54e-04 828s
[XB0aug_s0] ep 27 loss 0.6266 val_auroc 0.9330 lr 2.38e-04 857s
[XB0aug_s0] ep 28 loss 0.6172 val_auroc 0.9329 lr 2.21e-04 885s
[XB0aug_s0] ep 29 loss 0.6190 val_auroc 0.9316 lr 2.05e-04 913s
[XB0aug_s0] ep 30 loss 0.6294 val_auroc 0.9310 lr 1.89e-04 941s
[XB0aug_s0] ep 31 loss 0.6177 val_auroc 0.9276 lr 1.73e-04 969s
[XB0aug_s0] ep 32 loss 0.6157 val_auroc 0.9291 lr 1.57e-04 997s
[XB0aug_s0] ep 33 loss 0.6102 val_auroc 0.9311 lr 1.42e-04 1024s
[XB0aug_s0] ep 34 loss 0.6086 val_auroc 0.9329 lr 1.27e-04 1053s
[XB0aug_s0] ep 35 loss 0.6102 val_auroc 0.9331 lr 1.13e-04 1082s
[XB0aug_s0] ep 36 loss 0.6054 val_auroc 0.9315 lr 9.97e-05 1110s
[XB0aug_s0] ep 37 loss 0.5933 val_auroc 0.9322 lr 8.69e-05 1138s
[XB0aug_s0] ep 38 loss 0.6006 val_auroc 0.9319 lr 7.47e-05 1165s
[XB0aug_s0] ep 39 loss 0.5952 val_auroc 0.9318 lr 6.33e-05 1193s
[XB0aug_s0] ep 40 loss 0.5946 val_auroc 0.9314 lr 5.27e-05 1220s
[XB0aug_s0] ep 41 loss 0.5805 val_auroc 0.9320 lr 4.30e-05 1247s
[XB0aug_s0] ep 42 loss 0.5844 val_auroc 0.9308 lr 3.42e-05 1274s
[XB0aug_s0] ep 43 loss 0.5749 val_auroc 0.9296 lr 2.63e-05 1302s
[XB0aug_s0] ep 44 loss 0.5881 val_auroc 0.9324 lr 1.94e-05 1329s
[XB0aug_s0] ep 45 loss 0.5934 val_auroc 0.9315 lr 1.35e-05 1356s
[XB0aug_s0] early stop at ep 45
[XB0aug_s0] DONE best_ep 35 val 0.9331 test nan params 953989 time 1356.4s

===== 2026-10-04 13:46:33 XE_s0 =====
[XE_s0] device=mps params=939014 train=17084 val=2146 test=2158 pos_weight=[1.2489999532699585, 2.9010000228881836, 3.0810000896453857, 3.372999906539917, 7.061999797821045] git=70efa5305933fc36284c815db4cac718c9eb380e-dirty code=593436ab5f4a
[XE_s0] ep  1 loss 0.9730 val_auroc 0.8715 lr 2.00e-04 29s
[XE_s0] ep  2 loss 0.8195 val_auroc 0.8939 lr 4.00e-04 57s
[XE_s0] ep  3 loss 0.7672 val_auroc 0.9068 lr 5.00e-04 85s
[XE_s0] ep  4 loss 0.7470 val_auroc 0.9111 lr 4.99e-04 113s
[XE_s0] ep  5 loss 0.7249 val_auroc 0.9134 lr 4.97e-04 141s
[XE_s0] ep  6 loss 0.7186 val_auroc 0.9166 lr 4.93e-04 170s
[XE_s0] ep  7 loss 0.7095 val_auroc 0.9192 lr 4.89e-04 198s
[XE_s0] ep  8 loss 0.7008 val_auroc 0.9204 lr 4.84e-04 226s
[XE_s0] ep  9 loss 0.6902 val_auroc 0.9215 lr 4.77e-04 255s
[XE_s0] ep 10 loss 0.6913 val_auroc 0.9220 lr 4.70e-04 283s
[XE_s0] ep 11 loss 0.6746 val_auroc 0.9233 lr 4.62e-04 312s
[XE_s0] ep 12 loss 0.6758 val_auroc 0.9212 lr 4.52e-04 341s
[XE_s0] ep 13 loss 0.6796 val_auroc 0.9171 lr 4.42e-04 369s
[XE_s0] ep 14 loss 0.6657 val_auroc 0.9247 lr 4.31e-04 398s
[XE_s0] ep 15 loss 0.6650 val_auroc 0.9273 lr 4.19e-04 427s
[XE_s0] ep 16 loss 0.6676 val_auroc 0.9284 lr 4.07e-04 456s
[XE_s0] ep 17 loss 0.6591 val_auroc 0.9272 lr 3.94e-04 485s
[XE_s0] ep 18 loss 0.6592 val_auroc 0.9289 lr 3.80e-04 514s
[XE_s0] ep 19 loss 0.6659 val_auroc 0.9248 lr 3.65e-04 543s
[XE_s0] ep 20 loss 0.6472 val_auroc 0.9290 lr 3.50e-04 572s
[XE_s0] ep 21 loss 0.6495 val_auroc 0.9282 lr 3.35e-04 602s
[XE_s0] ep 22 loss 0.6524 val_auroc 0.9291 lr 3.19e-04 632s
[XE_s0] ep 23 loss 0.6520 val_auroc 0.9311 lr 3.03e-04 661s
[XE_s0] ep 24 loss 0.6380 val_auroc 0.9286 lr 2.87e-04 691s
[XE_s0] ep 25 loss 0.6366 val_auroc 0.9309 lr 2.71e-04 720s
[XE_s0] ep 26 loss 0.6245 val_auroc 0.9303 lr 2.54e-04 750s
[XE_s0] ep 27 loss 0.6238 val_auroc 0.9310 lr 2.38e-04 779s
[XE_s0] ep 28 loss 0.6157 val_auroc 0.9314 lr 2.21e-04 813s
[XE_s0] ep 29 loss 0.6183 val_auroc 0.9302 lr 2.05e-04 843s
[XE_s0] ep 30 loss 0.6294 val_auroc 0.9291 lr 1.89e-04 875s
[XE_s0] ep 31 loss 0.6156 val_auroc 0.9307 lr 1.73e-04 906s
[XE_s0] ep 32 loss 0.6170 val_auroc 0.9297 lr 1.57e-04 936s
[XE_s0] ep 33 loss 0.6099 val_auroc 0.9307 lr 1.42e-04 968s
[XE_s0] ep 34 loss 0.6077 val_auroc 0.9302 lr 1.27e-04 998s
[XE_s0] ep 35 loss 0.6092 val_auroc 0.9304 lr 1.13e-04 1028s
[XE_s0] ep 36 loss 0.6053 val_auroc 0.9286 lr 9.97e-05 1058s
[XE_s0] ep 37 loss 0.5917 val_auroc 0.9303 lr 8.69e-05 1089s
[XE_s0] ep 38 loss 0.6000 val_auroc 0.9293 lr 7.47e-05 1119s
[XE_s0] early stop at ep 38
[XE_s0] DONE best_ep 28 val 0.9314 test nan params 939014 time 1119.2s

===== 2026-10-04 14:05:36 XF_s0 =====
[XF_s0] device=mps params=939014 train=17084 val=2146 test=2158 pos_weight=[1.2489999532699585, 2.9010000228881836, 3.0810000896453857, 3.372999906539917, 7.061999797821045] git=70efa5305933fc36284c815db4cac718c9eb380e-dirty code=593436ab5f4a
[XF_s0] ep  1 loss 1.0622 val_auroc 0.8642 lr 2.00e-04 39s
[XF_s0] ep  2 loss 0.8894 val_auroc 0.8868 lr 4.00e-04 76s
[XF_s0] ep  3 loss 0.8054 val_auroc 0.8993 lr 5.00e-04 113s
[XF_s0] ep  4 loss 0.7789 val_auroc 0.9051 lr 4.99e-04 150s
[XF_s0] ep  5 loss 0.7550 val_auroc 0.9086 lr 4.97e-04 187s
[XF_s0] ep  6 loss 0.7484 val_auroc 0.9153 lr 4.93e-04 223s
[XF_s0] ep  7 loss 0.7368 val_auroc 0.9203 lr 4.89e-04 260s
[XF_s0] ep  8 loss 0.7304 val_auroc 0.9202 lr 4.84e-04 297s
[XF_s0] ep  9 loss 0.7210 val_auroc 0.9168 lr 4.77e-04 334s
[XF_s0] ep 10 loss 0.7211 val_auroc 0.9211 lr 4.70e-04 372s
[XF_s0] ep 11 loss 0.7068 val_auroc 0.9227 lr 4.62e-04 409s
[XF_s0] ep 12 loss 0.7068 val_auroc 0.9217 lr 4.52e-04 445s
[XF_s0] ep 13 loss 0.7120 val_auroc 0.9161 lr 4.42e-04 481s
[XF_s0] ep 14 loss 0.6977 val_auroc 0.9272 lr 4.31e-04 518s
[XF_s0] ep 15 loss 0.6969 val_auroc 0.9266 lr 4.19e-04 554s
[XF_s0] ep 16 loss 0.6997 val_auroc 0.9258 lr 4.07e-04 591s
[XF_s0] ep 17 loss 0.6909 val_auroc 0.9244 lr 3.94e-04 627s
[XF_s0] ep 18 loss 0.6931 val_auroc 0.9302 lr 3.80e-04 664s
[XF_s0] ep 19 loss 0.6975 val_auroc 0.9238 lr 3.65e-04 701s
[XF_s0] ep 20 loss 0.6801 val_auroc 0.9292 lr 3.50e-04 738s
[XF_s0] ep 21 loss 0.6827 val_auroc 0.9277 lr 3.35e-04 774s
[XF_s0] ep 22 loss 0.6856 val_auroc 0.9279 lr 3.19e-04 811s
[XF_s0] ep 23 loss 0.6828 val_auroc 0.9309 lr 3.03e-04 848s
[XF_s0] ep 24 loss 0.6714 val_auroc 0.9273 lr 2.87e-04 884s
[XF_s0] ep 25 loss 0.6728 val_auroc 0.9306 lr 2.71e-04 921s
[XF_s0] ep 26 loss 0.6582 val_auroc 0.9312 lr 2.54e-04 958s
[XF_s0] ep 27 loss 0.6602 val_auroc 0.9306 lr 2.38e-04 994s
[XF_s0] ep 28 loss 0.6520 val_auroc 0.9325 lr 2.21e-04 1030s
[XF_s0] ep 29 loss 0.6556 val_auroc 0.9295 lr 2.05e-04 1067s
[XF_s0] ep 30 loss 0.6667 val_auroc 0.9298 lr 1.89e-04 1103s
[XF_s0] ep 31 loss 0.6565 val_auroc 0.9271 lr 1.73e-04 1139s
[XF_s0] ep 32 loss 0.6536 val_auroc 0.9281 lr 1.57e-04 1175s
[XF_s0] ep 33 loss 0.6469 val_auroc 0.9304 lr 1.42e-04 1212s
[XF_s0] ep 34 loss 0.6484 val_auroc 0.9307 lr 1.27e-04 1248s
[XF_s0] ep 35 loss 0.6483 val_auroc 0.9322 lr 1.13e-04 1284s
[XF_s0] ep 36 loss 0.6441 val_auroc 0.9281 lr 9.97e-05 1320s
[XF_s0] ep 37 loss 0.6308 val_auroc 0.9304 lr 8.69e-05 1357s
[XF_s0] ep 38 loss 0.6410 val_auroc 0.9313 lr 7.47e-05 1392s
[XF_s0] early stop at ep 38
[XF_s0] DONE best_ep 28 val 0.9325 test nan params 939014 time 1391.9s

===== 2026-10-04 14:29:13 XEclean_s0 =====
[XEclean_s0] device=mps params=939014 train=17084 val=2146 test=2158 pos_weight=[1.2489999532699585, 2.9010000228881836, 3.0810000896453857, 3.372999906539917, 7.061999797821045] git=70efa5305933fc36284c815db4cac718c9eb380e-dirty code=593436ab5f4a
[XEclean_s0] ep  1 loss 0.9559 val_auroc 0.8751 lr 2.00e-04 27s
[XEclean_s0] ep  2 loss 0.8046 val_auroc 0.8959 lr 4.00e-04 54s
[XEclean_s0] ep  3 loss 0.7566 val_auroc 0.9052 lr 5.00e-04 80s
[XEclean_s0] ep  4 loss 0.7406 val_auroc 0.9102 lr 4.99e-04 107s
[XEclean_s0] ep  5 loss 0.7172 val_auroc 0.9119 lr 4.97e-04 134s
[XEclean_s0] ep  6 loss 0.7123 val_auroc 0.9179 lr 4.93e-04 162s
[XEclean_s0] ep  7 loss 0.7033 val_auroc 0.9224 lr 4.89e-04 189s
[XEclean_s0] ep  8 loss 0.6942 val_auroc 0.9214 lr 4.84e-04 218s
[XEclean_s0] ep  9 loss 0.6850 val_auroc 0.9208 lr 4.77e-04 246s
[XEclean_s0] ep 10 loss 0.6845 val_auroc 0.9218 lr 4.70e-04 273s
[XEclean_s0] ep 11 loss 0.6689 val_auroc 0.9214 lr 4.62e-04 301s
[XEclean_s0] ep 12 loss 0.6691 val_auroc 0.9220 lr 4.52e-04 328s
[XEclean_s0] ep 13 loss 0.6720 val_auroc 0.9192 lr 4.42e-04 356s
[XEclean_s0] ep 14 loss 0.6592 val_auroc 0.9257 lr 4.31e-04 384s
[XEclean_s0] ep 15 loss 0.6594 val_auroc 0.9265 lr 4.19e-04 411s
[XEclean_s0] ep 16 loss 0.6597 val_auroc 0.9272 lr 4.07e-04 439s
[XEclean_s0] ep 17 loss 0.6526 val_auroc 0.9262 lr 3.94e-04 467s
[XEclean_s0] ep 18 loss 0.6538 val_auroc 0.9286 lr 3.80e-04 494s
[XEclean_s0] ep 19 loss 0.6573 val_auroc 0.9259 lr 3.65e-04 522s
[XEclean_s0] ep 20 loss 0.6400 val_auroc 0.9276 lr 3.50e-04 549s
[XEclean_s0] ep 21 loss 0.6421 val_auroc 0.9278 lr 3.35e-04 577s
[XEclean_s0] ep 22 loss 0.6450 val_auroc 0.9284 lr 3.19e-04 605s
[XEclean_s0] ep 23 loss 0.6421 val_auroc 0.9292 lr 3.03e-04 633s
[XEclean_s0] ep 24 loss 0.6278 val_auroc 0.9292 lr 2.87e-04 661s
[XEclean_s0] ep 25 loss 0.6280 val_auroc 0.9287 lr 2.71e-04 688s
[XEclean_s0] ep 26 loss 0.6139 val_auroc 0.9309 lr 2.54e-04 716s
[XEclean_s0] ep 27 loss 0.6157 val_auroc 0.9296 lr 2.38e-04 744s
[XEclean_s0] ep 28 loss 0.6060 val_auroc 0.9309 lr 2.21e-04 772s
[XEclean_s0] ep 29 loss 0.6072 val_auroc 0.9297 lr 2.05e-04 800s
[XEclean_s0] ep 30 loss 0.6177 val_auroc 0.9285 lr 1.89e-04 828s
[XEclean_s0] ep 31 loss 0.6037 val_auroc 0.9264 lr 1.73e-04 855s
[XEclean_s0] ep 32 loss 0.6061 val_auroc 0.9279 lr 1.57e-04 883s
[XEclean_s0] ep 33 loss 0.5975 val_auroc 0.9273 lr 1.42e-04 911s
[XEclean_s0] ep 34 loss 0.5958 val_auroc 0.9289 lr 1.27e-04 938s
[XEclean_s0] ep 35 loss 0.5993 val_auroc 0.9285 lr 1.13e-04 966s
[XEclean_s0] ep 36 loss 0.5918 val_auroc 0.9249 lr 9.97e-05 993s
[XEclean_s0] early stop at ep 36
[XEclean_s0] DONE best_ep 26 val 0.9309 test nan params 939014 time 993.0s

===== 2026-10-04 14:46:02 XB0augreal_s0 =====
[XB0augreal_s0] device=mps params=953989 train=17084 val=2146 test=2158 pos_weight=[1.2489999532699585, 2.9010000228881836, 3.0810000896453857, 3.372999906539917, 7.061999797821045] git=70efa5305933fc36284c815db4cac718c9eb380e-dirty code=593436ab5f4a
[XB0augreal_s0] ep  1 loss 1.2766 val_auroc 0.8678 lr 2.00e-04 27s
[XB0augreal_s0] ep  2 loss 0.9929 val_auroc 0.8909 lr 4.00e-04 53s
[XB0augreal_s0] ep  3 loss 0.8724 val_auroc 0.9015 lr 5.00e-04 79s
[XB0augreal_s0] ep  4 loss 0.8099 val_auroc 0.9045 lr 4.99e-04 105s
[XB0augreal_s0] ep  5 loss 0.7616 val_auroc 0.9076 lr 4.97e-04 134s
[XB0augreal_s0] ep  6 loss 0.7438 val_auroc 0.9113 lr 4.93e-04 160s
[XB0augreal_s0] ep  7 loss 0.7267 val_auroc 0.9180 lr 4.89e-04 186s
[XB0augreal_s0] ep  8 loss 0.7150 val_auroc 0.9192 lr 4.84e-04 211s
[XB0augreal_s0] ep  9 loss 0.6994 val_auroc 0.9157 lr 4.77e-04 237s
[XB0augreal_s0] ep 10 loss 0.7005 val_auroc 0.9205 lr 4.70e-04 262s
[XB0augreal_s0] ep 11 loss 0.6838 val_auroc 0.9215 lr 4.62e-04 287s
[XB0augreal_s0] ep 12 loss 0.6820 val_auroc 0.9242 lr 4.52e-04 313s
[XB0augreal_s0] ep 13 loss 0.6836 val_auroc 0.9195 lr 4.42e-04 338s
[XB0augreal_s0] ep 14 loss 0.6728 val_auroc 0.9278 lr 4.31e-04 363s
[XB0augreal_s0] ep 15 loss 0.6700 val_auroc 0.9269 lr 4.19e-04 388s
[XB0augreal_s0] ep 16 loss 0.6725 val_auroc 0.9267 lr 4.07e-04 413s
[XB0augreal_s0] ep 17 loss 0.6658 val_auroc 0.9247 lr 3.94e-04 439s
[XB0augreal_s0] ep 18 loss 0.6673 val_auroc 0.9299 lr 3.80e-04 465s
[XB0augreal_s0] ep 19 loss 0.6713 val_auroc 0.9262 lr 3.65e-04 491s
[XB0augreal_s0] ep 20 loss 0.6517 val_auroc 0.9309 lr 3.50e-04 516s
[XB0augreal_s0] ep 21 loss 0.6532 val_auroc 0.9281 lr 3.35e-04 542s
[XB0augreal_s0] ep 22 loss 0.6574 val_auroc 0.9295 lr 3.19e-04 567s
[XB0augreal_s0] ep 23 loss 0.6534 val_auroc 0.9294 lr 3.03e-04 592s
[XB0augreal_s0] ep 24 loss 0.6421 val_auroc 0.9270 lr 2.87e-04 618s
[XB0augreal_s0] ep 25 loss 0.6431 val_auroc 0.9295 lr 2.71e-04 643s
[XB0augreal_s0] ep 26 loss 0.6277 val_auroc 0.9320 lr 2.54e-04 669s
[XB0augreal_s0] ep 27 loss 0.6284 val_auroc 0.9326 lr 2.38e-04 694s
[XB0augreal_s0] ep 28 loss 0.6221 val_auroc 0.9338 lr 2.21e-04 719s
[XB0augreal_s0] ep 29 loss 0.6220 val_auroc 0.9318 lr 2.05e-04 745s
[XB0augreal_s0] ep 30 loss 0.6345 val_auroc 0.9298 lr 1.89e-04 770s
[XB0augreal_s0] ep 31 loss 0.6214 val_auroc 0.9278 lr 1.73e-04 795s
[XB0augreal_s0] ep 32 loss 0.6197 val_auroc 0.9306 lr 1.57e-04 820s
[XB0augreal_s0] ep 33 loss 0.6137 val_auroc 0.9316 lr 1.42e-04 845s
[XB0augreal_s0] ep 34 loss 0.6135 val_auroc 0.9321 lr 1.27e-04 871s
[XB0augreal_s0] ep 35 loss 0.6124 val_auroc 0.9319 lr 1.13e-04 896s
[XB0augreal_s0] ep 36 loss 0.6104 val_auroc 0.9313 lr 9.97e-05 921s
[XB0augreal_s0] ep 37 loss 0.5954 val_auroc 0.9327 lr 8.69e-05 947s
[XB0augreal_s0] ep 38 loss 0.6042 val_auroc 0.9324 lr 7.47e-05 972s
[XB0augreal_s0] early stop at ep 38
[XB0augreal_s0] DONE best_ep 28 val 0.9338 test nan params 953989 time 971.8s

===== 2026-10-04 15:02:36 XFreal_s0 =====
[XFreal_s0] device=mps params=939014 train=17084 val=2146 test=2158 pos_weight=[1.2489999532699585, 2.9010000228881836, 3.0810000896453857, 3.372999906539917, 7.061999797821045] git=70efa5305933fc36284c815db4cac718c9eb380e-dirty code=593436ab5f4a
[XFreal_s0] ep  1 loss 1.0725 val_auroc 0.8601 lr 2.00e-04 32s
[XFreal_s0] ep  2 loss 0.8891 val_auroc 0.8880 lr 4.00e-04 64s
[XFreal_s0] ep  3 loss 0.8077 val_auroc 0.8948 lr 5.00e-04 96s
[XFreal_s0] ep  4 loss 0.7797 val_auroc 0.9080 lr 4.99e-04 126s
[XFreal_s0] ep  5 loss 0.7582 val_auroc 0.9098 lr 4.97e-04 155s
[XFreal_s0] ep  6 loss 0.7523 val_auroc 0.9123 lr 4.93e-04 184s
[XFreal_s0] ep  7 loss 0.7412 val_auroc 0.9166 lr 4.89e-04 214s
[XFreal_s0] ep  8 loss 0.7330 val_auroc 0.9201 lr 4.84e-04 242s
[XFreal_s0] ep  9 loss 0.7226 val_auroc 0.9164 lr 4.77e-04 271s
[XFreal_s0] ep 10 loss 0.7247 val_auroc 0.9197 lr 4.70e-04 300s
[XFreal_s0] ep 11 loss 0.7110 val_auroc 0.9199 lr 4.62e-04 328s
[XFreal_s0] ep 12 loss 0.7118 val_auroc 0.9207 lr 4.52e-04 356s
[XFreal_s0] ep 13 loss 0.7121 val_auroc 0.9141 lr 4.42e-04 388s
[XFreal_s0] ep 14 loss 0.7018 val_auroc 0.9247 lr 4.31e-04 423s
[XFreal_s0] ep 15 loss 0.6982 val_auroc 0.9230 lr 4.19e-04 458s
[XFreal_s0] ep 16 loss 0.7039 val_auroc 0.9269 lr 4.07e-04 493s
[XFreal_s0] ep 17 loss 0.6940 val_auroc 0.9232 lr 3.94e-04 528s
[XFreal_s0] ep 18 loss 0.6970 val_auroc 0.9287 lr 3.80e-04 563s
[XFreal_s0] ep 19 loss 0.7023 val_auroc 0.9231 lr 3.65e-04 594s
[XFreal_s0] ep 20 loss 0.6858 val_auroc 0.9264 lr 3.50e-04 623s
[XFreal_s0] ep 21 loss 0.6861 val_auroc 0.9253 lr 3.35e-04 651s
[XFreal_s0] ep 22 loss 0.6903 val_auroc 0.9251 lr 3.19e-04 679s
[XFreal_s0] ep 23 loss 0.6861 val_auroc 0.9296 lr 3.03e-04 708s
[XFreal_s0] ep 24 loss 0.6751 val_auroc 0.9266 lr 2.87e-04 737s
[XFreal_s0] ep 25 loss 0.6776 val_auroc 0.9301 lr 2.71e-04 771s
[XFreal_s0] ep 26 loss 0.6625 val_auroc 0.9301 lr 2.54e-04 807s
[XFreal_s0] ep 27 loss 0.6647 val_auroc 0.9274 lr 2.38e-04 843s
[XFreal_s0] ep 28 loss 0.6574 val_auroc 0.9315 lr 2.21e-04 879s
[XFreal_s0] ep 29 loss 0.6591 val_auroc 0.9285 lr 2.05e-04 915s
[XFreal_s0] ep 30 loss 0.6698 val_auroc 0.9285 lr 1.89e-04 951s
[XFreal_s0] ep 31 loss 0.6616 val_auroc 0.9258 lr 1.73e-04 985s
[XFreal_s0] ep 32 loss 0.6590 val_auroc 0.9286 lr 1.57e-04 1019s
[XFreal_s0] ep 33 loss 0.6528 val_auroc 0.9296 lr 1.42e-04 1054s
[XFreal_s0] ep 34 loss 0.6539 val_auroc 0.9292 lr 1.27e-04 1088s
[XFreal_s0] ep 35 loss 0.6543 val_auroc 0.9309 lr 1.13e-04 1122s
[XFreal_s0] ep 36 loss 0.6507 val_auroc 0.9289 lr 9.97e-05 1156s
[XFreal_s0] ep 37 loss 0.6382 val_auroc 0.9295 lr 8.69e-05 1190s
[XFreal_s0] ep 38 loss 0.6479 val_auroc 0.9304 lr 7.47e-05 1223s
[XFreal_s0] early stop at ep 38
[XFreal_s0] DONE best_ep 28 val 0.9315 test nan params 939014 time 1223.5s

===== 2026-10-04 15:23:22 XB0aug_s1 =====
[XB0aug_s1] device=mps params=953989 train=17084 val=2146 test=2158 pos_weight=[1.2489999532699585, 2.9010000228881836, 3.0810000896453857, 3.372999906539917, 7.061999797821045] git=70efa5305933fc36284c815db4cac718c9eb380e-dirty code=19a501c3ebbd
[XB0aug_s1] ep  1 loss 1.2418 val_auroc 0.8676 lr 2.00e-04 29s
[XB0aug_s1] ep  2 loss 0.9684 val_auroc 0.8951 lr 4.00e-04 57s
[XB0aug_s1] ep  3 loss 0.8452 val_auroc 0.9041 lr 5.00e-04 86s
[XB0aug_s1] ep  4 loss 0.7861 val_auroc 0.9070 lr 4.99e-04 114s
[XB0aug_s1] ep  5 loss 0.7521 val_auroc 0.9069 lr 4.97e-04 142s
[XB0aug_s1] ep  6 loss 0.7278 val_auroc 0.9095 lr 4.93e-04 170s
[XB0aug_s1] ep  7 loss 0.7165 val_auroc 0.9164 lr 4.89e-04 199s
[XB0aug_s1] ep  8 loss 0.7098 val_auroc 0.9170 lr 4.84e-04 227s
[XB0aug_s1] ep  9 loss 0.7072 val_auroc 0.9190 lr 4.77e-04 255s
[XB0aug_s1] ep 10 loss 0.6965 val_auroc 0.9174 lr 4.70e-04 284s
[XB0aug_s1] ep 11 loss 0.6934 val_auroc 0.9204 lr 4.62e-04 312s
[XB0aug_s1] ep 12 loss 0.6823 val_auroc 0.9218 lr 4.52e-04 342s
[XB0aug_s1] ep 13 loss 0.6699 val_auroc 0.9270 lr 4.42e-04 371s
[XB0aug_s1] ep 14 loss 0.6793 val_auroc 0.9232 lr 4.31e-04 400s
[XB0aug_s1] ep 15 loss 0.6732 val_auroc 0.9255 lr 4.19e-04 429s
[XB0aug_s1] ep 16 loss 0.6661 val_auroc 0.9283 lr 4.07e-04 458s
[XB0aug_s1] ep 17 loss 0.6624 val_auroc 0.9238 lr 3.94e-04 487s
[XB0aug_s1] ep 18 loss 0.6577 val_auroc 0.9287 lr 3.80e-04 516s
[XB0aug_s1] ep 19 loss 0.6626 val_auroc 0.9296 lr 3.65e-04 545s
[XB0aug_s1] ep 20 loss 0.6467 val_auroc 0.9306 lr 3.50e-04 574s
[XB0aug_s1] ep 21 loss 0.6492 val_auroc 0.9270 lr 3.35e-04 603s
[XB0aug_s1] ep 22 loss 0.6480 val_auroc 0.9306 lr 3.19e-04 633s
[XB0aug_s1] ep 23 loss 0.6478 val_auroc 0.9305 lr 3.03e-04 661s
[XB0aug_s1] ep 24 loss 0.6422 val_auroc 0.9289 lr 2.87e-04 689s
[XB0aug_s1] ep 25 loss 0.6308 val_auroc 0.9317 lr 2.71e-04 717s
[XB0aug_s1] ep 26 loss 0.6378 val_auroc 0.9324 lr 2.54e-04 746s
[XB0aug_s1] ep 27 loss 0.6347 val_auroc 0.9311 lr 2.38e-04 774s
[XB0aug_s1] ep 28 loss 0.6196 val_auroc 0.9325 lr 2.21e-04 802s
[XB0aug_s1] ep 29 loss 0.6226 val_auroc 0.9350 lr 2.05e-04 831s
[XB0aug_s1] ep 30 loss 0.6143 val_auroc 0.9313 lr 1.89e-04 859s
[XB0aug_s1] ep 31 loss 0.6146 val_auroc 0.9317 lr 1.73e-04 887s
[XB0aug_s1] ep 32 loss 0.6141 val_auroc 0.9338 lr 1.57e-04 914s
[XB0aug_s1] ep 33 loss 0.6094 val_auroc 0.9302 lr 1.42e-04 942s
[XB0aug_s1] ep 34 loss 0.6107 val_auroc 0.9315 lr 1.27e-04 969s
[XB0aug_s1] ep 35 loss 0.6050 val_auroc 0.9341 lr 1.13e-04 998s
[XB0aug_s1] ep 36 loss 0.6064 val_auroc 0.9341 lr 9.97e-05 1026s
[XB0aug_s1] ep 37 loss 0.6052 val_auroc 0.9319 lr 8.69e-05 1053s
[XB0aug_s1] ep 38 loss 0.5980 val_auroc 0.9329 lr 7.47e-05 1081s
[XB0aug_s1] ep 39 loss 0.5997 val_auroc 0.9320 lr 6.33e-05 1109s
[XB0aug_s1] early stop at ep 39
[XB0aug_s1] DONE best_ep 29 val 0.9350 test nan params 953989 time 1108.6s

===== 2026-10-04 15:42:17 XE_s1 =====
[XE_s1] device=mps params=939014 train=17084 val=2146 test=2158 pos_weight=[1.2489999532699585, 2.9010000228881836, 3.0810000896453857, 3.372999906539917, 7.061999797821045] git=70efa5305933fc36284c815db4cac718c9eb380e-dirty code=19a501c3ebbd
[XE_s1] ep  1 loss 0.9700 val_auroc 0.8738 lr 2.00e-04 30s
[XE_s1] ep  2 loss 0.8308 val_auroc 0.8958 lr 4.00e-04 60s
[XE_s1] ep  3 loss 0.7736 val_auroc 0.9081 lr 5.00e-04 90s
[XE_s1] ep  4 loss 0.7493 val_auroc 0.9076 lr 4.99e-04 120s
[XE_s1] ep  5 loss 0.7311 val_auroc 0.9119 lr 4.97e-04 150s
[XE_s1] ep  6 loss 0.7178 val_auroc 0.9172 lr 4.93e-04 179s
[XE_s1] ep  7 loss 0.7083 val_auroc 0.9170 lr 4.89e-04 209s
[XE_s1] ep  8 loss 0.7027 val_auroc 0.9200 lr 4.84e-04 238s
[XE_s1] ep  9 loss 0.6996 val_auroc 0.9197 lr 4.77e-04 268s
[XE_s1] ep 10 loss 0.6913 val_auroc 0.9185 lr 4.70e-04 298s
[XE_s1] ep 11 loss 0.6917 val_auroc 0.9232 lr 4.62e-04 329s
[XE_s1] ep 12 loss 0.6778 val_auroc 0.9242 lr 4.52e-04 360s
[XE_s1] ep 13 loss 0.6657 val_auroc 0.9273 lr 4.42e-04 390s
[XE_s1] ep 14 loss 0.6771 val_auroc 0.9277 lr 4.31e-04 420s
[XE_s1] ep 15 loss 0.6737 val_auroc 0.9272 lr 4.19e-04 449s
[XE_s1] ep 16 loss 0.6650 val_auroc 0.9275 lr 4.07e-04 479s
[XE_s1] ep 17 loss 0.6629 val_auroc 0.9274 lr 3.94e-04 508s
[XE_s1] ep 18 loss 0.6568 val_auroc 0.9255 lr 3.80e-04 537s
[XE_s1] ep 19 loss 0.6618 val_auroc 0.9282 lr 3.65e-04 566s
[XE_s1] ep 20 loss 0.6453 val_auroc 0.9273 lr 3.50e-04 597s
[XE_s1] ep 21 loss 0.6483 val_auroc 0.9268 lr 3.35e-04 625s
[XE_s1] ep 22 loss 0.6467 val_auroc 0.9267 lr 3.19e-04 654s
[XE_s1] ep 23 loss 0.6462 val_auroc 0.9317 lr 3.03e-04 682s
[XE_s1] ep 24 loss 0.6405 val_auroc 0.9281 lr 2.87e-04 710s
[XE_s1] ep 25 loss 0.6325 val_auroc 0.9298 lr 2.71e-04 738s
[XE_s1] ep 26 loss 0.6397 val_auroc 0.9302 lr 2.54e-04 766s
[XE_s1] ep 27 loss 0.6358 val_auroc 0.9320 lr 2.38e-04 795s
[XE_s1] ep 28 loss 0.6207 val_auroc 0.9315 lr 2.21e-04 823s
[XE_s1] ep 29 loss 0.6221 val_auroc 0.9330 lr 2.05e-04 851s
[XE_s1] ep 30 loss 0.6152 val_auroc 0.9297 lr 1.89e-04 879s
[XE_s1] ep 31 loss 0.6165 val_auroc 0.9306 lr 1.73e-04 908s
[XE_s1] ep 32 loss 0.6151 val_auroc 0.9323 lr 1.57e-04 936s
[XE_s1] ep 33 loss 0.6090 val_auroc 0.9285 lr 1.42e-04 965s
[XE_s1] ep 34 loss 0.6113 val_auroc 0.9300 lr 1.27e-04 994s
[XE_s1] ep 35 loss 0.6071 val_auroc 0.9334 lr 1.13e-04 1023s
[XE_s1] ep 36 loss 0.6069 val_auroc 0.9316 lr 9.97e-05 1052s
[XE_s1] ep 37 loss 0.6089 val_auroc 0.9320 lr 8.69e-05 1082s
[XE_s1] ep 38 loss 0.6008 val_auroc 0.9319 lr 7.47e-05 1112s
[XE_s1] ep 39 loss 0.6019 val_auroc 0.9323 lr 6.33e-05 1142s
[XE_s1] ep 40 loss 0.6001 val_auroc 0.9312 lr 5.27e-05 1171s
[XE_s1] ep 41 loss 0.5936 val_auroc 0.9333 lr 4.30e-05 1201s
[XE_s1] ep 42 loss 0.5980 val_auroc 0.9317 lr 3.42e-05 1231s
[XE_s1] ep 43 loss 0.5942 val_auroc 0.9315 lr 2.63e-05 1260s
[XE_s1] ep 44 loss 0.5895 val_auroc 0.9308 lr 1.94e-05 1290s
[XE_s1] ep 45 loss 0.5866 val_auroc 0.9316 lr 1.35e-05 1319s
[XE_s1] early stop at ep 45
[XE_s1] DONE best_ep 35 val 0.9334 test nan params 939014 time 1319.4s

===== 2026-10-04 16:04:41 XF_s1 =====
[XF_s1] device=mps params=939014 train=17084 val=2146 test=2158 pos_weight=[1.2489999532699585, 2.9010000228881836, 3.0810000896453857, 3.372999906539917, 7.061999797821045] git=70efa5305933fc36284c815db4cac718c9eb380e-dirty code=19a501c3ebbd
[XF_s1] ep  1 loss 1.0686 val_auroc 0.8655 lr 2.00e-04 40s
[XF_s1] ep  2 loss 0.8979 val_auroc 0.8935 lr 4.00e-04 76s
[XF_s1] ep  3 loss 0.8083 val_auroc 0.9046 lr 5.00e-04 113s
[XF_s1] ep  4 loss 0.7770 val_auroc 0.9038 lr 4.99e-04 150s
[XF_s1] ep  5 loss 0.7598 val_auroc 0.9048 lr 4.97e-04 188s
[XF_s1] ep  6 loss 0.7441 val_auroc 0.9136 lr 4.93e-04 223s
[XF_s1] ep  7 loss 0.7390 val_auroc 0.9133 lr 4.89e-04 259s
[XF_s1] ep  8 loss 0.7312 val_auroc 0.9144 lr 4.84e-04 295s
[XF_s1] ep  9 loss 0.7291 val_auroc 0.9186 lr 4.77e-04 331s
[XF_s1] ep 10 loss 0.7191 val_auroc 0.9168 lr 4.70e-04 367s
[XF_s1] ep 11 loss 0.7193 val_auroc 0.9194 lr 4.62e-04 405s
[XF_s1] ep 12 loss 0.7087 val_auroc 0.9219 lr 4.52e-04 441s
[XF_s1] ep 13 loss 0.6950 val_auroc 0.9266 lr 4.42e-04 477s
[XF_s1] ep 14 loss 0.7055 val_auroc 0.9243 lr 4.31e-04 511s
[XF_s1] ep 15 loss 0.7025 val_auroc 0.9230 lr 4.19e-04 547s
[XF_s1] ep 16 loss 0.6930 val_auroc 0.9208 lr 4.07e-04 582s
[XF_s1] ep 17 loss 0.6930 val_auroc 0.9240 lr 3.94e-04 617s
[XF_s1] ep 18 loss 0.6880 val_auroc 0.9242 lr 3.80e-04 652s
[XF_s1] ep 19 loss 0.6935 val_auroc 0.9277 lr 3.65e-04 688s
[XF_s1] ep 20 loss 0.6793 val_auroc 0.9257 lr 3.50e-04 724s
[XF_s1] ep 21 loss 0.6798 val_auroc 0.9255 lr 3.35e-04 761s
[XF_s1] ep 22 loss 0.6800 val_auroc 0.9267 lr 3.19e-04 798s
[XF_s1] ep 23 loss 0.6785 val_auroc 0.9278 lr 3.03e-04 836s
[XF_s1] ep 24 loss 0.6747 val_auroc 0.9275 lr 2.87e-04 872s
[XF_s1] ep 25 loss 0.6658 val_auroc 0.9288 lr 2.71e-04 910s
[XF_s1] ep 26 loss 0.6717 val_auroc 0.9273 lr 2.54e-04 946s
[XF_s1] ep 27 loss 0.6675 val_auroc 0.9293 lr 2.38e-04 981s
[XF_s1] ep 28 loss 0.6568 val_auroc 0.9304 lr 2.21e-04 1016s
[XF_s1] ep 29 loss 0.6591 val_auroc 0.9310 lr 2.05e-04 1051s
[XF_s1] ep 30 loss 0.6495 val_auroc 0.9273 lr 1.89e-04 1087s
[XF_s1] ep 31 loss 0.6547 val_auroc 0.9306 lr 1.73e-04 1121s
[XF_s1] ep 32 loss 0.6515 val_auroc 0.9313 lr 1.57e-04 1157s
[XF_s1] ep 33 loss 0.6479 val_auroc 0.9279 lr 1.42e-04 1192s
[XF_s1] ep 34 loss 0.6488 val_auroc 0.9290 lr 1.27e-04 1226s
[XF_s1] ep 35 loss 0.6429 val_auroc 0.9315 lr 1.13e-04 1262s
[XF_s1] ep 36 loss 0.6446 val_auroc 0.9319 lr 9.97e-05 1297s
[XF_s1] ep 37 loss 0.6459 val_auroc 0.9302 lr 8.69e-05 1332s
[XF_s1] ep 38 loss 0.6394 val_auroc 0.9283 lr 7.47e-05 1366s
[XF_s1] ep 39 loss 0.6405 val_auroc 0.9309 lr 6.33e-05 1402s
[XF_s1] ep 40 loss 0.6408 val_auroc 0.9297 lr 5.27e-05 1436s
[XF_s1] ep 41 loss 0.6297 val_auroc 0.9315 lr 4.30e-05 1472s
[XF_s1] ep 42 loss 0.6370 val_auroc 0.9310 lr 3.42e-05 1510s
[XF_s1] ep 43 loss 0.6344 val_auroc 0.9306 lr 2.63e-05 1548s
[XF_s1] ep 44 loss 0.6303 val_auroc 0.9297 lr 1.94e-05 1586s
[XF_s1] ep 45 loss 0.6279 val_auroc 0.9309 lr 1.35e-05 1623s
[XF_s1] ep 46 loss 0.6298 val_auroc 0.9303 lr 8.70e-06 1661s
[XF_s1] early stop at ep 46
[XF_s1] DONE best_ep 36 val 0.9319 test nan params 939014 time 1660.7s

===== 2026-10-04 16:32:46 XEclean_s1 =====
[XEclean_s1] device=mps params=939014 train=17084 val=2146 test=2158 pos_weight=[1.2489999532699585, 2.9010000228881836, 3.0810000896453857, 3.372999906539917, 7.061999797821045] git=70efa5305933fc36284c815db4cac718c9eb380e-dirty code=19a501c3ebbd
[XEclean_s1] ep  1 loss 0.9508 val_auroc 0.8784 lr 2.00e-04 27s
[XEclean_s1] ep  2 loss 0.8147 val_auroc 0.9009 lr 4.00e-04 53s
[XEclean_s1] ep  3 loss 0.7635 val_auroc 0.9081 lr 5.00e-04 79s
[XEclean_s1] ep  4 loss 0.7401 val_auroc 0.9092 lr 4.99e-04 106s
[XEclean_s1] ep  5 loss 0.7237 val_auroc 0.9116 lr 4.97e-04 131s
[XEclean_s1] ep  6 loss 0.7100 val_auroc 0.9160 lr 4.93e-04 158s
[XEclean_s1] ep  7 loss 0.7011 val_auroc 0.9177 lr 4.89e-04 183s
[XEclean_s1] ep  8 loss 0.6970 val_auroc 0.9223 lr 4.84e-04 209s
[XEclean_s1] ep  9 loss 0.6928 val_auroc 0.9221 lr 4.77e-04 234s
[XEclean_s1] ep 10 loss 0.6849 val_auroc 0.9209 lr 4.70e-04 261s
[XEclean_s1] ep 11 loss 0.6836 val_auroc 0.9237 lr 4.62e-04 286s
[XEclean_s1] ep 12 loss 0.6721 val_auroc 0.9279 lr 4.52e-04 313s
[XEclean_s1] ep 13 loss 0.6589 val_auroc 0.9278 lr 4.42e-04 340s
[XEclean_s1] ep 14 loss 0.6695 val_auroc 0.9277 lr 4.31e-04 367s
[XEclean_s1] ep 15 loss 0.6676 val_auroc 0.9273 lr 4.19e-04 393s
[XEclean_s1] ep 16 loss 0.6564 val_auroc 0.9278 lr 4.07e-04 419s
[XEclean_s1] ep 17 loss 0.6547 val_auroc 0.9274 lr 3.94e-04 444s
[XEclean_s1] ep 18 loss 0.6486 val_auroc 0.9275 lr 3.80e-04 471s
[XEclean_s1] ep 19 loss 0.6551 val_auroc 0.9292 lr 3.65e-04 497s
[XEclean_s1] ep 20 loss 0.6368 val_auroc 0.9286 lr 3.50e-04 523s
[XEclean_s1] ep 21 loss 0.6386 val_auroc 0.9265 lr 3.35e-04 549s
[XEclean_s1] ep 22 loss 0.6385 val_auroc 0.9277 lr 3.19e-04 576s
[XEclean_s1] ep 23 loss 0.6392 val_auroc 0.9317 lr 3.03e-04 601s
[XEclean_s1] ep 24 loss 0.6310 val_auroc 0.9285 lr 2.87e-04 627s
[XEclean_s1] ep 25 loss 0.6201 val_auroc 0.9293 lr 2.71e-04 654s
[XEclean_s1] ep 26 loss 0.6285 val_auroc 0.9295 lr 2.54e-04 680s
[XEclean_s1] ep 27 loss 0.6258 val_auroc 0.9305 lr 2.38e-04 708s
[XEclean_s1] ep 28 loss 0.6111 val_auroc 0.9330 lr 2.21e-04 734s
[XEclean_s1] ep 29 loss 0.6116 val_auroc 0.9311 lr 2.05e-04 761s
[XEclean_s1] ep 30 loss 0.6005 val_auroc 0.9294 lr 1.89e-04 787s
[XEclean_s1] ep 31 loss 0.6046 val_auroc 0.9310 lr 1.73e-04 813s
[XEclean_s1] ep 32 loss 0.6026 val_auroc 0.9326 lr 1.57e-04 840s
[XEclean_s1] ep 33 loss 0.5951 val_auroc 0.9293 lr 1.42e-04 867s
[XEclean_s1] ep 34 loss 0.5967 val_auroc 0.9277 lr 1.27e-04 893s
[XEclean_s1] ep 35 loss 0.5944 val_auroc 0.9321 lr 1.13e-04 920s
[XEclean_s1] ep 36 loss 0.5911 val_auroc 0.9305 lr 9.97e-05 946s
[XEclean_s1] ep 37 loss 0.5906 val_auroc 0.9289 lr 8.69e-05 973s
[XEclean_s1] ep 38 loss 0.5848 val_auroc 0.9306 lr 7.47e-05 999s
[XEclean_s1] early stop at ep 38
[XEclean_s1] DONE best_ep 28 val 0.9330 test nan params 939014 time 999.4s

===== 2026-10-04 16:49:42 XB0augreal_s1 =====
[XB0augreal_s1] device=mps params=953989 train=17084 val=2146 test=2158 pos_weight=[1.2489999532699585, 2.9010000228881836, 3.0810000896453857, 3.372999906539917, 7.061999797821045] git=70efa5305933fc36284c815db4cac718c9eb380e-dirty code=19a501c3ebbd
[XB0augreal_s1] ep  1 loss 1.2298 val_auroc 0.8685 lr 2.00e-04 26s
[XB0augreal_s1] ep  2 loss 0.9668 val_auroc 0.8921 lr 4.00e-04 51s
[XB0augreal_s1] ep  3 loss 0.8427 val_auroc 0.9042 lr 5.00e-04 75s
[XB0augreal_s1] ep  4 loss 0.7896 val_auroc 0.9041 lr 4.99e-04 101s
[XB0augreal_s1] ep  5 loss 0.7556 val_auroc 0.9083 lr 4.97e-04 126s
[XB0augreal_s1] ep  6 loss 0.7297 val_auroc 0.9084 lr 4.93e-04 150s
[XB0augreal_s1] ep  7 loss 0.7193 val_auroc 0.9162 lr 4.89e-04 175s
[XB0augreal_s1] ep  8 loss 0.7108 val_auroc 0.9168 lr 4.84e-04 200s
[XB0augreal_s1] ep  9 loss 0.7072 val_auroc 0.9160 lr 4.77e-04 225s
[XB0augreal_s1] ep 10 loss 0.6979 val_auroc 0.9194 lr 4.70e-04 250s
[XB0augreal_s1] ep 11 loss 0.6961 val_auroc 0.9208 lr 4.62e-04 275s
[XB0augreal_s1] ep 12 loss 0.6832 val_auroc 0.9194 lr 4.52e-04 300s
[XB0augreal_s1] ep 13 loss 0.6694 val_auroc 0.9269 lr 4.42e-04 324s
[XB0augreal_s1] ep 14 loss 0.6794 val_auroc 0.9247 lr 4.31e-04 349s
[XB0augreal_s1] ep 15 loss 0.6751 val_auroc 0.9265 lr 4.19e-04 373s
[XB0augreal_s1] ep 16 loss 0.6695 val_auroc 0.9293 lr 4.07e-04 397s
[XB0augreal_s1] ep 17 loss 0.6633 val_auroc 0.9256 lr 3.94e-04 420s
[XB0augreal_s1] ep 18 loss 0.6613 val_auroc 0.9277 lr 3.80e-04 444s
[XB0augreal_s1] ep 19 loss 0.6652 val_auroc 0.9282 lr 3.65e-04 468s
[XB0augreal_s1] ep 20 loss 0.6493 val_auroc 0.9298 lr 3.50e-04 492s
[XB0augreal_s1] ep 21 loss 0.6494 val_auroc 0.9266 lr 3.35e-04 516s
[XB0augreal_s1] ep 22 loss 0.6500 val_auroc 0.9289 lr 3.19e-04 540s
[XB0augreal_s1] ep 23 loss 0.6494 val_auroc 0.9297 lr 3.03e-04 565s
[XB0augreal_s1] ep 24 loss 0.6453 val_auroc 0.9301 lr 2.87e-04 591s
[XB0augreal_s1] ep 25 loss 0.6317 val_auroc 0.9304 lr 2.71e-04 618s
[XB0augreal_s1] ep 26 loss 0.6410 val_auroc 0.9315 lr 2.54e-04 644s
[XB0augreal_s1] ep 27 loss 0.6383 val_auroc 0.9313 lr 2.38e-04 668s
[XB0augreal_s1] ep 28 loss 0.6251 val_auroc 0.9313 lr 2.21e-04 693s
[XB0augreal_s1] ep 29 loss 0.6250 val_auroc 0.9343 lr 2.05e-04 717s
[XB0augreal_s1] ep 30 loss 0.6176 val_auroc 0.9309 lr 1.89e-04 742s
[XB0augreal_s1] ep 31 loss 0.6201 val_auroc 0.9309 lr 1.73e-04 767s
[XB0augreal_s1] ep 32 loss 0.6172 val_auroc 0.9325 lr 1.57e-04 792s
[XB0augreal_s1] ep 33 loss 0.6133 val_auroc 0.9282 lr 1.42e-04 816s
[XB0augreal_s1] ep 34 loss 0.6131 val_auroc 0.9306 lr 1.27e-04 841s
[XB0augreal_s1] ep 35 loss 0.6084 val_auroc 0.9317 lr 1.13e-04 866s
[XB0augreal_s1] ep 36 loss 0.6083 val_auroc 0.9321 lr 9.97e-05 890s
[XB0augreal_s1] ep 37 loss 0.6109 val_auroc 0.9308 lr 8.69e-05 914s
[XB0augreal_s1] ep 38 loss 0.6031 val_auroc 0.9309 lr 7.47e-05 939s
[XB0augreal_s1] ep 39 loss 0.6035 val_auroc 0.9312 lr 6.33e-05 964s
[XB0augreal_s1] early stop at ep 39
[XB0augreal_s1] DONE best_ep 29 val 0.9343 test nan params 953989 time 964.3s

===== 2026-10-04 17:06:12 XFreal_s1 =====
[XFreal_s1] device=mps params=939014 train=17084 val=2146 test=2158 pos_weight=[1.2489999532699585, 2.9010000228881836, 3.0810000896453857, 3.372999906539917, 7.061999797821045] git=70efa5305933fc36284c815db4cac718c9eb380e-dirty code=19a501c3ebbd
[XFreal_s1] ep  1 loss 1.0652 val_auroc 0.8672 lr 2.00e-04 31s
[XFreal_s1] ep  2 loss 0.8975 val_auroc 0.8910 lr 4.00e-04 60s
[XFreal_s1] ep  3 loss 0.8117 val_auroc 0.9020 lr 5.00e-04 90s
[XFreal_s1] ep  4 loss 0.7815 val_auroc 0.9009 lr 4.99e-04 119s
[XFreal_s1] ep  5 loss 0.7635 val_auroc 0.9058 lr 4.97e-04 148s
[XFreal_s1] ep  6 loss 0.7472 val_auroc 0.9139 lr 4.93e-04 177s
[XFreal_s1] ep  7 loss 0.7408 val_auroc 0.9116 lr 4.89e-04 207s
[XFreal_s1] ep  8 loss 0.7332 val_auroc 0.9145 lr 4.84e-04 236s
[XFreal_s1] ep  9 loss 0.7328 val_auroc 0.9162 lr 4.77e-04 266s
[XFreal_s1] ep 10 loss 0.7221 val_auroc 0.9170 lr 4.70e-04 296s
[XFreal_s1] ep 11 loss 0.7225 val_auroc 0.9211 lr 4.62e-04 325s
[XFreal_s1] ep 12 loss 0.7111 val_auroc 0.9201 lr 4.52e-04 354s
[XFreal_s1] ep 13 loss 0.7003 val_auroc 0.9258 lr 4.42e-04 384s
[XFreal_s1] ep 14 loss 0.7086 val_auroc 0.9247 lr 4.31e-04 413s
[XFreal_s1] ep 15 loss 0.7057 val_auroc 0.9237 lr 4.19e-04 443s
[XFreal_s1] ep 16 loss 0.6985 val_auroc 0.9246 lr 4.07e-04 471s
[XFreal_s1] ep 17 loss 0.6955 val_auroc 0.9227 lr 3.94e-04 501s
[XFreal_s1] ep 18 loss 0.6917 val_auroc 0.9255 lr 3.80e-04 530s
[XFreal_s1] ep 19 loss 0.6967 val_auroc 0.9266 lr 3.65e-04 559s
[XFreal_s1] ep 20 loss 0.6808 val_auroc 0.9275 lr 3.50e-04 592s
[XFreal_s1] ep 21 loss 0.6830 val_auroc 0.9271 lr 3.35e-04 621s
[XFreal_s1] ep 22 loss 0.6835 val_auroc 0.9255 lr 3.19e-04 651s
[XFreal_s1] ep 23 loss 0.6822 val_auroc 0.9286 lr 3.03e-04 681s
[XFreal_s1] ep 24 loss 0.6784 val_auroc 0.9263 lr 2.87e-04 710s
[XFreal_s1] ep 25 loss 0.6660 val_auroc 0.9304 lr 2.71e-04 740s
[XFreal_s1] ep 26 loss 0.6754 val_auroc 0.9300 lr 2.54e-04 769s
[XFreal_s1] ep 27 loss 0.6718 val_auroc 0.9291 lr 2.38e-04 799s
[XFreal_s1] ep 28 loss 0.6590 val_auroc 0.9305 lr 2.21e-04 829s
[XFreal_s1] ep 29 loss 0.6630 val_auroc 0.9333 lr 2.05e-04 857s
[XFreal_s1] ep 30 loss 0.6542 val_auroc 0.9295 lr 1.89e-04 885s
[XFreal_s1] ep 31 loss 0.6572 val_auroc 0.9311 lr 1.73e-04 914s
[XFreal_s1] ep 32 loss 0.6568 val_auroc 0.9302 lr 1.57e-04 943s
[XFreal_s1] ep 33 loss 0.6525 val_auroc 0.9272 lr 1.42e-04 972s
[XFreal_s1] ep 34 loss 0.6523 val_auroc 0.9291 lr 1.27e-04 1001s
[XFreal_s1] ep 35 loss 0.6476 val_auroc 0.9328 lr 1.13e-04 1031s
[XFreal_s1] ep 36 loss 0.6487 val_auroc 0.9319 lr 9.97e-05 1060s
[XFreal_s1] ep 37 loss 0.6479 val_auroc 0.9320 lr 8.69e-05 1089s
[XFreal_s1] ep 38 loss 0.6436 val_auroc 0.9309 lr 7.47e-05 1118s
[XFreal_s1] ep 39 loss 0.6456 val_auroc 0.9318 lr 6.33e-05 1147s
[XFreal_s1] early stop at ep 39
[XFreal_s1] DONE best_ep 29 val 0.9333 test nan params 939014 time 1146.5s

===== 2026-10-04 17:25:39 XB0aug_s2 =====
[XB0aug_s2] device=mps params=953989 train=17084 val=2146 test=2158 pos_weight=[1.2489999532699585, 2.9010000228881836, 3.0810000896453857, 3.372999906539917, 7.061999797821045] git=70efa5305933fc36284c815db4cac718c9eb380e-dirty code=19a501c3ebbd
[XB0aug_s2] ep  1 loss 1.2665 val_auroc 0.8598 lr 2.00e-04 26s
[XB0aug_s2] ep  2 loss 0.9848 val_auroc 0.8923 lr 4.00e-04 52s
[XB0aug_s2] ep  3 loss 0.8701 val_auroc 0.9007 lr 5.00e-04 78s
[XB0aug_s2] ep  4 loss 0.7995 val_auroc 0.9073 lr 4.99e-04 105s
[XB0aug_s2] ep  5 loss 0.7554 val_auroc 0.9074 lr 4.97e-04 131s
[XB0aug_s2] ep  6 loss 0.7333 val_auroc 0.9139 lr 4.93e-04 157s
[XB0aug_s2] ep  7 loss 0.7231 val_auroc 0.9192 lr 4.89e-04 183s
[XB0aug_s2] ep  8 loss 0.7098 val_auroc 0.9160 lr 4.84e-04 209s
[XB0aug_s2] ep  9 loss 0.7014 val_auroc 0.9221 lr 4.77e-04 235s
[XB0aug_s2] ep 10 loss 0.7066 val_auroc 0.9229 lr 4.70e-04 261s
[XB0aug_s2] ep 11 loss 0.6891 val_auroc 0.9232 lr 4.62e-04 287s
[XB0aug_s2] ep 12 loss 0.6948 val_auroc 0.9220 lr 4.52e-04 313s
[XB0aug_s2] ep 13 loss 0.6805 val_auroc 0.9251 lr 4.42e-04 339s
[XB0aug_s2] ep 14 loss 0.6731 val_auroc 0.9224 lr 4.31e-04 365s
[XB0aug_s2] ep 15 loss 0.6721 val_auroc 0.9228 lr 4.19e-04 390s
[XB0aug_s2] ep 16 loss 0.6727 val_auroc 0.9262 lr 4.07e-04 416s
[XB0aug_s2] ep 17 loss 0.6654 val_auroc 0.9246 lr 3.94e-04 442s
[XB0aug_s2] ep 18 loss 0.6659 val_auroc 0.9284 lr 3.80e-04 468s
[XB0aug_s2] ep 19 loss 0.6530 val_auroc 0.9268 lr 3.65e-04 495s
[XB0aug_s2] ep 20 loss 0.6476 val_auroc 0.9273 lr 3.50e-04 520s
[XB0aug_s2] ep 21 loss 0.6401 val_auroc 0.9256 lr 3.35e-04 546s
[XB0aug_s2] ep 22 loss 0.6462 val_auroc 0.9279 lr 3.19e-04 573s
[XB0aug_s2] ep 23 loss 0.6439 val_auroc 0.9276 lr 3.03e-04 599s
[XB0aug_s2] ep 24 loss 0.6393 val_auroc 0.9287 lr 2.87e-04 625s
[XB0aug_s2] ep 25 loss 0.6457 val_auroc 0.9290 lr 2.71e-04 650s
[XB0aug_s2] ep 26 loss 0.6326 val_auroc 0.9296 lr 2.54e-04 675s
[XB0aug_s2] ep 27 loss 0.6326 val_auroc 0.9311 lr 2.38e-04 700s
[XB0aug_s2] ep 28 loss 0.6338 val_auroc 0.9300 lr 2.21e-04 726s
[XB0aug_s2] ep 29 loss 0.6223 val_auroc 0.9310 lr 2.05e-04 752s
[XB0aug_s2] ep 30 loss 0.6247 val_auroc 0.9323 lr 1.89e-04 777s
[XB0aug_s2] ep 31 loss 0.6224 val_auroc 0.9290 lr 1.73e-04 802s
[XB0aug_s2] ep 32 loss 0.6093 val_auroc 0.9307 lr 1.57e-04 828s
[XB0aug_s2] ep 33 loss 0.6179 val_auroc 0.9288 lr 1.42e-04 853s
[XB0aug_s2] ep 34 loss 0.6045 val_auroc 0.9286 lr 1.27e-04 877s
[XB0aug_s2] ep 35 loss 0.6093 val_auroc 0.9300 lr 1.13e-04 902s
[XB0aug_s2] ep 36 loss 0.6076 val_auroc 0.9331 lr 9.97e-05 927s
[XB0aug_s2] ep 37 loss 0.6126 val_auroc 0.9281 lr 8.69e-05 953s
[XB0aug_s2] ep 38 loss 0.5907 val_auroc 0.9314 lr 7.47e-05 978s
[XB0aug_s2] ep 39 loss 0.5903 val_auroc 0.9275 lr 6.33e-05 1003s
[XB0aug_s2] ep 40 loss 0.5900 val_auroc 0.9295 lr 5.27e-05 1028s
[XB0aug_s2] ep 41 loss 0.5983 val_auroc 0.9287 lr 4.30e-05 1052s
[XB0aug_s2] ep 42 loss 0.6002 val_auroc 0.9308 lr 3.42e-05 1081s
[XB0aug_s2] ep 43 loss 0.5875 val_auroc 0.9310 lr 2.63e-05 1107s
[XB0aug_s2] ep 44 loss 0.5983 val_auroc 0.9306 lr 1.94e-05 1133s
[XB0aug_s2] ep 45 loss 0.5775 val_auroc 0.9303 lr 1.35e-05 1158s
[XB0aug_s2] ep 46 loss 0.5914 val_auroc 0.9305 lr 8.70e-06 1184s
[XB0aug_s2] early stop at ep 46
[XB0aug_s2] DONE best_ep 36 val 0.9331 test nan params 953989 time 1183.9s

===== 2026-10-04 17:45:44 XE_s2 =====
[XE_s2] device=mps params=939014 train=17084 val=2146 test=2158 pos_weight=[1.2489999532699585, 2.9010000228881836, 3.0810000896453857, 3.372999906539917, 7.061999797821045] git=70efa5305933fc36284c815db4cac718c9eb380e-dirty code=19a501c3ebbd
[XE_s2] ep  1 loss 0.9807 val_auroc 0.8717 lr 2.00e-04 28s
[XE_s2] ep  2 loss 0.8271 val_auroc 0.8954 lr 4.00e-04 55s
[XE_s2] ep  3 loss 0.7775 val_auroc 0.9031 lr 5.00e-04 81s
[XE_s2] ep  4 loss 0.7536 val_auroc 0.9062 lr 4.99e-04 108s
[XE_s2] ep  5 loss 0.7307 val_auroc 0.9110 lr 4.97e-04 135s
[XE_s2] ep  6 loss 0.7217 val_auroc 0.9161 lr 4.93e-04 160s
[XE_s2] ep  7 loss 0.7122 val_auroc 0.9215 lr 4.89e-04 187s
[XE_s2] ep  8 loss 0.7026 val_auroc 0.9165 lr 4.84e-04 214s
[XE_s2] ep  9 loss 0.6970 val_auroc 0.9228 lr 4.77e-04 240s
[XE_s2] ep 10 loss 0.7026 val_auroc 0.9218 lr 4.70e-04 267s
[XE_s2] ep 11 loss 0.6848 val_auroc 0.9228 lr 4.62e-04 293s
[XE_s2] ep 12 loss 0.6919 val_auroc 0.9191 lr 4.52e-04 319s
[XE_s2] ep 13 loss 0.6779 val_auroc 0.9270 lr 4.42e-04 345s
[XE_s2] ep 14 loss 0.6707 val_auroc 0.9238 lr 4.31e-04 371s
[XE_s2] ep 15 loss 0.6698 val_auroc 0.9220 lr 4.19e-04 397s
[XE_s2] ep 16 loss 0.6701 val_auroc 0.9246 lr 4.07e-04 423s
[XE_s2] ep 17 loss 0.6648 val_auroc 0.9231 lr 3.94e-04 449s
[XE_s2] ep 18 loss 0.6670 val_auroc 0.9297 lr 3.80e-04 474s
[XE_s2] ep 19 loss 0.6547 val_auroc 0.9283 lr 3.65e-04 501s
[XE_s2] ep 20 loss 0.6468 val_auroc 0.9290 lr 3.50e-04 526s
[XE_s2] ep 21 loss 0.6418 val_auroc 0.9270 lr 3.35e-04 552s
[XE_s2] ep 22 loss 0.6464 val_auroc 0.9309 lr 3.19e-04 577s
[XE_s2] ep 23 loss 0.6425 val_auroc 0.9273 lr 3.03e-04 604s
[XE_s2] ep 24 loss 0.6391 val_auroc 0.9259 lr 2.87e-04 631s
[XE_s2] ep 25 loss 0.6454 val_auroc 0.9316 lr 2.71e-04 656s
[XE_s2] ep 26 loss 0.6366 val_auroc 0.9277 lr 2.54e-04 682s
[XE_s2] ep 27 loss 0.6350 val_auroc 0.9308 lr 2.38e-04 708s
[XE_s2] ep 28 loss 0.6337 val_auroc 0.9293 lr 2.21e-04 733s
[XE_s2] ep 29 loss 0.6210 val_auroc 0.9296 lr 2.05e-04 763s
[XE_s2] ep 30 loss 0.6251 val_auroc 0.9306 lr 1.89e-04 789s
[XE_s2] ep 31 loss 0.6243 val_auroc 0.9297 lr 1.73e-04 814s
[XE_s2] ep 32 loss 0.6092 val_auroc 0.9289 lr 1.57e-04 840s
[XE_s2] ep 33 loss 0.6156 val_auroc 0.9296 lr 1.42e-04 866s
[XE_s2] ep 34 loss 0.6051 val_auroc 0.9295 lr 1.27e-04 891s
[XE_s2] ep 35 loss 0.6093 val_auroc 0.9306 lr 1.13e-04 917s
[XE_s2] early stop at ep 35
[XE_s2] DONE best_ep 25 val 0.9316 test nan params 939014 time 917.1s

===== 2026-10-04 18:01:24 XF_s2 =====
[XF_s2] device=mps params=939014 train=17084 val=2146 test=2158 pos_weight=[1.2489999532699585, 2.9010000228881836, 3.0810000896453857, 3.372999906539917, 7.061999797821045] git=70efa5305933fc36284c815db4cac718c9eb380e-dirty code=19a501c3ebbd
[XF_s2] ep  1 loss 1.0786 val_auroc 0.8612 lr 2.00e-04 32s
[XF_s2] ep  2 loss 0.8885 val_auroc 0.8911 lr 4.00e-04 63s
[XF_s2] ep  3 loss 0.8120 val_auroc 0.8986 lr 5.00e-04 94s
[XF_s2] ep  4 loss 0.7782 val_auroc 0.9056 lr 4.99e-04 125s
[XF_s2] ep  5 loss 0.7553 val_auroc 0.9078 lr 4.97e-04 158s
[XF_s2] ep  6 loss 0.7492 val_auroc 0.9109 lr 4.93e-04 191s
[XF_s2] ep  7 loss 0.7396 val_auroc 0.9137 lr 4.89e-04 222s
[XF_s2] ep  8 loss 0.7299 val_auroc 0.9167 lr 4.84e-04 254s
[XF_s2] ep  9 loss 0.7245 val_auroc 0.9204 lr 4.77e-04 285s
[XF_s2] ep 10 loss 0.7302 val_auroc 0.9184 lr 4.70e-04 317s
[XF_s2] ep 11 loss 0.7135 val_auroc 0.9217 lr 4.62e-04 347s
[XF_s2] ep 12 loss 0.7207 val_auroc 0.9149 lr 4.52e-04 378s
[XF_s2] ep 13 loss 0.7073 val_auroc 0.9240 lr 4.42e-04 409s
[XF_s2] ep 14 loss 0.7000 val_auroc 0.9222 lr 4.31e-04 440s
[XF_s2] ep 15 loss 0.7005 val_auroc 0.9190 lr 4.19e-04 471s
[XF_s2] ep 16 loss 0.7031 val_auroc 0.9245 lr 4.07e-04 501s
[XF_s2] ep 17 loss 0.6935 val_auroc 0.9211 lr 3.94e-04 533s
[XF_s2] ep 18 loss 0.6959 val_auroc 0.9273 lr 3.80e-04 564s
[XF_s2] ep 19 loss 0.6840 val_auroc 0.9276 lr 3.65e-04 595s
[XF_s2] ep 20 loss 0.6787 val_auroc 0.9269 lr 3.50e-04 626s
[XF_s2] ep 21 loss 0.6731 val_auroc 0.9259 lr 3.35e-04 657s
[XF_s2] ep 22 loss 0.6791 val_auroc 0.9267 lr 3.19e-04 688s
[XF_s2] ep 23 loss 0.6766 val_auroc 0.9262 lr 3.03e-04 721s
[XF_s2] ep 24 loss 0.6719 val_auroc 0.9262 lr 2.87e-04 753s
[XF_s2] ep 25 loss 0.6776 val_auroc 0.9261 lr 2.71e-04 784s
[XF_s2] ep 26 loss 0.6677 val_auroc 0.9266 lr 2.54e-04 814s
[XF_s2] ep 27 loss 0.6697 val_auroc 0.9305 lr 2.38e-04 844s
[XF_s2] ep 28 loss 0.6702 val_auroc 0.9271 lr 2.21e-04 875s
[XF_s2] ep 29 loss 0.6597 val_auroc 0.9300 lr 2.05e-04 907s
[XF_s2] ep 30 loss 0.6618 val_auroc 0.9301 lr 1.89e-04 937s
[XF_s2] ep 31 loss 0.6605 val_auroc 0.9292 lr 1.73e-04 967s
[XF_s2] ep 32 loss 0.6477 val_auroc 0.9297 lr 1.57e-04 997s
[XF_s2] ep 33 loss 0.6560 val_auroc 0.9286 lr 1.42e-04 1027s
[XF_s2] ep 34 loss 0.6456 val_auroc 0.9291 lr 1.27e-04 1057s
[XF_s2] ep 35 loss 0.6490 val_auroc 0.9295 lr 1.13e-04 1087s
[XF_s2] ep 36 loss 0.6477 val_auroc 0.9306 lr 9.97e-05 1117s
[XF_s2] ep 37 loss 0.6533 val_auroc 0.9277 lr 8.69e-05 1147s
[XF_s2] ep 38 loss 0.6349 val_auroc 0.9283 lr 7.47e-05 1178s
[XF_s2] ep 39 loss 0.6323 val_auroc 0.9283 lr 6.33e-05 1209s
[XF_s2] ep 40 loss 0.6341 val_auroc 0.9280 lr 5.27e-05 1239s
[XF_s2] ep 41 loss 0.6434 val_auroc 0.9283 lr 4.30e-05 1270s
[XF_s2] ep 42 loss 0.6433 val_auroc 0.9305 lr 3.42e-05 1301s
[XF_s2] ep 43 loss 0.6316 val_auroc 0.9297 lr 2.63e-05 1332s
[XF_s2] ep 44 loss 0.6441 val_auroc 0.9302 lr 1.94e-05 1363s
[XF_s2] ep 45 loss 0.6241 val_auroc 0.9305 lr 1.35e-05 1394s
[XF_s2] ep 46 loss 0.6365 val_auroc 0.9298 lr 8.70e-06 1425s
[XF_s2] early stop at ep 46
[XF_s2] DONE best_ep 36 val 0.9306 test nan params 939014 time 1425.4s

===== 2026-10-04 18:25:31 XEclean_s2 =====
[XEclean_s2] device=mps params=939014 train=17084 val=2146 test=2158 pos_weight=[1.2489999532699585, 2.9010000228881836, 3.0810000896453857, 3.372999906539917, 7.061999797821045] git=70efa5305933fc36284c815db4cac718c9eb380e-dirty code=19a501c3ebbd
[XEclean_s2] ep  1 loss 0.9654 val_auroc 0.8728 lr 2.00e-04 23s
[XEclean_s2] ep  2 loss 0.8145 val_auroc 0.8966 lr 4.00e-04 46s
[XEclean_s2] ep  3 loss 0.7681 val_auroc 0.9029 lr 5.00e-04 70s
[XEclean_s2] ep  4 loss 0.7447 val_auroc 0.9097 lr 4.99e-04 93s
[XEclean_s2] ep  5 loss 0.7210 val_auroc 0.9107 lr 4.97e-04 116s
[XEclean_s2] ep  6 loss 0.7146 val_auroc 0.9163 lr 4.93e-04 139s
[XEclean_s2] ep  7 loss 0.7046 val_auroc 0.9223 lr 4.89e-04 163s
[XEclean_s2] ep  8 loss 0.6938 val_auroc 0.9171 lr 4.84e-04 185s
[XEclean_s2] ep  9 loss 0.6899 val_auroc 0.9230 lr 4.77e-04 208s
[XEclean_s2] ep 10 loss 0.6963 val_auroc 0.9216 lr 4.70e-04 230s
[XEclean_s2] ep 11 loss 0.6755 val_auroc 0.9209 lr 4.62e-04 253s
[XEclean_s2] ep 12 loss 0.6842 val_auroc 0.9211 lr 4.52e-04 276s
[XEclean_s2] ep 13 loss 0.6704 val_auroc 0.9278 lr 4.42e-04 299s
[XEclean_s2] ep 14 loss 0.6635 val_auroc 0.9241 lr 4.31e-04 321s
[XEclean_s2] ep 15 loss 0.6627 val_auroc 0.9217 lr 4.19e-04 343s
[XEclean_s2] ep 16 loss 0.6640 val_auroc 0.9270 lr 4.07e-04 365s
[XEclean_s2] ep 17 loss 0.6566 val_auroc 0.9219 lr 3.94e-04 388s
[XEclean_s2] ep 18 loss 0.6561 val_auroc 0.9276 lr 3.80e-04 410s
[XEclean_s2] ep 19 loss 0.6451 val_auroc 0.9287 lr 3.65e-04 432s
[XEclean_s2] ep 20 loss 0.6384 val_auroc 0.9272 lr 3.50e-04 455s
[XEclean_s2] ep 21 loss 0.6315 val_auroc 0.9278 lr 3.35e-04 477s
[XEclean_s2] ep 22 loss 0.6357 val_auroc 0.9295 lr 3.19e-04 499s
[XEclean_s2] ep 23 loss 0.6354 val_auroc 0.9284 lr 3.03e-04 521s
[XEclean_s2] ep 24 loss 0.6269 val_auroc 0.9268 lr 2.87e-04 543s
[XEclean_s2] ep 25 loss 0.6346 val_auroc 0.9286 lr 2.71e-04 565s
[XEclean_s2] ep 26 loss 0.6252 val_auroc 0.9286 lr 2.54e-04 587s
[XEclean_s2] ep 27 loss 0.6235 val_auroc 0.9307 lr 2.38e-04 609s
[XEclean_s2] ep 28 loss 0.6230 val_auroc 0.9271 lr 2.21e-04 631s
[XEclean_s2] ep 29 loss 0.6103 val_auroc 0.9309 lr 2.05e-04 653s
[XEclean_s2] ep 30 loss 0.6141 val_auroc 0.9311 lr 1.89e-04 676s
[XEclean_s2] ep 31 loss 0.6105 val_auroc 0.9277 lr 1.73e-04 699s
[XEclean_s2] ep 32 loss 0.5976 val_auroc 0.9309 lr 1.57e-04 722s
[XEclean_s2] ep 33 loss 0.6020 val_auroc 0.9282 lr 1.42e-04 744s
[XEclean_s2] ep 34 loss 0.5933 val_auroc 0.9302 lr 1.27e-04 766s
[XEclean_s2] ep 35 loss 0.5958 val_auroc 0.9296 lr 1.13e-04 788s
[XEclean_s2] ep 36 loss 0.5959 val_auroc 0.9318 lr 9.97e-05 811s
[XEclean_s2] ep 37 loss 0.6019 val_auroc 0.9277 lr 8.69e-05 833s
[XEclean_s2] ep 38 loss 0.5771 val_auroc 0.9313 lr 7.47e-05 856s
[XEclean_s2] ep 39 loss 0.5771 val_auroc 0.9277 lr 6.33e-05 878s
[XEclean_s2] ep 40 loss 0.5745 val_auroc 0.9281 lr 5.27e-05 901s
[XEclean_s2] ep 41 loss 0.5870 val_auroc 0.9281 lr 4.30e-05 924s
[XEclean_s2] ep 42 loss 0.5879 val_auroc 0.9298 lr 3.42e-05 946s
[XEclean_s2] ep 43 loss 0.5746 val_auroc 0.9309 lr 2.63e-05 969s
[XEclean_s2] ep 44 loss 0.5861 val_auroc 0.9309 lr 1.94e-05 991s
[XEclean_s2] ep 45 loss 0.5647 val_auroc 0.9309 lr 1.35e-05 1015s
[XEclean_s2] ep 46 loss 0.5806 val_auroc 0.9310 lr 8.70e-06 1038s
[XEclean_s2] early stop at ep 46
[XEclean_s2] DONE best_ep 36 val 0.9318 test nan params 939014 time 1038.4s

===== 2026-10-04 18:43:03 XB0augreal_s2 =====
[XB0augreal_s2] device=mps params=953989 train=17084 val=2146 test=2158 pos_weight=[1.2489999532699585, 2.9010000228881836, 3.0810000896453857, 3.372999906539917, 7.061999797821045] git=70efa5305933fc36284c815db4cac718c9eb380e-dirty code=19a501c3ebbd
[XB0augreal_s2] ep  1 loss 1.2675 val_auroc 0.8602 lr 2.00e-04 25s
[XB0augreal_s2] ep  2 loss 0.9839 val_auroc 0.8892 lr 4.00e-04 49s
[XB0augreal_s2] ep  3 loss 0.8692 val_auroc 0.8990 lr 5.00e-04 72s
[XB0augreal_s2] ep  4 loss 0.7985 val_auroc 0.9084 lr 4.99e-04 96s
[XB0augreal_s2] ep  5 loss 0.7536 val_auroc 0.9063 lr 4.97e-04 120s
[XB0augreal_s2] ep  6 loss 0.7365 val_auroc 0.9122 lr 4.93e-04 143s
[XB0augreal_s2] ep  7 loss 0.7216 val_auroc 0.9183 lr 4.89e-04 167s
[XB0augreal_s2] ep  8 loss 0.7093 val_auroc 0.9141 lr 4.84e-04 190s
[XB0augreal_s2] ep  9 loss 0.7044 val_auroc 0.9214 lr 4.77e-04 214s
[XB0augreal_s2] ep 10 loss 0.7076 val_auroc 0.9229 lr 4.70e-04 237s
[XB0augreal_s2] ep 11 loss 0.6892 val_auroc 0.9233 lr 4.62e-04 261s
[XB0augreal_s2] ep 12 loss 0.6967 val_auroc 0.9217 lr 4.52e-04 284s
[XB0augreal_s2] ep 13 loss 0.6809 val_auroc 0.9265 lr 4.42e-04 308s
[XB0augreal_s2] ep 14 loss 0.6729 val_auroc 0.9190 lr 4.31e-04 331s
[XB0augreal_s2] ep 15 loss 0.6726 val_auroc 0.9214 lr 4.19e-04 355s
[XB0augreal_s2] ep 16 loss 0.6754 val_auroc 0.9269 lr 4.07e-04 378s
[XB0augreal_s2] ep 17 loss 0.6653 val_auroc 0.9257 lr 3.94e-04 403s
[XB0augreal_s2] ep 18 loss 0.6682 val_auroc 0.9291 lr 3.80e-04 426s
[XB0augreal_s2] ep 19 loss 0.6551 val_auroc 0.9255 lr 3.65e-04 449s
[XB0augreal_s2] ep 20 loss 0.6497 val_auroc 0.9293 lr 3.50e-04 473s
[XB0augreal_s2] ep 21 loss 0.6431 val_auroc 0.9292 lr 3.35e-04 497s
[XB0augreal_s2] ep 22 loss 0.6499 val_auroc 0.9288 lr 3.19e-04 520s
[XB0augreal_s2] ep 23 loss 0.6468 val_auroc 0.9280 lr 3.03e-04 544s
[XB0augreal_s2] ep 24 loss 0.6421 val_auroc 0.9288 lr 2.87e-04 567s
[XB0augreal_s2] ep 25 loss 0.6454 val_auroc 0.9301 lr 2.71e-04 591s
[XB0augreal_s2] ep 26 loss 0.6351 val_auroc 0.9300 lr 2.54e-04 615s
[XB0augreal_s2] ep 27 loss 0.6348 val_auroc 0.9316 lr 2.38e-04 639s
[XB0augreal_s2] ep 28 loss 0.6371 val_auroc 0.9289 lr 2.21e-04 664s
[XB0augreal_s2] ep 29 loss 0.6262 val_auroc 0.9296 lr 2.05e-04 690s
[XB0augreal_s2] ep 30 loss 0.6270 val_auroc 0.9309 lr 1.89e-04 714s
[XB0augreal_s2] ep 31 loss 0.6253 val_auroc 0.9279 lr 1.73e-04 737s
[XB0augreal_s2] ep 32 loss 0.6123 val_auroc 0.9307 lr 1.57e-04 761s
[XB0augreal_s2] ep 33 loss 0.6198 val_auroc 0.9307 lr 1.42e-04 784s
[XB0augreal_s2] ep 34 loss 0.6086 val_auroc 0.9278 lr 1.27e-04 808s
[XB0augreal_s2] ep 35 loss 0.6136 val_auroc 0.9299 lr 1.13e-04 831s
[XB0augreal_s2] ep 36 loss 0.6091 val_auroc 0.9320 lr 9.97e-05 855s
[XB0augreal_s2] ep 37 loss 0.6174 val_auroc 0.9294 lr 8.69e-05 878s
[XB0augreal_s2] ep 38 loss 0.5940 val_auroc 0.9315 lr 7.47e-05 902s
[XB0augreal_s2] ep 39 loss 0.5934 val_auroc 0.9272 lr 6.33e-05 925s
[XB0augreal_s2] ep 40 loss 0.5911 val_auroc 0.9286 lr 5.27e-05 949s
[XB0augreal_s2] ep 41 loss 0.6023 val_auroc 0.9291 lr 4.30e-05 972s
[XB0augreal_s2] ep 42 loss 0.6031 val_auroc 0.9302 lr 3.42e-05 996s
[XB0augreal_s2] ep 43 loss 0.5904 val_auroc 0.9311 lr 2.63e-05 1020s
[XB0augreal_s2] ep 44 loss 0.6049 val_auroc 0.9304 lr 1.94e-05 1043s
[XB0augreal_s2] ep 45 loss 0.5804 val_auroc 0.9312 lr 1.35e-05 1067s
[XB0augreal_s2] ep 46 loss 0.5950 val_auroc 0.9308 lr 8.70e-06 1091s
[XB0augreal_s2] early stop at ep 46
[XB0augreal_s2] DONE best_ep 36 val 0.9320 test nan params 953989 time 1091.4s

===== 2026-10-04 19:01:35 XFreal_s2 =====
[XFreal_s2] device=mps params=939014 train=17084 val=2146 test=2158 pos_weight=[1.2489999532699585, 2.9010000228881836, 3.0810000896453857, 3.372999906539917, 7.061999797821045] git=70efa5305933fc36284c815db4cac718c9eb380e-dirty code=19a501c3ebbd
[XFreal_s2] ep  1 loss 1.0771 val_auroc 0.8574 lr 2.00e-04 31s
[XFreal_s2] ep  2 loss 0.8872 val_auroc 0.8890 lr 4.00e-04 60s
[XFreal_s2] ep  3 loss 0.8122 val_auroc 0.8956 lr 5.00e-04 90s
[XFreal_s2] ep  4 loss 0.7790 val_auroc 0.8999 lr 4.99e-04 119s
[XFreal_s2] ep  5 loss 0.7575 val_auroc 0.9061 lr 4.97e-04 147s
[XFreal_s2] ep  6 loss 0.7492 val_auroc 0.9132 lr 4.93e-04 176s
[XFreal_s2] ep  7 loss 0.7410 val_auroc 0.9157 lr 4.89e-04 205s
[XFreal_s2] ep  8 loss 0.7325 val_auroc 0.9137 lr 4.84e-04 235s
[XFreal_s2] ep  9 loss 0.7284 val_auroc 0.9205 lr 4.77e-04 266s
[XFreal_s2] ep 10 loss 0.7321 val_auroc 0.9208 lr 4.70e-04 294s
[XFreal_s2] ep 11 loss 0.7156 val_auroc 0.9210 lr 4.62e-04 322s
[XFreal_s2] ep 12 loss 0.7230 val_auroc 0.9162 lr 4.52e-04 351s
[XFreal_s2] ep 13 loss 0.7095 val_auroc 0.9238 lr 4.42e-04 380s
[XFreal_s2] ep 14 loss 0.7023 val_auroc 0.9224 lr 4.31e-04 410s
[XFreal_s2] ep 15 loss 0.7020 val_auroc 0.9193 lr 4.19e-04 441s
[XFreal_s2] ep 16 loss 0.7030 val_auroc 0.9228 lr 4.07e-04 471s
[XFreal_s2] ep 17 loss 0.6954 val_auroc 0.9173 lr 3.94e-04 500s
[XFreal_s2] ep 18 loss 0.6984 val_auroc 0.9242 lr 3.80e-04 530s
[XFreal_s2] ep 19 loss 0.6880 val_auroc 0.9263 lr 3.65e-04 560s
[XFreal_s2] ep 20 loss 0.6806 val_auroc 0.9260 lr 3.50e-04 590s
[XFreal_s2] ep 21 loss 0.6765 val_auroc 0.9284 lr 3.35e-04 618s
[XFreal_s2] ep 22 loss 0.6801 val_auroc 0.9285 lr 3.19e-04 648s
[XFreal_s2] ep 23 loss 0.6786 val_auroc 0.9268 lr 3.03e-04 677s
[XFreal_s2] ep 24 loss 0.6721 val_auroc 0.9273 lr 2.87e-04 707s
[XFreal_s2] ep 25 loss 0.6821 val_auroc 0.9275 lr 2.71e-04 736s
[XFreal_s2] ep 26 loss 0.6695 val_auroc 0.9274 lr 2.54e-04 765s
[XFreal_s2] ep 27 loss 0.6703 val_auroc 0.9312 lr 2.38e-04 793s
[XFreal_s2] ep 28 loss 0.6722 val_auroc 0.9283 lr 2.21e-04 822s
[XFreal_s2] ep 29 loss 0.6612 val_auroc 0.9301 lr 2.05e-04 852s
[XFreal_s2] ep 30 loss 0.6635 val_auroc 0.9313 lr 1.89e-04 883s
[XFreal_s2] ep 31 loss 0.6636 val_auroc 0.9294 lr 1.73e-04 912s
[XFreal_s2] ep 32 loss 0.6505 val_auroc 0.9306 lr 1.57e-04 942s
[XFreal_s2] ep 33 loss 0.6590 val_auroc 0.9293 lr 1.42e-04 971s
[XFreal_s2] ep 34 loss 0.6489 val_auroc 0.9300 lr 1.27e-04 1000s
[XFreal_s2] ep 35 loss 0.6539 val_auroc 0.9287 lr 1.13e-04 1031s
[XFreal_s2] ep 36 loss 0.6496 val_auroc 0.9319 lr 9.97e-05 1061s
[XFreal_s2] ep 37 loss 0.6593 val_auroc 0.9283 lr 8.69e-05 1092s
[XFreal_s2] ep 38 loss 0.6389 val_auroc 0.9306 lr 7.47e-05 1120s
[XFreal_s2] ep 39 loss 0.6362 val_auroc 0.9291 lr 6.33e-05 1149s
[XFreal_s2] ep 40 loss 0.6356 val_auroc 0.9299 lr 5.27e-05 1178s
[XFreal_s2] ep 41 loss 0.6468 val_auroc 0.9305 lr 4.30e-05 1206s
[XFreal_s2] ep 42 loss 0.6435 val_auroc 0.9315 lr 3.42e-05 1236s
[XFreal_s2] ep 43 loss 0.6328 val_auroc 0.9315 lr 2.63e-05 1267s
[XFreal_s2] ep 44 loss 0.6474 val_auroc 0.9314 lr 1.94e-05 1296s
[XFreal_s2] ep 45 loss 0.6271 val_auroc 0.9313 lr 1.35e-05 1326s
[XFreal_s2] ep 46 loss 0.6379 val_auroc 0.9310 lr 8.70e-06 1355s
[XFreal_s2] early stop at ep 46
[XFreal_s2] DONE best_ep 36 val 0.9319 test nan params 939014 time 1354.7s
QUEUE_DONE a
