
===== 2026-10-01 20:58:29 SL_B0clean_s1 =====
[SL_B0clean_s1] device=mps params=463493 train=17084 val=2146 test=2158 pos_weight=[1.2489999532699585, 2.9010000228881836, 3.0810000896453857, 3.372999906539917, 7.061999797821045] git=2957dbbc404eae37f21b613b27cd3772546c0668 code=ec11b304ff60
[SL_B0clean_s1] ep  1 loss 0.9915 val_auroc 0.8027 lr 2.00e-04 11s
[SL_B0clean_s1] ep  2 loss 0.9145 val_auroc 0.8053 lr 4.00e-04 21s
[SL_B0clean_s1] ep  3 loss 0.8871 val_auroc 0.8206 lr 5.00e-04 32s
[SL_B0clean_s1] ep  4 loss 0.8662 val_auroc 0.8220 lr 4.99e-04 42s
[SL_B0clean_s1] ep  5 loss 0.8595 val_auroc 0.8268 lr 4.97e-04 52s
[SL_B0clean_s1] ep  6 loss 0.8520 val_auroc 0.8290 lr 4.93e-04 63s
[SL_B0clean_s1] ep  7 loss 0.8507 val_auroc 0.8289 lr 4.89e-04 74s
[SL_B0clean_s1] ep  8 loss 0.8496 val_auroc 0.8291 lr 4.84e-04 85s
[SL_B0clean_s1] ep  9 loss 0.8480 val_auroc 0.8260 lr 4.77e-04 96s
[SL_B0clean_s1] ep 10 loss 0.8453 val_auroc 0.8314 lr 4.70e-04 107s
[SL_B0clean_s1] ep 11 loss 0.8444 val_auroc 0.8278 lr 4.62e-04 117s
[SL_B0clean_s1] ep 12 loss 0.8409 val_auroc 0.8349 lr 4.52e-04 129s
[SL_B0clean_s1] ep 13 loss 0.8329 val_auroc 0.8303 lr 4.42e-04 144s
[SL_B0clean_s1] ep 14 loss 0.8423 val_auroc 0.8317 lr 4.31e-04 161s
[SL_B0clean_s1] ep 15 loss 0.8409 val_auroc 0.8340 lr 4.19e-04 178s
[SL_B0clean_s1] ep 16 loss 0.8358 val_auroc 0.8358 lr 4.07e-04 194s
[SL_B0clean_s1] ep 17 loss 0.8351 val_auroc 0.8338 lr 3.94e-04 211s
[SL_B0clean_s1] ep 18 loss 0.8333 val_auroc 0.8376 lr 3.80e-04 228s
[SL_B0clean_s1] ep 19 loss 0.8376 val_auroc 0.8349 lr 3.65e-04 244s
[SL_B0clean_s1] ep 20 loss 0.8311 val_auroc 0.8370 lr 3.50e-04 261s
[SL_B0clean_s1] ep 21 loss 0.8286 val_auroc 0.8370 lr 3.35e-04 278s
[SL_B0clean_s1] ep 22 loss 0.8286 val_auroc 0.8391 lr 3.19e-04 295s
[SL_B0clean_s1] ep 23 loss 0.8328 val_auroc 0.8378 lr 3.03e-04 311s
[SL_B0clean_s1] ep 24 loss 0.8297 val_auroc 0.8377 lr 2.87e-04 328s
[SL_B0clean_s1] ep 25 loss 0.8227 val_auroc 0.8354 lr 2.71e-04 344s
[SL_B0clean_s1] ep 26 loss 0.8274 val_auroc 0.8404 lr 2.54e-04 361s
[SL_B0clean_s1] ep 27 loss 0.8250 val_auroc 0.8398 lr 2.38e-04 377s
[SL_B0clean_s1] ep 28 loss 0.8187 val_auroc 0.8387 lr 2.21e-04 394s
[SL_B0clean_s1] ep 29 loss 0.8232 val_auroc 0.8401 lr 2.05e-04 411s
[SL_B0clean_s1] ep 30 loss 0.8191 val_auroc 0.8407 lr 1.89e-04 428s
[SL_B0clean_s1] ep 31 loss 0.8190 val_auroc 0.8407 lr 1.73e-04 444s
[SL_B0clean_s1] ep 32 loss 0.8174 val_auroc 0.8398 lr 1.57e-04 461s
[SL_B0clean_s1] ep 33 loss 0.8164 val_auroc 0.8408 lr 1.42e-04 478s
[SL_B0clean_s1] ep 34 loss 0.8188 val_auroc 0.8418 lr 1.27e-04 494s
[SL_B0clean_s1] ep 35 loss 0.8143 val_auroc 0.8397 lr 1.13e-04 512s
[SL_B0clean_s1] ep 36 loss 0.8171 val_auroc 0.8434 lr 9.97e-05 529s
[SL_B0clean_s1] ep 37 loss 0.8188 val_auroc 0.8427 lr 8.69e-05 546s
[SL_B0clean_s1] ep 38 loss 0.8117 val_auroc 0.8416 lr 7.47e-05 563s
[SL_B0clean_s1] ep 39 loss 0.8180 val_auroc 0.8428 lr 6.33e-05 580s
[SL_B0clean_s1] ep 40 loss 0.8128 val_auroc 0.8415 lr 5.27e-05 598s
[SL_B0clean_s1] ep 41 loss 0.8087 val_auroc 0.8431 lr 4.30e-05 611s
[SL_B0clean_s1] ep 42 loss 0.8133 val_auroc 0.8441 lr 3.42e-05 621s
[SL_B0clean_s1] ep 43 loss 0.8111 val_auroc 0.8436 lr 2.63e-05 632s
[SL_B0clean_s1] ep 44 loss 0.8099 val_auroc 0.8438 lr 1.94e-05 641s
[SL_B0clean_s1] ep 45 loss 0.8050 val_auroc 0.8442 lr 1.35e-05 652s
[SL_B0clean_s1] ep 46 loss 0.8098 val_auroc 0.8442 lr 8.70e-06 662s
[SL_B0clean_s1] ep 47 loss 0.8024 val_auroc 0.8441 lr 4.91e-06 672s
[SL_B0clean_s1] ep 48 loss 0.8117 val_auroc 0.8444 lr 2.18e-06 683s
[SL_B0clean_s1] ep 49 loss 0.8080 val_auroc 0.8448 lr 5.47e-07 694s
[SL_B0clean_s1] ep 50 loss 0.8066 val_auroc 0.8444 lr 0.00e+00 705s
[SL_B0clean_s1] DONE best_ep 49 val 0.8448 test nan params 463493 time 705.5s

===== 2026-10-01 21:10:22 SL_B0aug_s1 =====
[SL_B0aug_s1] device=mps params=463493 train=17084 val=2146 test=2158 pos_weight=[1.2489999532699585, 2.9010000228881836, 3.0810000896453857, 3.372999906539917, 7.061999797821045] git=2957dbbc404eae37f21b613b27cd3772546c0668-dirty code=b0d8a5d48b29
[SL_B0aug_s1] ep  1 loss 1.0035 val_auroc 0.7992 lr 2.00e-04 13s
[SL_B0aug_s1] ep  2 loss 0.9269 val_auroc 0.8099 lr 4.00e-04 25s
[SL_B0aug_s1] ep  3 loss 0.8887 val_auroc 0.8215 lr 5.00e-04 38s
[SL_B0aug_s1] ep  4 loss 0.8698 val_auroc 0.8193 lr 4.99e-04 50s
[SL_B0aug_s1] ep  5 loss 0.8629 val_auroc 0.8287 lr 4.97e-04 63s
[SL_B0aug_s1] ep  6 loss 0.8556 val_auroc 0.8296 lr 4.93e-04 75s
[SL_B0aug_s1] ep  7 loss 0.8533 val_auroc 0.8259 lr 4.89e-04 92s
[SL_B0aug_s1] ep  8 loss 0.8526 val_auroc 0.8290 lr 4.84e-04 111s
[SL_B0aug_s1] ep  9 loss 0.8529 val_auroc 0.8283 lr 4.77e-04 131s
[SL_B0aug_s1] ep 10 loss 0.8495 val_auroc 0.8306 lr 4.70e-04 150s
[SL_B0aug_s1] ep 11 loss 0.8488 val_auroc 0.8333 lr 4.62e-04 169s
[SL_B0aug_s1] ep 12 loss 0.8455 val_auroc 0.8357 lr 4.52e-04 189s
[SL_B0aug_s1] ep 13 loss 0.8384 val_auroc 0.8302 lr 4.42e-04 208s
[SL_B0aug_s1] ep 14 loss 0.8460 val_auroc 0.8282 lr 4.31e-04 227s
[SL_B0aug_s1] ep 15 loss 0.8456 val_auroc 0.8322 lr 4.19e-04 247s
[SL_B0aug_s1] ep 16 loss 0.8392 val_auroc 0.8346 lr 4.07e-04 267s
[SL_B0aug_s1] ep 17 loss 0.8382 val_auroc 0.8279 lr 3.94e-04 285s
[SL_B0aug_s1] ep 18 loss 0.8386 val_auroc 0.8343 lr 3.80e-04 306s
[SL_B0aug_s1] ep 19 loss 0.8430 val_auroc 0.8327 lr 3.65e-04 325s
[SL_B0aug_s1] ep 20 loss 0.8340 val_auroc 0.8364 lr 3.50e-04 344s
[SL_B0aug_s1] ep 21 loss 0.8325 val_auroc 0.8349 lr 3.35e-04 363s
[SL_B0aug_s1] ep 22 loss 0.8329 val_auroc 0.8374 lr 3.19e-04 382s
[SL_B0aug_s1] ep 23 loss 0.8377 val_auroc 0.8368 lr 3.03e-04 402s
[SL_B0aug_s1] ep 24 loss 0.8330 val_auroc 0.8348 lr 2.87e-04 422s
[SL_B0aug_s1] ep 25 loss 0.8255 val_auroc 0.8363 lr 2.71e-04 440s
[SL_B0aug_s1] ep 26 loss 0.8328 val_auroc 0.8391 lr 2.54e-04 459s
[SL_B0aug_s1] ep 27 loss 0.8308 val_auroc 0.8378 lr 2.38e-04 479s
[SL_B0aug_s1] ep 28 loss 0.8245 val_auroc 0.8388 lr 2.21e-04 499s
[SL_B0aug_s1] ep 29 loss 0.8291 val_auroc 0.8396 lr 2.05e-04 519s
[SL_B0aug_s1] ep 30 loss 0.8246 val_auroc 0.8364 lr 1.89e-04 538s
[SL_B0aug_s1] ep 31 loss 0.8231 val_auroc 0.8378 lr 1.73e-04 558s
[SL_B0aug_s1] ep 32 loss 0.8234 val_auroc 0.8390 lr 1.57e-04 575s
[SL_B0aug_s1] ep 33 loss 0.8204 val_auroc 0.8393 lr 1.42e-04 596s
[SL_B0aug_s1] ep 34 loss 0.8254 val_auroc 0.8384 lr 1.27e-04 616s
[SL_B0aug_s1] ep 35 loss 0.8189 val_auroc 0.8386 lr 1.13e-04 634s
[SL_B0aug_s1] ep 36 loss 0.8224 val_auroc 0.8403 lr 9.97e-05 653s
[SL_B0aug_s1] ep 37 loss 0.8231 val_auroc 0.8406 lr 8.69e-05 674s
[SL_B0aug_s1] ep 38 loss 0.8188 val_auroc 0.8405 lr 7.47e-05 695s
[SL_B0aug_s1] ep 39 loss 0.8232 val_auroc 0.8404 lr 6.33e-05 714s
[SL_B0aug_s1] ep 40 loss 0.8201 val_auroc 0.8391 lr 5.27e-05 735s
[SL_B0aug_s1] ep 41 loss 0.8155 val_auroc 0.8407 lr 4.30e-05 756s
[SL_B0aug_s1] ep 42 loss 0.8192 val_auroc 0.8415 lr 3.42e-05 777s
[SL_B0aug_s1] ep 43 loss 0.8188 val_auroc 0.8413 lr 2.63e-05 797s
[SL_B0aug_s1] ep 44 loss 0.8167 val_auroc 0.8413 lr 1.94e-05 819s
[SL_B0aug_s1] ep 45 loss 0.8118 val_auroc 0.8417 lr 1.35e-05 839s
[SL_B0aug_s1] ep 46 loss 0.8164 val_auroc 0.8418 lr 8.70e-06 860s
[SL_B0aug_s1] ep 47 loss 0.8100 val_auroc 0.8421 lr 4.91e-06 880s
[SL_B0aug_s1] ep 48 loss 0.8168 val_auroc 0.8417 lr 2.18e-06 900s
[SL_B0aug_s1] ep 49 loss 0.8142 val_auroc 0.8424 lr 5.47e-07 921s
[SL_B0aug_s1] ep 50 loss 0.8139 val_auroc 0.8422 lr 0.00e+00 941s
[SL_B0aug_s1] DONE best_ep 49 val 0.8424 test nan params 463493 time 941.3s

===== 2026-10-01 21:26:12 SL_D_s1 =====
[SL_D_s1] device=mps params=459206 train=17084 val=2146 test=2158 pos_weight=[1.2489999532699585, 2.9010000228881836, 3.0810000896453857, 3.372999906539917, 7.061999797821045] git=fe576cd03c17dbcd1ab4d1e1b27b6aa6fa38b56a-dirty code=138d60b9bb8a
[SL_D_s1] ep  1 loss 0.9986 val_auroc 0.7985 lr 2.00e-04 23s
[SL_D_s1] ep  2 loss 0.9317 val_auroc 0.8076 lr 4.00e-04 45s
[SL_D_s1] ep  3 loss 0.8944 val_auroc 0.8111 lr 5.00e-04 64s
[SL_D_s1] ep  4 loss 0.8742 val_auroc 0.8189 lr 4.99e-04 77s
[SL_D_s1] ep  5 loss 0.8655 val_auroc 0.8270 lr 4.97e-04 90s
[SL_D_s1] ep  6 loss 0.8593 val_auroc 0.8262 lr 4.93e-04 103s
[SL_D_s1] ep  7 loss 0.8561 val_auroc 0.8267 lr 4.89e-04 117s
[SL_D_s1] ep  8 loss 0.8548 val_auroc 0.8260 lr 4.84e-04 130s
[SL_D_s1] ep  9 loss 0.8540 val_auroc 0.8221 lr 4.77e-04 143s
[SL_D_s1] ep 10 loss 0.8512 val_auroc 0.8296 lr 4.70e-04 157s
[SL_D_s1] ep 11 loss 0.8498 val_auroc 0.8255 lr 4.62e-04 170s
[SL_D_s1] ep 12 loss 0.8476 val_auroc 0.8309 lr 4.52e-04 183s
[SL_D_s1] ep 13 loss 0.8411 val_auroc 0.8269 lr 4.42e-04 197s
[SL_D_s1] ep 14 loss 0.8487 val_auroc 0.8272 lr 4.31e-04 210s
[SL_D_s1] ep 15 loss 0.8475 val_auroc 0.8281 lr 4.19e-04 223s
[SL_D_s1] ep 16 loss 0.8414 val_auroc 0.8315 lr 4.07e-04 237s
[SL_D_s1] ep 17 loss 0.8403 val_auroc 0.8300 lr 3.94e-04 251s
[SL_D_s1] ep 18 loss 0.8410 val_auroc 0.8343 lr 3.80e-04 264s
[SL_D_s1] ep 19 loss 0.8447 val_auroc 0.8312 lr 3.65e-04 278s
[SL_D_s1] ep 20 loss 0.8365 val_auroc 0.8336 lr 3.50e-04 291s
[SL_D_s1] ep 21 loss 0.8343 val_auroc 0.8343 lr 3.35e-04 304s
[SL_D_s1] ep 22 loss 0.8361 val_auroc 0.8365 lr 3.19e-04 316s
[SL_D_s1] ep 23 loss 0.8405 val_auroc 0.8350 lr 3.03e-04 329s
[SL_D_s1] ep 24 loss 0.8352 val_auroc 0.8350 lr 2.87e-04 342s
[SL_D_s1] ep 25 loss 0.8286 val_auroc 0.8371 lr 2.71e-04 355s
[SL_D_s1] ep 26 loss 0.8344 val_auroc 0.8376 lr 2.54e-04 368s
[SL_D_s1] ep 27 loss 0.8336 val_auroc 0.8369 lr 2.38e-04 381s
[SL_D_s1] ep 28 loss 0.8269 val_auroc 0.8337 lr 2.21e-04 394s
[SL_D_s1] ep 29 loss 0.8288 val_auroc 0.8375 lr 2.05e-04 407s
[SL_D_s1] ep 30 loss 0.8276 val_auroc 0.8373 lr 1.89e-04 420s
[SL_D_s1] ep 31 loss 0.8248 val_auroc 0.8376 lr 1.73e-04 433s
[SL_D_s1] ep 32 loss 0.8259 val_auroc 0.8359 lr 1.57e-04 446s
[SL_D_s1] ep 33 loss 0.8208 val_auroc 0.8370 lr 1.42e-04 458s
[SL_D_s1] ep 34 loss 0.8254 val_auroc 0.8388 lr 1.27e-04 471s
[SL_D_s1] ep 35 loss 0.8216 val_auroc 0.8378 lr 1.13e-04 484s
[SL_D_s1] ep 36 loss 0.8237 val_auroc 0.8392 lr 9.97e-05 497s
[SL_D_s1] ep 37 loss 0.8242 val_auroc 0.8379 lr 8.69e-05 510s
[SL_D_s1] ep 38 loss 0.8198 val_auroc 0.8390 lr 7.47e-05 523s
[SL_D_s1] ep 39 loss 0.8238 val_auroc 0.8396 lr 6.33e-05 536s
[SL_D_s1] ep 40 loss 0.8216 val_auroc 0.8387 lr 5.27e-05 549s
[SL_D_s1] ep 41 loss 0.8160 val_auroc 0.8409 lr 4.30e-05 563s
[SL_D_s1] ep 42 loss 0.8187 val_auroc 0.8417 lr 3.42e-05 576s
[SL_D_s1] ep 43 loss 0.8190 val_auroc 0.8407 lr 2.63e-05 588s
[SL_D_s1] ep 44 loss 0.8168 val_auroc 0.8410 lr 1.94e-05 602s
[SL_D_s1] ep 45 loss 0.8118 val_auroc 0.8414 lr 1.35e-05 614s
[SL_D_s1] ep 46 loss 0.8158 val_auroc 0.8415 lr 8.70e-06 627s
[SL_D_s1] ep 47 loss 0.8107 val_auroc 0.8413 lr 4.91e-06 640s
[SL_D_s1] ep 48 loss 0.8163 val_auroc 0.8413 lr 2.18e-06 653s
[SL_D_s1] ep 49 loss 0.8143 val_auroc 0.8420 lr 5.47e-07 665s
[SL_D_s1] ep 50 loss 0.8137 val_auroc 0.8416 lr 0.00e+00 677s
[SL_D_s1] DONE best_ep 49 val 0.8420 test nan params 459206 time 677.2s

===== 2026-10-01 21:37:40 SL_E_s1 =====
[SL_E_s1] device=mps params=465414 train=17084 val=2146 test=2158 pos_weight=[1.2489999532699585, 2.9010000228881836, 3.0810000896453857, 3.372999906539917, 7.061999797821045] git=e21b6eb7eb500ade12b076bf3be4773f5023552d code=d1fdecd76cfe
[SL_E_s1] ep  1 loss 1.0063 val_auroc 0.7973 lr 2.00e-04 13s
[SL_E_s1] ep  2 loss 0.9296 val_auroc 0.8114 lr 4.00e-04 26s
[SL_E_s1] ep  3 loss 0.8924 val_auroc 0.8167 lr 5.00e-04 39s
[SL_E_s1] ep  4 loss 0.8719 val_auroc 0.8215 lr 4.99e-04 52s
[SL_E_s1] ep  5 loss 0.8624 val_auroc 0.8276 lr 4.97e-04 65s
[SL_E_s1] ep  6 loss 0.8574 val_auroc 0.8271 lr 4.93e-04 78s
[SL_E_s1] ep  7 loss 0.8563 val_auroc 0.8256 lr 4.89e-04 90s
[SL_E_s1] ep  8 loss 0.8562 val_auroc 0.8289 lr 4.84e-04 103s
[SL_E_s1] ep  9 loss 0.8538 val_auroc 0.8199 lr 4.77e-04 116s
[SL_E_s1] ep 10 loss 0.8506 val_auroc 0.8300 lr 4.70e-04 129s
[SL_E_s1] ep 11 loss 0.8511 val_auroc 0.8270 lr 4.62e-04 142s
[SL_E_s1] ep 12 loss 0.8472 val_auroc 0.8295 lr 4.52e-04 155s
[SL_E_s1] ep 13 loss 0.8413 val_auroc 0.8281 lr 4.42e-04 168s
[SL_E_s1] ep 14 loss 0.8479 val_auroc 0.8278 lr 4.31e-04 181s
[SL_E_s1] ep 15 loss 0.8479 val_auroc 0.8308 lr 4.19e-04 194s
[SL_E_s1] ep 16 loss 0.8430 val_auroc 0.8311 lr 4.07e-04 207s
[SL_E_s1] ep 17 loss 0.8415 val_auroc 0.8293 lr 3.94e-04 220s
[SL_E_s1] ep 18 loss 0.8417 val_auroc 0.8339 lr 3.80e-04 232s
[SL_E_s1] ep 19 loss 0.8440 val_auroc 0.8317 lr 3.65e-04 245s
[SL_E_s1] ep 20 loss 0.8374 val_auroc 0.8350 lr 3.50e-04 258s
[SL_E_s1] ep 21 loss 0.8355 val_auroc 0.8341 lr 3.35e-04 271s
[SL_E_s1] ep 22 loss 0.8372 val_auroc 0.8361 lr 3.19e-04 284s
[SL_E_s1] ep 23 loss 0.8403 val_auroc 0.8343 lr 3.03e-04 297s
[SL_E_s1] ep 24 loss 0.8361 val_auroc 0.8358 lr 2.87e-04 310s
[SL_E_s1] ep 25 loss 0.8288 val_auroc 0.8349 lr 2.71e-04 323s
[SL_E_s1] ep 26 loss 0.8356 val_auroc 0.8383 lr 2.54e-04 335s
[SL_E_s1] ep 27 loss 0.8338 val_auroc 0.8361 lr 2.38e-04 348s
[SL_E_s1] ep 28 loss 0.8276 val_auroc 0.8363 lr 2.21e-04 361s
[SL_E_s1] ep 29 loss 0.8295 val_auroc 0.8385 lr 2.05e-04 374s
[SL_E_s1] ep 30 loss 0.8282 val_auroc 0.8380 lr 1.89e-04 386s
[SL_E_s1] ep 31 loss 0.8249 val_auroc 0.8381 lr 1.73e-04 399s
[SL_E_s1] ep 32 loss 0.8257 val_auroc 0.8370 lr 1.57e-04 412s
[SL_E_s1] ep 33 loss 0.8231 val_auroc 0.8384 lr 1.42e-04 425s
[SL_E_s1] ep 34 loss 0.8266 val_auroc 0.8389 lr 1.27e-04 438s
[SL_E_s1] ep 35 loss 0.8216 val_auroc 0.8366 lr 1.13e-04 451s
[SL_E_s1] ep 36 loss 0.8244 val_auroc 0.8390 lr 9.97e-05 463s
[SL_E_s1] ep 37 loss 0.8233 val_auroc 0.8411 lr 8.69e-05 476s
[SL_E_s1] ep 38 loss 0.8194 val_auroc 0.8393 lr 7.47e-05 489s
[SL_E_s1] ep 39 loss 0.8246 val_auroc 0.8396 lr 6.33e-05 502s
[SL_E_s1] ep 40 loss 0.8225 val_auroc 0.8392 lr 5.27e-05 515s
[SL_E_s1] ep 41 loss 0.8161 val_auroc 0.8411 lr 4.30e-05 528s
[SL_E_s1] ep 42 loss 0.8201 val_auroc 0.8420 lr 3.42e-05 541s
[SL_E_s1] ep 43 loss 0.8192 val_auroc 0.8411 lr 2.63e-05 554s
[SL_E_s1] ep 44 loss 0.8163 val_auroc 0.8416 lr 1.94e-05 566s
[SL_E_s1] ep 45 loss 0.8112 val_auroc 0.8422 lr 1.35e-05 579s
[SL_E_s1] ep 46 loss 0.8160 val_auroc 0.8421 lr 8.70e-06 592s
[SL_E_s1] ep 47 loss 0.8110 val_auroc 0.8422 lr 4.91e-06 605s
[SL_E_s1] ep 48 loss 0.8165 val_auroc 0.8423 lr 2.18e-06 617s
[SL_E_s1] ep 49 loss 0.8150 val_auroc 0.8426 lr 5.47e-07 630s
[SL_E_s1] ep 50 loss 0.8146 val_auroc 0.8424 lr 0.00e+00 643s
[SL_E_s1] DONE best_ep 49 val 0.8426 test nan params 465414 time 643.1s

===== 2026-10-01 21:48:31 SL_F_s1 =====
[SL_F_s1] device=mps params=465414 train=17084 val=2146 test=2158 pos_weight=[1.2489999532699585, 2.9010000228881836, 3.0810000896453857, 3.372999906539917, 7.061999797821045] git=e21b6eb7eb500ade12b076bf3be4773f5023552d code=d1fdecd76cfe
[SL_F_s1] ep  1 loss 1.0941 val_auroc 0.7890 lr 2.00e-04 23s
[SL_F_s1] ep  2 loss 0.9771 val_auroc 0.8015 lr 4.00e-04 45s
[SL_F_s1] ep  3 loss 0.9132 val_auroc 0.8131 lr 5.00e-04 67s
[SL_F_s1] ep  4 loss 0.8845 val_auroc 0.8153 lr 4.99e-04 89s
[SL_F_s1] ep  5 loss 0.8752 val_auroc 0.8203 lr 4.97e-04 111s
[SL_F_s1] ep  6 loss 0.8678 val_auroc 0.8227 lr 4.93e-04 132s
[SL_F_s1] ep  7 loss 0.8677 val_auroc 0.8223 lr 4.89e-04 155s
[SL_F_s1] ep  8 loss 0.8674 val_auroc 0.8273 lr 4.84e-04 177s
[SL_F_s1] ep  9 loss 0.8642 val_auroc 0.8278 lr 4.77e-04 200s
[SL_F_s1] ep 10 loss 0.8634 val_auroc 0.8216 lr 4.70e-04 222s
[SL_F_s1] ep 11 loss 0.8619 val_auroc 0.8285 lr 4.62e-04 243s
[SL_F_s1] ep 12 loss 0.8592 val_auroc 0.8301 lr 4.52e-04 262s
[SL_F_s1] ep 13 loss 0.8534 val_auroc 0.8272 lr 4.42e-04 282s
[SL_F_s1] ep 14 loss 0.8598 val_auroc 0.8257 lr 4.31e-04 302s
[SL_F_s1] ep 15 loss 0.8580 val_auroc 0.8253 lr 4.19e-04 322s
[SL_F_s1] ep 16 loss 0.8533 val_auroc 0.8281 lr 4.07e-04 341s
[SL_F_s1] ep 17 loss 0.8523 val_auroc 0.8248 lr 3.94e-04 361s
[SL_F_s1] ep 18 loss 0.8522 val_auroc 0.8320 lr 3.80e-04 381s
[SL_F_s1] ep 19 loss 0.8552 val_auroc 0.8289 lr 3.65e-04 401s
[SL_F_s1] ep 20 loss 0.8470 val_auroc 0.8337 lr 3.50e-04 422s
[SL_F_s1] ep 21 loss 0.8465 val_auroc 0.8332 lr 3.35e-04 442s
[SL_F_s1] ep 22 loss 0.8480 val_auroc 0.8361 lr 3.19e-04 461s
[SL_F_s1] ep 23 loss 0.8504 val_auroc 0.8351 lr 3.03e-04 481s
[SL_F_s1] ep 24 loss 0.8479 val_auroc 0.8352 lr 2.87e-04 501s
[SL_F_s1] ep 25 loss 0.8410 val_auroc 0.8365 lr 2.71e-04 521s
[SL_F_s1] ep 26 loss 0.8454 val_auroc 0.8365 lr 2.54e-04 540s
[SL_F_s1] ep 27 loss 0.8452 val_auroc 0.8360 lr 2.38e-04 559s
[SL_F_s1] ep 28 loss 0.8386 val_auroc 0.8345 lr 2.21e-04 578s
[SL_F_s1] ep 29 loss 0.8431 val_auroc 0.8356 lr 2.05e-04 597s
[SL_F_s1] ep 30 loss 0.8381 val_auroc 0.8364 lr 1.89e-04 616s
[SL_F_s1] ep 31 loss 0.8365 val_auroc 0.8367 lr 1.73e-04 635s
[SL_F_s1] ep 32 loss 0.8378 val_auroc 0.8344 lr 1.57e-04 654s
[SL_F_s1] ep 33 loss 0.8330 val_auroc 0.8372 lr 1.42e-04 673s
[SL_F_s1] ep 34 loss 0.8369 val_auroc 0.8361 lr 1.27e-04 692s
[SL_F_s1] ep 35 loss 0.8331 val_auroc 0.8357 lr 1.13e-04 711s
[SL_F_s1] ep 36 loss 0.8346 val_auroc 0.8359 lr 9.97e-05 730s
[SL_F_s1] ep 37 loss 0.8357 val_auroc 0.8384 lr 8.69e-05 748s
[SL_F_s1] ep 38 loss 0.8311 val_auroc 0.8373 lr 7.47e-05 767s
[SL_F_s1] ep 39 loss 0.8350 val_auroc 0.8381 lr 6.33e-05 784s
[SL_F_s1] ep 40 loss 0.8331 val_auroc 0.8378 lr 5.27e-05 801s
[SL_F_s1] ep 41 loss 0.8274 val_auroc 0.8402 lr 4.30e-05 821s
[SL_F_s1] ep 42 loss 0.8312 val_auroc 0.8400 lr 3.42e-05 840s
[SL_F_s1] ep 43 loss 0.8306 val_auroc 0.8398 lr 2.63e-05 859s
[SL_F_s1] ep 44 loss 0.8296 val_auroc 0.8397 lr 1.94e-05 878s
[SL_F_s1] ep 45 loss 0.8248 val_auroc 0.8401 lr 1.35e-05 895s
[SL_F_s1] ep 46 loss 0.8273 val_auroc 0.8400 lr 8.70e-06 915s
[SL_F_s1] ep 47 loss 0.8222 val_auroc 0.8398 lr 4.91e-06 932s
[SL_F_s1] ep 48 loss 0.8286 val_auroc 0.8401 lr 2.18e-06 950s
[SL_F_s1] ep 49 loss 0.8262 val_auroc 0.8405 lr 5.47e-07 967s
[SL_F_s1] ep 50 loss 0.8248 val_auroc 0.8403 lr 0.00e+00 984s
[SL_F_s1] DONE best_ep 49 val 0.8405 test nan params 465414 time 983.9s

===== 2026-10-01 22:05:02 SL_Eclean_s1 =====
[SL_Eclean_s1] device=mps params=465414 train=17084 val=2146 test=2158 pos_weight=[1.2489999532699585, 2.9010000228881836, 3.0810000896453857, 3.372999906539917, 7.061999797821045] git=e21b6eb7eb500ade12b076bf3be4773f5023552d code=d1fdecd76cfe
[SL_Eclean_s1] ep  1 loss 0.9908 val_auroc 0.7962 lr 2.00e-04 11s
[SL_Eclean_s1] ep  2 loss 0.9206 val_auroc 0.8104 lr 4.00e-04 22s
[SL_Eclean_s1] ep  3 loss 0.8864 val_auroc 0.8174 lr 5.00e-04 33s
[SL_Eclean_s1] ep  4 loss 0.8681 val_auroc 0.8213 lr 4.99e-04 43s
[SL_Eclean_s1] ep  5 loss 0.8599 val_auroc 0.8257 lr 4.97e-04 54s
[SL_Eclean_s1] ep  6 loss 0.8545 val_auroc 0.8272 lr 4.93e-04 64s
[SL_Eclean_s1] ep  7 loss 0.8516 val_auroc 0.8265 lr 4.89e-04 75s
[SL_Eclean_s1] ep  8 loss 0.8521 val_auroc 0.8304 lr 4.84e-04 85s
[SL_Eclean_s1] ep  9 loss 0.8490 val_auroc 0.8216 lr 4.77e-04 96s
[SL_Eclean_s1] ep 10 loss 0.8465 val_auroc 0.8281 lr 4.70e-04 106s
[SL_Eclean_s1] ep 11 loss 0.8483 val_auroc 0.8266 lr 4.62e-04 117s
[SL_Eclean_s1] ep 12 loss 0.8432 val_auroc 0.8284 lr 4.52e-04 127s
[SL_Eclean_s1] ep 13 loss 0.8373 val_auroc 0.8336 lr 4.42e-04 138s
[SL_Eclean_s1] ep 14 loss 0.8446 val_auroc 0.8287 lr 4.31e-04 148s
[SL_Eclean_s1] ep 15 loss 0.8436 val_auroc 0.8308 lr 4.19e-04 159s
[SL_Eclean_s1] ep 16 loss 0.8367 val_auroc 0.8294 lr 4.07e-04 169s
[SL_Eclean_s1] ep 17 loss 0.8366 val_auroc 0.8297 lr 3.94e-04 180s
[SL_Eclean_s1] ep 18 loss 0.8358 val_auroc 0.8352 lr 3.80e-04 191s
[SL_Eclean_s1] ep 19 loss 0.8409 val_auroc 0.8330 lr 3.65e-04 202s
[SL_Eclean_s1] ep 20 loss 0.8327 val_auroc 0.8351 lr 3.50e-04 213s
[SL_Eclean_s1] ep 21 loss 0.8309 val_auroc 0.8338 lr 3.35e-04 223s
[SL_Eclean_s1] ep 22 loss 0.8316 val_auroc 0.8386 lr 3.19e-04 234s
[SL_Eclean_s1] ep 23 loss 0.8340 val_auroc 0.8354 lr 3.03e-04 245s
[SL_Eclean_s1] ep 24 loss 0.8299 val_auroc 0.8362 lr 2.87e-04 256s
[SL_Eclean_s1] ep 25 loss 0.8248 val_auroc 0.8361 lr 2.71e-04 266s
[SL_Eclean_s1] ep 26 loss 0.8312 val_auroc 0.8395 lr 2.54e-04 276s
[SL_Eclean_s1] ep 27 loss 0.8292 val_auroc 0.8379 lr 2.38e-04 288s
[SL_Eclean_s1] ep 28 loss 0.8221 val_auroc 0.8364 lr 2.21e-04 300s
[SL_Eclean_s1] ep 29 loss 0.8247 val_auroc 0.8388 lr 2.05e-04 312s
[SL_Eclean_s1] ep 30 loss 0.8226 val_auroc 0.8380 lr 1.89e-04 324s
[SL_Eclean_s1] ep 31 loss 0.8201 val_auroc 0.8382 lr 1.73e-04 335s
[SL_Eclean_s1] ep 32 loss 0.8208 val_auroc 0.8382 lr 1.57e-04 347s
[SL_Eclean_s1] ep 33 loss 0.8158 val_auroc 0.8380 lr 1.42e-04 358s
[SL_Eclean_s1] ep 34 loss 0.8216 val_auroc 0.8388 lr 1.27e-04 370s
[SL_Eclean_s1] ep 35 loss 0.8168 val_auroc 0.8389 lr 1.13e-04 381s
[SL_Eclean_s1] ep 36 loss 0.8183 val_auroc 0.8397 lr 9.97e-05 393s
[SL_Eclean_s1] ep 37 loss 0.8187 val_auroc 0.8392 lr 8.69e-05 404s
[SL_Eclean_s1] ep 38 loss 0.8134 val_auroc 0.8401 lr 7.47e-05 416s
[SL_Eclean_s1] ep 39 loss 0.8167 val_auroc 0.8409 lr 6.33e-05 427s
[SL_Eclean_s1] ep 40 loss 0.8154 val_auroc 0.8398 lr 5.27e-05 439s
[SL_Eclean_s1] ep 41 loss 0.8092 val_auroc 0.8416 lr 4.30e-05 451s
[SL_Eclean_s1] ep 42 loss 0.8129 val_auroc 0.8421 lr 3.42e-05 462s
[SL_Eclean_s1] ep 43 loss 0.8120 val_auroc 0.8417 lr 2.63e-05 474s
[SL_Eclean_s1] ep 44 loss 0.8089 val_auroc 0.8424 lr 1.94e-05 486s
[SL_Eclean_s1] ep 45 loss 0.8058 val_auroc 0.8426 lr 1.35e-05 495s
[SL_Eclean_s1] ep 46 loss 0.8078 val_auroc 0.8425 lr 8.70e-06 504s
[SL_Eclean_s1] ep 47 loss 0.8027 val_auroc 0.8428 lr 4.91e-06 514s
[SL_Eclean_s1] ep 48 loss 0.8100 val_auroc 0.8429 lr 2.18e-06 523s
[SL_Eclean_s1] ep 49 loss 0.8069 val_auroc 0.8432 lr 5.47e-07 533s
[SL_Eclean_s1] ep 50 loss 0.8059 val_auroc 0.8427 lr 0.00e+00 544s
[SL_Eclean_s1] DONE best_ep 49 val 0.8432 test nan params 465414 time 543.6s
QUEUE_DONE 1
