
===== 2026-10-01 20:58:29 SL_B0clean_s0 =====
[SL_B0clean_s0] device=mps params=463493 train=17084 val=2146 test=2158 pos_weight=[1.2489999532699585, 2.9010000228881836, 3.0810000896453857, 3.372999906539917, 7.061999797821045] git=2957dbbc404eae37f21b613b27cd3772546c0668 code=ec11b304ff60
[SL_B0clean_s0] ep  1 loss 0.9895 val_auroc 0.8012 lr 2.00e-04 11s
[SL_B0clean_s0] ep  2 loss 0.9065 val_auroc 0.8137 lr 4.00e-04 21s
[SL_B0clean_s0] ep  3 loss 0.8754 val_auroc 0.8212 lr 5.00e-04 32s
[SL_B0clean_s0] ep  4 loss 0.8662 val_auroc 0.8208 lr 4.99e-04 42s
[SL_B0clean_s0] ep  5 loss 0.8546 val_auroc 0.8294 lr 4.97e-04 52s
[SL_B0clean_s0] ep  6 loss 0.8541 val_auroc 0.8307 lr 4.93e-04 63s
[SL_B0clean_s0] ep  7 loss 0.8512 val_auroc 0.8299 lr 4.89e-04 74s
[SL_B0clean_s0] ep  8 loss 0.8480 val_auroc 0.8340 lr 4.84e-04 85s
[SL_B0clean_s0] ep  9 loss 0.8437 val_auroc 0.8298 lr 4.77e-04 96s
[SL_B0clean_s0] ep 10 loss 0.8433 val_auroc 0.8320 lr 4.70e-04 107s
[SL_B0clean_s0] ep 11 loss 0.8369 val_auroc 0.8278 lr 4.62e-04 117s
[SL_B0clean_s0] ep 12 loss 0.8386 val_auroc 0.8324 lr 4.52e-04 128s
[SL_B0clean_s0] ep 13 loss 0.8419 val_auroc 0.8358 lr 4.42e-04 144s
[SL_B0clean_s0] ep 14 loss 0.8337 val_auroc 0.8352 lr 4.31e-04 160s
[SL_B0clean_s0] ep 15 loss 0.8339 val_auroc 0.8346 lr 4.19e-04 177s
[SL_B0clean_s0] ep 16 loss 0.8359 val_auroc 0.8349 lr 4.07e-04 193s
[SL_B0clean_s0] ep 17 loss 0.8354 val_auroc 0.8354 lr 3.94e-04 210s
[SL_B0clean_s0] ep 18 loss 0.8344 val_auroc 0.8379 lr 3.80e-04 227s
[SL_B0clean_s0] ep 19 loss 0.8389 val_auroc 0.8309 lr 3.65e-04 243s
[SL_B0clean_s0] ep 20 loss 0.8287 val_auroc 0.8382 lr 3.50e-04 260s
[SL_B0clean_s0] ep 21 loss 0.8331 val_auroc 0.8365 lr 3.35e-04 276s
[SL_B0clean_s0] ep 22 loss 0.8337 val_auroc 0.8392 lr 3.19e-04 293s
[SL_B0clean_s0] ep 23 loss 0.8297 val_auroc 0.8354 lr 3.03e-04 309s
[SL_B0clean_s0] ep 24 loss 0.8261 val_auroc 0.8374 lr 2.87e-04 326s
[SL_B0clean_s0] ep 25 loss 0.8284 val_auroc 0.8386 lr 2.71e-04 342s
[SL_B0clean_s0] ep 26 loss 0.8200 val_auroc 0.8374 lr 2.54e-04 358s
[SL_B0clean_s0] ep 27 loss 0.8203 val_auroc 0.8386 lr 2.38e-04 375s
[SL_B0clean_s0] ep 28 loss 0.8177 val_auroc 0.8405 lr 2.21e-04 392s
[SL_B0clean_s0] ep 29 loss 0.8185 val_auroc 0.8410 lr 2.05e-04 408s
[SL_B0clean_s0] ep 30 loss 0.8262 val_auroc 0.8399 lr 1.89e-04 425s
[SL_B0clean_s0] ep 31 loss 0.8209 val_auroc 0.8405 lr 1.73e-04 441s
[SL_B0clean_s0] ep 32 loss 0.8165 val_auroc 0.8399 lr 1.57e-04 458s
[SL_B0clean_s0] ep 33 loss 0.8174 val_auroc 0.8428 lr 1.42e-04 474s
[SL_B0clean_s0] ep 34 loss 0.8214 val_auroc 0.8412 lr 1.27e-04 491s
[SL_B0clean_s0] ep 35 loss 0.8193 val_auroc 0.8414 lr 1.13e-04 508s
[SL_B0clean_s0] ep 36 loss 0.8152 val_auroc 0.8425 lr 9.97e-05 525s
[SL_B0clean_s0] ep 37 loss 0.8101 val_auroc 0.8421 lr 8.69e-05 542s
[SL_B0clean_s0] ep 38 loss 0.8129 val_auroc 0.8419 lr 7.47e-05 559s
[SL_B0clean_s0] ep 39 loss 0.8149 val_auroc 0.8426 lr 6.33e-05 576s
[SL_B0clean_s0] ep 40 loss 0.8132 val_auroc 0.8423 lr 5.27e-05 593s
[SL_B0clean_s0] ep 41 loss 0.8084 val_auroc 0.8426 lr 4.30e-05 608s
[SL_B0clean_s0] ep 42 loss 0.8090 val_auroc 0.8426 lr 3.42e-05 618s
[SL_B0clean_s0] ep 43 loss 0.8033 val_auroc 0.8417 lr 2.63e-05 629s
[SL_B0clean_s0] early stop at ep 43
[SL_B0clean_s0] DONE best_ep 33 val 0.8428 test nan params 463493 time 628.9s

===== 2026-10-01 21:09:05 SL_B0aug_s0 =====
[SL_B0aug_s0] device=mps params=463493 train=17084 val=2146 test=2158 pos_weight=[1.2489999532699585, 2.9010000228881836, 3.0810000896453857, 3.372999906539917, 7.061999797821045] git=2957dbbc404eae37f21b613b27cd3772546c0668-dirty code=a26cdd77708f
[SL_B0aug_s0] ep  1 loss 1.0034 val_auroc 0.8000 lr 2.00e-04 12s
[SL_B0aug_s0] ep  2 loss 0.9180 val_auroc 0.8079 lr 4.00e-04 24s
[SL_B0aug_s0] ep  3 loss 0.8860 val_auroc 0.8170 lr 5.00e-04 36s
[SL_B0aug_s0] ep  4 loss 0.8740 val_auroc 0.8250 lr 4.99e-04 48s
[SL_B0aug_s0] ep  5 loss 0.8606 val_auroc 0.8248 lr 4.97e-04 61s
[SL_B0aug_s0] ep  6 loss 0.8611 val_auroc 0.8304 lr 4.93e-04 75s
[SL_B0aug_s0] ep  7 loss 0.8558 val_auroc 0.8268 lr 4.89e-04 86s
[SL_B0aug_s0] ep  8 loss 0.8534 val_auroc 0.8305 lr 4.84e-04 99s
[SL_B0aug_s0] ep  9 loss 0.8489 val_auroc 0.8314 lr 4.77e-04 111s
[SL_B0aug_s0] ep 10 loss 0.8485 val_auroc 0.8307 lr 4.70e-04 124s
[SL_B0aug_s0] ep 11 loss 0.8411 val_auroc 0.8340 lr 4.62e-04 136s
[SL_B0aug_s0] ep 12 loss 0.8440 val_auroc 0.8306 lr 4.52e-04 149s
[SL_B0aug_s0] ep 13 loss 0.8460 val_auroc 0.8325 lr 4.42e-04 164s
[SL_B0aug_s0] ep 14 loss 0.8388 val_auroc 0.8334 lr 4.31e-04 182s
[SL_B0aug_s0] ep 15 loss 0.8376 val_auroc 0.8328 lr 4.19e-04 202s
[SL_B0aug_s0] ep 16 loss 0.8413 val_auroc 0.8344 lr 4.07e-04 222s
[SL_B0aug_s0] ep 17 loss 0.8394 val_auroc 0.8331 lr 3.94e-04 241s
[SL_B0aug_s0] ep 18 loss 0.8394 val_auroc 0.8360 lr 3.80e-04 261s
[SL_B0aug_s0] ep 19 loss 0.8438 val_auroc 0.8251 lr 3.65e-04 280s
[SL_B0aug_s0] ep 20 loss 0.8344 val_auroc 0.8336 lr 3.50e-04 299s
[SL_B0aug_s0] ep 21 loss 0.8387 val_auroc 0.8325 lr 3.35e-04 318s
[SL_B0aug_s0] ep 22 loss 0.8393 val_auroc 0.8382 lr 3.19e-04 338s
[SL_B0aug_s0] ep 23 loss 0.8363 val_auroc 0.8339 lr 3.03e-04 358s
[SL_B0aug_s0] ep 24 loss 0.8320 val_auroc 0.8360 lr 2.87e-04 377s
[SL_B0aug_s0] ep 25 loss 0.8328 val_auroc 0.8376 lr 2.71e-04 397s
[SL_B0aug_s0] ep 26 loss 0.8262 val_auroc 0.8343 lr 2.54e-04 415s
[SL_B0aug_s0] ep 27 loss 0.8274 val_auroc 0.8380 lr 2.38e-04 435s
[SL_B0aug_s0] ep 28 loss 0.8234 val_auroc 0.8403 lr 2.21e-04 455s
[SL_B0aug_s0] ep 29 loss 0.8254 val_auroc 0.8401 lr 2.05e-04 473s
[SL_B0aug_s0] ep 30 loss 0.8312 val_auroc 0.8384 lr 1.89e-04 493s
[SL_B0aug_s0] ep 31 loss 0.8270 val_auroc 0.8387 lr 1.73e-04 512s
[SL_B0aug_s0] ep 32 loss 0.8230 val_auroc 0.8361 lr 1.57e-04 531s
[SL_B0aug_s0] ep 33 loss 0.8222 val_auroc 0.8417 lr 1.42e-04 550s
[SL_B0aug_s0] ep 34 loss 0.8259 val_auroc 0.8390 lr 1.27e-04 570s
[SL_B0aug_s0] ep 35 loss 0.8232 val_auroc 0.8406 lr 1.13e-04 590s
[SL_B0aug_s0] ep 36 loss 0.8218 val_auroc 0.8397 lr 9.97e-05 610s
[SL_B0aug_s0] ep 37 loss 0.8160 val_auroc 0.8418 lr 8.69e-05 629s
[SL_B0aug_s0] ep 38 loss 0.8191 val_auroc 0.8409 lr 7.47e-05 646s
[SL_B0aug_s0] ep 39 loss 0.8202 val_auroc 0.8411 lr 6.33e-05 668s
[SL_B0aug_s0] ep 40 loss 0.8215 val_auroc 0.8410 lr 5.27e-05 687s
[SL_B0aug_s0] ep 41 loss 0.8149 val_auroc 0.8425 lr 4.30e-05 705s
[SL_B0aug_s0] ep 42 loss 0.8141 val_auroc 0.8422 lr 3.42e-05 724s
[SL_B0aug_s0] ep 43 loss 0.8098 val_auroc 0.8407 lr 2.63e-05 745s
[SL_B0aug_s0] ep 44 loss 0.8167 val_auroc 0.8423 lr 1.94e-05 765s
[SL_B0aug_s0] ep 45 loss 0.8210 val_auroc 0.8412 lr 1.35e-05 785s
[SL_B0aug_s0] ep 46 loss 0.8102 val_auroc 0.8418 lr 8.70e-06 806s
[SL_B0aug_s0] ep 47 loss 0.8128 val_auroc 0.8420 lr 4.91e-06 827s
[SL_B0aug_s0] ep 48 loss 0.8150 val_auroc 0.8420 lr 2.18e-06 847s
[SL_B0aug_s0] ep 49 loss 0.8182 val_auroc 0.8420 lr 5.47e-07 868s
[SL_B0aug_s0] ep 50 loss 0.8159 val_auroc 0.8424 lr 0.00e+00 888s
[SL_B0aug_s0] DONE best_ep 41 val 0.8425 test nan params 463493 time 888.4s

===== 2026-10-01 21:24:02 SL_D_s0 =====
[SL_D_s0] device=mps params=459206 train=17084 val=2146 test=2158 pos_weight=[1.2489999532699585, 2.9010000228881836, 3.0810000896453857, 3.372999906539917, 7.061999797821045] git=fe576cd03c17dbcd1ab4d1e1b27b6aa6fa38b56a-dirty code=138d60b9bb8a
[SL_D_s0] ep  1 loss 1.0123 val_auroc 0.7926 lr 2.00e-04 23s
[SL_D_s0] ep  2 loss 0.9253 val_auroc 0.8032 lr 4.00e-04 46s
[SL_D_s0] ep  3 loss 0.8900 val_auroc 0.8131 lr 5.00e-04 67s
[SL_D_s0] ep  4 loss 0.8784 val_auroc 0.8168 lr 4.99e-04 88s
[SL_D_s0] ep  5 loss 0.8641 val_auroc 0.8230 lr 4.97e-04 110s
[SL_D_s0] ep  6 loss 0.8638 val_auroc 0.8284 lr 4.93e-04 133s
[SL_D_s0] ep  7 loss 0.8566 val_auroc 0.8268 lr 4.89e-04 155s
[SL_D_s0] ep  8 loss 0.8546 val_auroc 0.8282 lr 4.84e-04 177s
[SL_D_s0] ep  9 loss 0.8512 val_auroc 0.8248 lr 4.77e-04 195s
[SL_D_s0] ep 10 loss 0.8504 val_auroc 0.8290 lr 4.70e-04 208s
[SL_D_s0] ep 11 loss 0.8428 val_auroc 0.8306 lr 4.62e-04 221s
[SL_D_s0] ep 12 loss 0.8454 val_auroc 0.8288 lr 4.52e-04 235s
[SL_D_s0] ep 13 loss 0.8474 val_auroc 0.8322 lr 4.42e-04 248s
[SL_D_s0] ep 14 loss 0.8422 val_auroc 0.8318 lr 4.31e-04 261s
[SL_D_s0] ep 15 loss 0.8436 val_auroc 0.8310 lr 4.19e-04 275s
[SL_D_s0] ep 16 loss 0.8427 val_auroc 0.8352 lr 4.07e-04 288s
[SL_D_s0] ep 17 loss 0.8416 val_auroc 0.8319 lr 3.94e-04 301s
[SL_D_s0] ep 18 loss 0.8407 val_auroc 0.8327 lr 3.80e-04 314s
[SL_D_s0] ep 19 loss 0.8457 val_auroc 0.8247 lr 3.65e-04 328s
[SL_D_s0] ep 20 loss 0.8347 val_auroc 0.8341 lr 3.50e-04 341s
[SL_D_s0] ep 21 loss 0.8407 val_auroc 0.8341 lr 3.35e-04 355s
[SL_D_s0] ep 22 loss 0.8404 val_auroc 0.8361 lr 3.19e-04 368s
[SL_D_s0] ep 23 loss 0.8372 val_auroc 0.8308 lr 3.03e-04 382s
[SL_D_s0] ep 24 loss 0.8336 val_auroc 0.8344 lr 2.87e-04 396s
[SL_D_s0] ep 25 loss 0.8336 val_auroc 0.8355 lr 2.71e-04 409s
[SL_D_s0] ep 26 loss 0.8274 val_auroc 0.8356 lr 2.54e-04 422s
[SL_D_s0] ep 27 loss 0.8285 val_auroc 0.8372 lr 2.38e-04 435s
[SL_D_s0] ep 28 loss 0.8245 val_auroc 0.8401 lr 2.21e-04 447s
[SL_D_s0] ep 29 loss 0.8258 val_auroc 0.8367 lr 2.05e-04 460s
[SL_D_s0] ep 30 loss 0.8314 val_auroc 0.8374 lr 1.89e-04 473s
[SL_D_s0] ep 31 loss 0.8283 val_auroc 0.8375 lr 1.73e-04 486s
[SL_D_s0] ep 32 loss 0.8248 val_auroc 0.8378 lr 1.57e-04 499s
[SL_D_s0] ep 33 loss 0.8244 val_auroc 0.8403 lr 1.42e-04 512s
[SL_D_s0] ep 34 loss 0.8264 val_auroc 0.8399 lr 1.27e-04 525s
[SL_D_s0] ep 35 loss 0.8244 val_auroc 0.8410 lr 1.13e-04 538s
[SL_D_s0] ep 36 loss 0.8236 val_auroc 0.8406 lr 9.97e-05 551s
[SL_D_s0] ep 37 loss 0.8168 val_auroc 0.8413 lr 8.69e-05 564s
[SL_D_s0] ep 38 loss 0.8198 val_auroc 0.8408 lr 7.47e-05 577s
[SL_D_s0] ep 39 loss 0.8205 val_auroc 0.8413 lr 6.33e-05 590s
[SL_D_s0] ep 40 loss 0.8206 val_auroc 0.8401 lr 5.27e-05 603s
[SL_D_s0] ep 41 loss 0.8148 val_auroc 0.8416 lr 4.30e-05 615s
[SL_D_s0] ep 42 loss 0.8142 val_auroc 0.8425 lr 3.42e-05 628s
[SL_D_s0] ep 43 loss 0.8102 val_auroc 0.8403 lr 2.63e-05 641s
[SL_D_s0] ep 44 loss 0.8162 val_auroc 0.8425 lr 1.94e-05 654s
[SL_D_s0] ep 45 loss 0.8207 val_auroc 0.8413 lr 1.35e-05 668s
[SL_D_s0] ep 46 loss 0.8094 val_auroc 0.8424 lr 8.70e-06 680s
[SL_D_s0] ep 47 loss 0.8101 val_auroc 0.8422 lr 4.91e-06 694s
[SL_D_s0] ep 48 loss 0.8141 val_auroc 0.8420 lr 2.18e-06 707s
[SL_D_s0] ep 49 loss 0.8174 val_auroc 0.8421 lr 5.47e-07 719s
[SL_D_s0] ep 50 loss 0.8150 val_auroc 0.8427 lr 0.00e+00 733s
[SL_D_s0] DONE best_ep 50 val 0.8427 test nan params 459206 time 732.6s

===== 2026-10-01 21:36:26 SL_E_s0 =====
[SL_E_s0] device=mps params=465414 train=17084 val=2146 test=2158 pos_weight=[1.2489999532699585, 2.9010000228881836, 3.0810000896453857, 3.372999906539917, 7.061999797821045] git=e21b6eb7eb500ade12b076bf3be4773f5023552d code=d1fdecd76cfe
[SL_E_s0] ep  1 loss 1.0050 val_auroc 0.7936 lr 2.00e-04 14s
[SL_E_s0] ep  2 loss 0.9233 val_auroc 0.8075 lr 4.00e-04 28s
[SL_E_s0] ep  3 loss 0.8886 val_auroc 0.8110 lr 5.00e-04 39s
[SL_E_s0] ep  4 loss 0.8757 val_auroc 0.8185 lr 4.99e-04 52s
[SL_E_s0] ep  5 loss 0.8620 val_auroc 0.8224 lr 4.97e-04 64s
[SL_E_s0] ep  6 loss 0.8620 val_auroc 0.8262 lr 4.93e-04 77s
[SL_E_s0] ep  7 loss 0.8561 val_auroc 0.8265 lr 4.89e-04 90s
[SL_E_s0] ep  8 loss 0.8540 val_auroc 0.8250 lr 4.84e-04 103s
[SL_E_s0] ep  9 loss 0.8506 val_auroc 0.8290 lr 4.77e-04 115s
[SL_E_s0] ep 10 loss 0.8504 val_auroc 0.8281 lr 4.70e-04 128s
[SL_E_s0] ep 11 loss 0.8413 val_auroc 0.8317 lr 4.62e-04 141s
[SL_E_s0] ep 12 loss 0.8458 val_auroc 0.8298 lr 4.52e-04 154s
[SL_E_s0] ep 13 loss 0.8488 val_auroc 0.8308 lr 4.42e-04 167s
[SL_E_s0] ep 14 loss 0.8426 val_auroc 0.8307 lr 4.31e-04 180s
[SL_E_s0] ep 15 loss 0.8422 val_auroc 0.8304 lr 4.19e-04 193s
[SL_E_s0] ep 16 loss 0.8424 val_auroc 0.8334 lr 4.07e-04 206s
[SL_E_s0] ep 17 loss 0.8420 val_auroc 0.8294 lr 3.94e-04 218s
[SL_E_s0] ep 18 loss 0.8415 val_auroc 0.8328 lr 3.80e-04 231s
[SL_E_s0] ep 19 loss 0.8454 val_auroc 0.8221 lr 3.65e-04 245s
[SL_E_s0] ep 20 loss 0.8365 val_auroc 0.8321 lr 3.50e-04 258s
[SL_E_s0] ep 21 loss 0.8408 val_auroc 0.8308 lr 3.35e-04 270s
[SL_E_s0] ep 22 loss 0.8406 val_auroc 0.8348 lr 3.19e-04 283s
[SL_E_s0] ep 23 loss 0.8387 val_auroc 0.8314 lr 3.03e-04 296s
[SL_E_s0] ep 24 loss 0.8331 val_auroc 0.8342 lr 2.87e-04 309s
[SL_E_s0] ep 25 loss 0.8337 val_auroc 0.8353 lr 2.71e-04 321s
[SL_E_s0] ep 26 loss 0.8276 val_auroc 0.8345 lr 2.54e-04 334s
[SL_E_s0] ep 27 loss 0.8273 val_auroc 0.8372 lr 2.38e-04 347s
[SL_E_s0] ep 28 loss 0.8236 val_auroc 0.8385 lr 2.21e-04 360s
[SL_E_s0] ep 29 loss 0.8266 val_auroc 0.8359 lr 2.05e-04 373s
[SL_E_s0] ep 30 loss 0.8319 val_auroc 0.8371 lr 1.89e-04 386s
[SL_E_s0] ep 31 loss 0.8282 val_auroc 0.8362 lr 1.73e-04 399s
[SL_E_s0] ep 32 loss 0.8262 val_auroc 0.8360 lr 1.57e-04 411s
[SL_E_s0] ep 33 loss 0.8251 val_auroc 0.8389 lr 1.42e-04 424s
[SL_E_s0] ep 34 loss 0.8256 val_auroc 0.8372 lr 1.27e-04 437s
[SL_E_s0] ep 35 loss 0.8252 val_auroc 0.8407 lr 1.13e-04 450s
[SL_E_s0] ep 36 loss 0.8231 val_auroc 0.8394 lr 9.97e-05 463s
[SL_E_s0] ep 37 loss 0.8169 val_auroc 0.8398 lr 8.69e-05 475s
[SL_E_s0] ep 38 loss 0.8195 val_auroc 0.8396 lr 7.47e-05 488s
[SL_E_s0] ep 39 loss 0.8195 val_auroc 0.8397 lr 6.33e-05 501s
[SL_E_s0] ep 40 loss 0.8203 val_auroc 0.8396 lr 5.27e-05 514s
[SL_E_s0] ep 41 loss 0.8146 val_auroc 0.8404 lr 4.30e-05 527s
[SL_E_s0] ep 42 loss 0.8150 val_auroc 0.8410 lr 3.42e-05 540s
[SL_E_s0] ep 43 loss 0.8100 val_auroc 0.8389 lr 2.63e-05 553s
[SL_E_s0] ep 44 loss 0.8164 val_auroc 0.8413 lr 1.94e-05 565s
[SL_E_s0] ep 45 loss 0.8219 val_auroc 0.8399 lr 1.35e-05 578s
[SL_E_s0] ep 46 loss 0.8094 val_auroc 0.8406 lr 8.70e-06 591s
[SL_E_s0] ep 47 loss 0.8112 val_auroc 0.8403 lr 4.91e-06 604s
[SL_E_s0] ep 48 loss 0.8153 val_auroc 0.8404 lr 2.18e-06 617s
[SL_E_s0] ep 49 loss 0.8183 val_auroc 0.8405 lr 5.47e-07 630s
[SL_E_s0] ep 50 loss 0.8142 val_auroc 0.8411 lr 0.00e+00 643s
[SL_E_s0] DONE best_ep 44 val 0.8413 test nan params 465414 time 642.7s

===== 2026-10-01 21:47:16 SL_F_s0 =====
[SL_F_s0] device=mps params=465414 train=17084 val=2146 test=2158 pos_weight=[1.2489999532699585, 2.9010000228881836, 3.0810000896453857, 3.372999906539917, 7.061999797821045] git=e21b6eb7eb500ade12b076bf3be4773f5023552d code=d1fdecd76cfe
[SL_F_s0] ep  1 loss 1.0949 val_auroc 0.7872 lr 2.00e-04 20s
[SL_F_s0] ep  2 loss 0.9724 val_auroc 0.8006 lr 4.00e-04 39s
[SL_F_s0] ep  3 loss 0.9051 val_auroc 0.8111 lr 5.00e-04 59s
[SL_F_s0] ep  4 loss 0.8864 val_auroc 0.8198 lr 4.99e-04 78s
[SL_F_s0] ep  5 loss 0.8741 val_auroc 0.8202 lr 4.97e-04 101s
[SL_F_s0] ep  6 loss 0.8721 val_auroc 0.8262 lr 4.93e-04 123s
[SL_F_s0] ep  7 loss 0.8688 val_auroc 0.8257 lr 4.89e-04 144s
[SL_F_s0] ep  8 loss 0.8648 val_auroc 0.8252 lr 4.84e-04 167s
[SL_F_s0] ep  9 loss 0.8619 val_auroc 0.8259 lr 4.77e-04 188s
[SL_F_s0] ep 10 loss 0.8608 val_auroc 0.8296 lr 4.70e-04 210s
[SL_F_s0] ep 11 loss 0.8566 val_auroc 0.8272 lr 4.62e-04 233s
[SL_F_s0] ep 12 loss 0.8579 val_auroc 0.8270 lr 4.52e-04 255s
[SL_F_s0] ep 13 loss 0.8585 val_auroc 0.8287 lr 4.42e-04 277s
[SL_F_s0] ep 14 loss 0.8535 val_auroc 0.8302 lr 4.31e-04 300s
[SL_F_s0] ep 15 loss 0.8540 val_auroc 0.8310 lr 4.19e-04 320s
[SL_F_s0] ep 16 loss 0.8536 val_auroc 0.8319 lr 4.07e-04 340s
[SL_F_s0] ep 17 loss 0.8518 val_auroc 0.8279 lr 3.94e-04 359s
[SL_F_s0] ep 18 loss 0.8534 val_auroc 0.8321 lr 3.80e-04 379s
[SL_F_s0] ep 19 loss 0.8561 val_auroc 0.8198 lr 3.65e-04 399s
[SL_F_s0] ep 20 loss 0.8467 val_auroc 0.8313 lr 3.50e-04 418s
[SL_F_s0] ep 21 loss 0.8507 val_auroc 0.8299 lr 3.35e-04 438s
[SL_F_s0] ep 22 loss 0.8520 val_auroc 0.8345 lr 3.19e-04 459s
[SL_F_s0] ep 23 loss 0.8497 val_auroc 0.8314 lr 3.03e-04 478s
[SL_F_s0] ep 24 loss 0.8462 val_auroc 0.8334 lr 2.87e-04 499s
[SL_F_s0] ep 25 loss 0.8456 val_auroc 0.8348 lr 2.71e-04 518s
[SL_F_s0] ep 26 loss 0.8392 val_auroc 0.8342 lr 2.54e-04 538s
[SL_F_s0] ep 27 loss 0.8410 val_auroc 0.8342 lr 2.38e-04 558s
[SL_F_s0] ep 28 loss 0.8383 val_auroc 0.8387 lr 2.21e-04 578s
[SL_F_s0] ep 29 loss 0.8386 val_auroc 0.8369 lr 2.05e-04 598s
[SL_F_s0] ep 30 loss 0.8446 val_auroc 0.8372 lr 1.89e-04 617s
[SL_F_s0] ep 31 loss 0.8381 val_auroc 0.8348 lr 1.73e-04 636s
[SL_F_s0] ep 32 loss 0.8374 val_auroc 0.8348 lr 1.57e-04 655s
[SL_F_s0] ep 33 loss 0.8375 val_auroc 0.8378 lr 1.42e-04 673s
[SL_F_s0] ep 34 loss 0.8390 val_auroc 0.8368 lr 1.27e-04 692s
[SL_F_s0] ep 35 loss 0.8366 val_auroc 0.8396 lr 1.13e-04 712s
[SL_F_s0] ep 36 loss 0.8344 val_auroc 0.8394 lr 9.97e-05 731s
[SL_F_s0] ep 37 loss 0.8309 val_auroc 0.8381 lr 8.69e-05 749s
[SL_F_s0] ep 38 loss 0.8320 val_auroc 0.8389 lr 7.47e-05 768s
[SL_F_s0] ep 39 loss 0.8339 val_auroc 0.8387 lr 6.33e-05 787s
[SL_F_s0] ep 40 loss 0.8328 val_auroc 0.8394 lr 5.27e-05 806s
[SL_F_s0] ep 41 loss 0.8262 val_auroc 0.8404 lr 4.30e-05 825s
[SL_F_s0] ep 42 loss 0.8270 val_auroc 0.8401 lr 3.42e-05 843s
[SL_F_s0] ep 43 loss 0.8233 val_auroc 0.8385 lr 2.63e-05 860s
[SL_F_s0] ep 44 loss 0.8304 val_auroc 0.8406 lr 1.94e-05 878s
[SL_F_s0] ep 45 loss 0.8344 val_auroc 0.8400 lr 1.35e-05 897s
[SL_F_s0] ep 46 loss 0.8219 val_auroc 0.8403 lr 8.70e-06 916s
[SL_F_s0] ep 47 loss 0.8244 val_auroc 0.8402 lr 4.91e-06 935s
[SL_F_s0] ep 48 loss 0.8264 val_auroc 0.8401 lr 2.18e-06 954s
[SL_F_s0] ep 49 loss 0.8305 val_auroc 0.8402 lr 5.47e-07 972s
[SL_F_s0] ep 50 loss 0.8273 val_auroc 0.8406 lr 0.00e+00 991s
[SL_F_s0] DONE best_ep 44 val 0.8406 test nan params 465414 time 991.3s

===== 2026-10-01 22:03:55 SL_Eclean_s0 =====
[SL_Eclean_s0] device=mps params=465414 train=17084 val=2146 test=2158 pos_weight=[1.2489999532699585, 2.9010000228881836, 3.0810000896453857, 3.372999906539917, 7.061999797821045] git=e21b6eb7eb500ade12b076bf3be4773f5023552d code=d1fdecd76cfe
[SL_Eclean_s0] ep  1 loss 0.9869 val_auroc 0.7913 lr 2.00e-04 11s
[SL_Eclean_s0] ep  2 loss 0.9109 val_auroc 0.8092 lr 4.00e-04 22s
[SL_Eclean_s0] ep  3 loss 0.8796 val_auroc 0.8210 lr 5.00e-04 33s
[SL_Eclean_s0] ep  4 loss 0.8698 val_auroc 0.8195 lr 4.99e-04 44s
[SL_Eclean_s0] ep  5 loss 0.8563 val_auroc 0.8247 lr 4.97e-04 54s
[SL_Eclean_s0] ep  6 loss 0.8588 val_auroc 0.8283 lr 4.93e-04 65s
[SL_Eclean_s0] ep  7 loss 0.8525 val_auroc 0.8271 lr 4.89e-04 75s
[SL_Eclean_s0] ep  8 loss 0.8494 val_auroc 0.8282 lr 4.84e-04 86s
[SL_Eclean_s0] ep  9 loss 0.8451 val_auroc 0.8305 lr 4.77e-04 97s
[SL_Eclean_s0] ep 10 loss 0.8470 val_auroc 0.8311 lr 4.70e-04 107s
[SL_Eclean_s0] ep 11 loss 0.8382 val_auroc 0.8300 lr 4.62e-04 118s
[SL_Eclean_s0] ep 12 loss 0.8408 val_auroc 0.8274 lr 4.52e-04 128s
[SL_Eclean_s0] ep 13 loss 0.8439 val_auroc 0.8295 lr 4.42e-04 139s
[SL_Eclean_s0] ep 14 loss 0.8367 val_auroc 0.8293 lr 4.31e-04 150s
[SL_Eclean_s0] ep 15 loss 0.8375 val_auroc 0.8354 lr 4.19e-04 160s
[SL_Eclean_s0] ep 16 loss 0.8385 val_auroc 0.8352 lr 4.07e-04 171s
[SL_Eclean_s0] ep 17 loss 0.8370 val_auroc 0.8318 lr 3.94e-04 181s
[SL_Eclean_s0] ep 18 loss 0.8380 val_auroc 0.8345 lr 3.80e-04 192s
[SL_Eclean_s0] ep 19 loss 0.8402 val_auroc 0.8247 lr 3.65e-04 202s
[SL_Eclean_s0] ep 20 loss 0.8311 val_auroc 0.8344 lr 3.50e-04 213s
[SL_Eclean_s0] ep 21 loss 0.8358 val_auroc 0.8316 lr 3.35e-04 223s
[SL_Eclean_s0] ep 22 loss 0.8353 val_auroc 0.8363 lr 3.19e-04 234s
[SL_Eclean_s0] ep 23 loss 0.8340 val_auroc 0.8315 lr 3.03e-04 244s
[SL_Eclean_s0] ep 24 loss 0.8279 val_auroc 0.8353 lr 2.87e-04 255s
[SL_Eclean_s0] ep 25 loss 0.8287 val_auroc 0.8372 lr 2.71e-04 266s
[SL_Eclean_s0] ep 26 loss 0.8204 val_auroc 0.8374 lr 2.54e-04 277s
[SL_Eclean_s0] ep 27 loss 0.8220 val_auroc 0.8372 lr 2.38e-04 287s
[SL_Eclean_s0] ep 28 loss 0.8190 val_auroc 0.8396 lr 2.21e-04 298s
[SL_Eclean_s0] ep 29 loss 0.8201 val_auroc 0.8378 lr 2.05e-04 309s
[SL_Eclean_s0] ep 30 loss 0.8269 val_auroc 0.8403 lr 1.89e-04 321s
[SL_Eclean_s0] ep 31 loss 0.8218 val_auroc 0.8364 lr 1.73e-04 331s
[SL_Eclean_s0] ep 32 loss 0.8197 val_auroc 0.8383 lr 1.57e-04 341s
[SL_Eclean_s0] ep 33 loss 0.8194 val_auroc 0.8419 lr 1.42e-04 353s
[SL_Eclean_s0] ep 34 loss 0.8201 val_auroc 0.8394 lr 1.27e-04 365s
[SL_Eclean_s0] ep 35 loss 0.8182 val_auroc 0.8413 lr 1.13e-04 376s
[SL_Eclean_s0] ep 36 loss 0.8169 val_auroc 0.8414 lr 9.97e-05 389s
[SL_Eclean_s0] ep 37 loss 0.8105 val_auroc 0.8416 lr 8.69e-05 400s
[SL_Eclean_s0] ep 38 loss 0.8132 val_auroc 0.8418 lr 7.47e-05 412s
[SL_Eclean_s0] ep 39 loss 0.8133 val_auroc 0.8417 lr 6.33e-05 423s
[SL_Eclean_s0] ep 40 loss 0.8144 val_auroc 0.8418 lr 5.27e-05 435s
[SL_Eclean_s0] ep 41 loss 0.8072 val_auroc 0.8425 lr 4.30e-05 446s
[SL_Eclean_s0] ep 42 loss 0.8085 val_auroc 0.8431 lr 3.42e-05 458s
[SL_Eclean_s0] ep 43 loss 0.8015 val_auroc 0.8405 lr 2.63e-05 469s
[SL_Eclean_s0] ep 44 loss 0.8109 val_auroc 0.8427 lr 1.94e-05 481s
[SL_Eclean_s0] ep 45 loss 0.8158 val_auroc 0.8421 lr 1.35e-05 492s
[SL_Eclean_s0] ep 46 loss 0.8036 val_auroc 0.8426 lr 8.70e-06 504s
[SL_Eclean_s0] ep 47 loss 0.8042 val_auroc 0.8422 lr 4.91e-06 515s
[SL_Eclean_s0] ep 48 loss 0.8057 val_auroc 0.8422 lr 2.18e-06 527s
[SL_Eclean_s0] ep 49 loss 0.8112 val_auroc 0.8421 lr 5.47e-07 539s
[SL_Eclean_s0] ep 50 loss 0.8066 val_auroc 0.8430 lr 0.00e+00 550s
[SL_Eclean_s0] DONE best_ep 42 val 0.8431 test nan params 465414 time 550.5s
QUEUE_DONE 0
